[0;32mI (195) boot: ï¿½ets Jul 29 2019 12:21:46

rst:0x1 (POWERON_RESET),boot:0x13 (SPI_FAST_FLASH_BOOT)
configsip: 0, SPIWP:0xee
clk_drv:0x00,q_drv:0x00,d_drv:0x00,cs0_drv:0x00,hd_drv:0x00,wp_drv:0x00
mode:DIO, clock div:2
load:0x3fff0030,len:7172
load:0x40078000,len:15540
load:0x40080400,len:4
ho 8 tail 4 room 4
load:0x40080404,len:3904
entry 0x40080640
[0;32mI (31) boot: ESP-IDF v5.2.1-dirty 2nd stage bootloader[0m
[0;32mI (31) boot: compile time May 24 2024 13:59:07[0m
[0;32mI (31) boot: Multicore bootloader[0m
[0;32mI (36) boot: chip revision: v3.1[0m
[0;32mI (40) boot.esp32: SPI Speed      : 40MHz[0m
[0;32mI (44) boot.esp32: SPI Mode       : DIO[0m
[0;32mI (49) boot.esp32: SPI Flash Size : 4MB[0m
[0;32mI (53) boot: Enabling RNG early entropy source...[0m
[0;32mI (59) boot: Partition Table:[0m
[0;32mI (62) boot: ## Label            Usage          Type ST Offset   Length[0m
[0;32mI (70) boot:  0 nvs              WiFi data        01 02 00009000 00006000[0m
[0;32mI (77) boot:  1 phy_init         RF data          01 01 0000f000 00001000[0m
[0;32mI (85) boot:  2 factory          factory app      00 00 00010000 00100000[0m
[0;32mI (92) boot: End of partition table[0m
[0;32mI (96) esp_image: segment 0: paddr=00010020 vaddr=3f400020 size=0b3ech ( 46060) map[0m
[0;32mI (121) esp_image: segment 1: paddr=0001b414 vaddr=3ffb0000 size=02274h (  8820) load[0m
[0;32mI (124) esp_image: segment 2: paddr=0001d690 vaddr=40080000 size=02988h ( 10632) load[0m
[0;32mI (131) esp_image: segment 3: paddr=00020020 vaddr=400d0020 size=19a58h (105048) map[0m
[0;32mI (171) esp_image: segment 4: paddr=00039a80 vaddr=40082988 size=0adb4h ( 44468) load[0m
[0;32mI (195) boot: Loaded app from partition at offset 0x10000[0m
[0;32mI (195) boot: Disabling RNG early entropy source...[0m
[0;32mI (207) cpu_start: Multicore app[0m
[0;32mI (216) cpu_start: Pro cpu start user code[0m
[0;32mI (216) cpu_start: cpu freq: 160000000 Hz[0m
[0;32mI (216) cpu_start: Application information:[0m
[0;32mI (219) cpu_start: Project name:     continuous_read[0m
[0;32mI (224) cpu_start: App version:      193a120-dirty[0m
[0;32mI (230) cpu_start: Compile time:     May 24 2024 13:58:59[0m
[0;32mI (236) cpu_start: ELF file SHA256:  2c6073c6c...[0m
[0;32mI (241) cpu_start: ESP-IDF:          v5.2.1-dirty[0m
[0;32mI (247) cpu_start: Min chip rev:     v0.0[0m
[0;32mI (251) cpu_start: Max chip rev:     v3.99 [0m
[0;32mI (256) cpu_start: Chip rev:         v3.1[0m
[0;32mI (261) heap_init: Initializing. RAM available for dynamic allocation:[0m
[0;32mI (268) heap_init: At 3FFAE6E0 len 00001920 (6 KiB): DRAM[0m
[0;32mI (274) heap_init: At 3FFB2B50 len 0002D4B0 (181 KiB): DRAM[0m
[0;32mI (280) heap_init: At 3FFE0440 len 00003AE0 (14 KiB): D/IRAM[0m
[0;32mI (287) heap_init: At 3FFE4350 len 0001BCB0 (111 KiB): D/IRAM[0m
[0;32mI (293) heap_init: At 4008D73C len 000128C4 (74 KiB): IRAM[0m
[0;32mI (301) spi_flash: detected chip: generic[0m
[0;32mI (304) spi_flash: flash io: dio[0m
[0;32mI (309) main_task: Started on CPU0[0m
[0;32mI (319) main_task: Calling app_main()[0m
[0;32mI (319) EXAMPLE: test -1[0m
[0;32mI (319) EXAMPLE: adc_pattern[0].atten is :0[0m
[0;32mI (319) EXAMPLE: adc_pattern[0].channel is :6[0m
[0;32mI (329) EXAMPLE: adc_pattern[0].unit is :0[0m
[0;32mI (329) gpio: GPIO[34]| InputEn: 0| OutputEn: 0| OpenDrain: 0| Pullup: 0| Pulldown: 0| Intr:0 [0m
[0;32mI (339) EXAMPLE: test 0[0m
[0;32mI (339) EXAMPLE: test 1[0m
[0;32mI (349) EXAMPLE: test 2[0m
[0;32mI (349) EXAMPLE: test 3[0m
[0;32mI (359) EXAMPLE: test 4[0m
[0;32mI (359) TASK: ret is 0, ret_num is 256 bytes[0m
[0;32mI (359) EXAMPLE: 03670383033903500317032702970304025102830234024002080219018801970171017701370144012301310111011400950102006900850057006200470050002300380000000900000000000000000000000000000000000000000000000000000000000000000000000000000000000000000000000000000000000000000000000000000000000000000000000000000000000000000000000000010000002600080046003700580050007600680096008401290121014401350149014701600157017601650179017801870182019201870193019202010199020801990235021902610243030402720301030402920298028302880272027802540258[0m
[0;32mI (419) EXAMPLE: test 4[0m
[0;32mI (419) TASK: ret is 0, ret_num is 256 bytes[0m

0025002500250025002500250025002500250025002500250025002500250025002500250025002500250025002500250025002500250025002500250025002500250025002500250025002500250025002500250025002500250025002500250025002500250025002500250025002500250025002500250025002500250025002500250025002500250025002500250025002500250025002500250025002500250025002500250025002500250025002500250025002500250025002500250025002500250025002500250025002500250025002500250025002500250025002500250025002500250025002500250025002500250025002500250025002500250025002500250025002500250025002500250025002500250025002500250025002500250025002500250025002500250025002500250025002500250025002500250025002500250025002500250025002500250025002500250025002500


Backtrace: 0x3532302d:0x35323030 |<-CORRUPTED




ELF file SHA256: 2c6073c6c

Rebooting...
ets Jul 29 2019 12:21:46

rst:0xc (SW_CPU_RESET),boot:0x13 (SPI_FAST_FLASH_BOOT)
configsip: 0, SPIWP:0xee
clk_drv:0x00,q_drv:0x00,d_drv:0x00,cs0_drv:0x00,hd_drv:0x00,wp_drv:0x00
mode:DIO, clock div:2
load:0x3fff0030,len:7172
load:0x40078000,len:15540
load:0x40080400,len:4
ho 8 tail 4 room 4
load:0x40080404,len:3904
entry 0x40080640
[0;32mI (31) boot: ESP-IDF v5.2.1-dirty 2nd stage bootloader[0m
[0;32mI (31) boot: compile time May 24 2024 13:59:07[0m
[0;32mI (31) boot: Multicore bootloader[0m
[0;32mI (36) boot: chip revision: v3.1[0m
[0;32mI (40) boot.esp32: SPI Speed      : 40MHz[0m
[0;32mI (44) boot.esp32: SPI Mode       : DIO[0m
[0;32mI (49) boot.esp32: SPI Flash Size : 4MB[0m
[0;32mI (53) boot: Enabling RNG early entropy source...[0m
[0;32mI (59) boot: Partition Table:[0m
[0;32mI (62) boot: ## Label            Usage          Type ST Offset   Length[0m
[0;32mI (70) boot:  0 nvs              WiFi data        01 02 00009000 00006000[0m
[0;32mI (77) boot:  1 phy_init         RF data          01 01 0000f000 00001000[0m
[0;32mI (84) boot:  2 factory          factory app      00 00 00010000 00100000[0m
[0;32mI (92) boot: End of partition table[0m
[0;32mI (96) esp_image: segment 0: paddr=00010020 vaddr=3f400020 size=0b3ech ( 46060) map[0m
[0;32mI (120) esp_image: segment 1: paddr=0001b414 vaddr=3ffb0000 size=02274h (  8820) load[0m
[0;32mI (124) esp_image: segment 2: paddr=0001d690 vaddr=40080000 size=02988h ( 10632) load[0m
[0;32mI (130) esp_image: segment 3: paddr=00020020 vaddr=400d0020 size=19a58h (105048) map[0m
[0;32mI (171) esp_image: segment 4: paddr=00039a80 vaddr=40082988 size=0adb4h ( 44468) load[0m
[0;32mI (195) boot: Loaded app from partition at offset 0x10000[0m
[0;32mI (195) boot: Disabling RNG early entropy source...[0m
[0;32mI (207) cpu_start: Multicore app[0m
[0;32mI (215) cpu_start: Pro cpu start user code[0m
[0;32mI (215) cpu_start: cpu freq: 160000000 Hz[0m
[0;32mI (215) cpu_start: Application information:[0m
[0;32mI (218) cpu_start: Project name:     continuous_read[0m
[0;32mI (224) cpu_start: App version:      193a120-dirty[0m
[0;32mI (230) cpu_start: Compile time:     May 24 2024 13:58:59[0m
[0;32mI (236) cpu_start: ELF file SHA256:  2c6073c6c...[0m
[0;32mI (241) cpu_start: ESP-IDF:          v5.2.1-dirty[0m
[0;32mI (246) cpu_start: Min chip rev:     v0.0[0m
[0;32mI (251) cpu_start: Max chip rev:     v3.99 [0m
[0;32mI (256) cpu_start: Chip rev:         v3.1[0m
[0;32mI (261) heap_init: Initializing. RAM available for dynamic allocation:[0m
[0;32mI (268) heap_init: At 3FFAE6E0 len 00001920 (6 KiB): DRAM[0m
[0;32mI (274) heap_init: At 3FFB2B50 len 0002D4B0 (181 KiB): DRAM[0m
[0;32mI (280) heap_init: At 3FFE0440 len 00003AE0 (14 KiB): D/IRAM[0m
[0;32mI (287) heap_init: At 3FFE4350 len 0001BCB0 (111 KiB): D/IRAM[0m
[0;32mI (293) heap_init: At 4008D73C len 000128C4 (74 KiB): IRAM[0m
[0;32mI (301) spi_flash: detected chip: generic[0m
[0;32mI (304) spi_flash: flash io: dio[0m
[0;32mI (309) main_task: Started on CPU0[0m
[0;32mI (319) main_task: Calling app_main()[0m
[0;32mI (319) EXAMPLE: test -1[0m
[0;32mI (319) EXAMPLE: adc_pattern[0].atten is :0[0m
[0;32mI (319) EXAMPLE: adc_pattern[0].channel is :6[0m
[0;32mI (329) EXAMPLE: adc_pattern[0].unit is :0[0m
[0;32mI (329) gpio: GPIO[34]| InputEn: 0| OutputEn: 0| OpenDrain: 0| Pullup: 0| Pulldown: 0| Intr:0 [0m
[0;32mI (339) EXAMPLE: test 0[0m
[0;32mI (339) EXAMPLE: test 1[0m
[0;32mI (349) EXAMPLE: test 2[0m
[0;32mI (349) EXAMPLE: test 3[0m
[0;32mI (359) EXAMPLE: test 4[0m
[0;32mI (359) TASK: ret is 0, ret_num is 256 bytes[0m
[0;32mI (359) EXAMPLE: 02680287024002540221023001970208016001870142014901230134010901140089009700550064002100410000000500000000000000000000000000000000000000000000000000000000000000000000000000000000000000000000000000000000000000000000000000000000000000000000000000000000000000000000000000060000001900130038002900670060008100750096008701080102012801120135013101420139014601440151014901590158016301610169016601710170020301740227021202530240027202640290028302930299028502890272027702640271024302590235023902220228021002150205020801870191[0m
[0;32mI (419) EXAMPLE: test 4[0m
[0;32mI (419) TASK: ret is 0, ret_num is 256 bytes[0m

2018201820182018201820182018201820182018201820182018201820182018201820182018201820182018201820182018201820182018201820182018201820182018201820182018201820182018201820182018201820182018201820182018201820182018201820182018201820182018201820182018201820182018201820182018201820182018201820182018201820182018201820182018201820182018201820182018201820182018201820182018201820182018201820182018201820182018201820182018201820182018201820182018201820182018201820182018201820182018201820182018201820182018201820182018201820182018201820182018201820182018201820182018201820182018201820182018201820182018201820182018201820182018201820182018201820182018201820182018201820182018201820182018201820182018201820182018ï¿½[ï¿½?


Backtrace: 0x3831302f:0x38313032 |<-CORRUPTED




ELF file SHA256: 2c6073c6c

Rebooting...
ets Jul 29 2019 12:21:46

rst:0xc (SW_CPU_RESET),boot:0x13 (SPI_FAST_FLASH_BOOT)
configsip: 0, SPIWP:0xee
clk_drv:0x00,q_drv:0x00,d_drv:0x00,cs0_drv:0x00,hd_drv:0x00,wp_drv:0x00
mode:DIO, clock div:2
load:0x3fff0030,len:7172
load:0x40078000,len:15540
load:0x40080400,len:4
ho 8 tail 4 room 4
load:0x40080404,len:3904
entry 0x40080640
[0;32mI (31) boot: ESP-IDF v5.2.1-dirty 2nd stage bootloader[0m
[0;32mI (31) boot: compile time May 24 2024 13:59:07[0m
[0;32mI (31) boot: Multicore bootloader[0m
[0;32mI (36) boot: chip revision: v3.1[0m
[0;32mI (40) boot.esp32: SPI Speed      : 40MHz[0m
[0;32mI (44) boot.esp32: SPI Mode       : DIO[0m
[0;32mI (49) boot.esp32: SPI Flash Size : 4MB[0m
[0;32mI (53) boot: Enabling RNG early entropy source...[0m
[0;32mI (59) boot: Partition Table:[0m
[0;32mI (62) boot: ## Label            Usage          Type ST Offset   Length[0m
[0;32mI (70) boot:  0 nvs              WiFi data        01 02 00009000 00006000[0m
[0;32mI (77) boot:  1 phy_init         RF data          01 01 0000f000 00001000[0m
[0;32mI (84) boot:  2 factory          factory app      00 00 00010000 00100000[0m
[0;32mI (92) boot: End of partition table[0m
[0;32mI (96) esp_image: segment 0: paddr=00010020 vaddr=3f400020 size=0b3ech ( 46060) map[0m
[0;32mI (120) esp_image: segment 1: paddr=0001b414 vaddr=3ffb0000 size=02274h (  8820) load[0m
[0;32mI (124) esp_image: segment 2: paddr=0001d690 vaddr=40080000 size=02988h ( 10632) load[0m
[0;32mI (130) esp_image: segment 3: paddr=00020020 vaddr=400d0020 size=19a58h (105048) map[0m
[0;32mI (171) esp_image: segment 4: paddr=00039a80 vaddr=40082988 size=0adb4h ( 44468) load[0m
[0;32mI (195) boot: Loaded app from partition at offset 0x10000[0m
[0;32mI (195) boot: Disabling RNG early entropy source...[0m
[0;32mI (207) cpu_start: Multicore app[0m
[0;32mI (215) cpu_start: Pro cpu start user code[0m
[0;32mI (215) cpu_start: cpu freq: 160000000 Hz[0m
[0;32mI (215) cpu_start: Application information:[0m
[0;32mI (218) cpu_start: Project name:     continuous_read[0m
[0;32mI (224) cpu_start: App version:      193a120-dirty[0m
[0;32mI (230) cpu_start: Compile time:     May 24 2024 13:58:59[0m
[0;32mI (236) cpu_start: ELF file SHA256:  2c6073c6c...[0m
[0;32mI (241) cpu_start: ESP-IDF:          v5.2.1-dirty[0m
[0;32mI (246) cpu_start: Min chip rev:     v0.0[0m
[0;32mI (251) cpu_start: Max chip rev:     v3.99 [0m
[0;32mI (256) cpu_start: Chip rev:         v3.1[0m
[0;32mI (261) heap_init: Initializing. RAM available for dynamic allocation:[0m
[0;32mI (268) heap_init: At 3FFAE6E0 len 00001920 (6 KiB): DRAM[0m
[0;32mI (274) heap_init: At 3FFB2B50 len 0002D4B0 (181 KiB): DRAM[0m
[0;32mI (280) heap_init: At 3FFE0440 len 00003AE0 (14 KiB): D/IRAM[0m
[0;32mI (287) heap_init: At 3FFE4350 len 0001BCB0 (111 KiB): D/IRAM[0m
[0;32mI (293) heap_init: At 4008D73C len 000128C4 (74 KiB): IRAM[0m
[0;32mI (301) spi_flash: detected chip: generic[0m
[0;32mI (304) spi_flash: flash io: dio[0m
[0;32mI (309) main_task: Started on CPU0[0m
[0;32mI (319) main_task: Calling app_main()[0m
[0;32mI (319) EXAMPLE: test -1[0m
[0;32mI (319) EXAMPLE: adc_pattern[0].atten is :0[0m
[0;32mI (319) EXAMPLE: adc_pattern[0].channel is :6[0m
[0;32mI (329) EXAMPLE: adc_pattern[0].unit is :0[0m
[0;32mI (329) gpio: GPIO[34]| InputEn: 0| OutputEn: 0| OpenDrain: 0| Pullup: 0| Pulldown: 0| Intr:0 [0m
[0;32mI (339) EXAMPLE: test 0[0m
[0;32mI (339) EXAMPLE: test 1[0m
[0;32mI (349) EXAMPLE: test 2[0m
[0;32mI (349) EXAMPLE: test 3[0m
[0;32mI (359) EXAMPLE: test 4[0m
[0;32mI (359) TASK: ret is 0, ret_num is 256 bytes[0m
[0;32mI (359) EXAMPLE: 01670181014401550124013401060113004700960010002900000000000000000000000000000000000000000000000000000000000000000000000000000000000000000000000000000000000000000000000000000000000000000000000000000000000000000000000000060000001800150035002700530042008200590103009401190112013101260142013701590156016301590170016901760176018101760185018501880185019001910212020102640251028102720286029002750279025602720249025302400244022702370220022402040208019501990185019101770181016501760155016201470151013701440129013701130118[0m
[0;32mI (419) EXAMPLE: test 4[0m
[0;32mI (419) TASK: ret is 0, ret_num is 256 bytes[0m

20112011201120112011201120112011201120112011201120112011201120112011201120112011201120112011201120112011201120112011201120112011201120112011201120112011201120112011201120112011201120112011201120112011201120112011201120112011201120112011201120112011201120112011201120112011201120112011201120112011201120112011201120112011201120112011201120112011201120112011201120112011201120112011201120112011201120112011201120112011201120112011201120112011201120112011201120112011201120112011201120112011201120112011201120112011201120112011201120112011201120112011201120112011201120112011201120112011201120112011201120112011201120112011201120112011201120112011201120112011201120112011201120112011201120112011201120ï¿½?ï¿½[ï¿½?


Backtrace: 0x3131302f:0x31313032 |<-CORRUPTED




ELF file SHA256: 2c6073c6c

Rebooting...
ets Jul 29 2019 12:21:46

rst:0xc (SW_CPU_RESET),boot:0x13 (SPI_FAST_FLASH_BOOT)
configsip: 0, SPIWP:0xee
clk_drv:0x00,q_drv:0x00,d_drv:0x00,cs0_drv:0x00,hd_drv:0x00,wp_drv:0x00
mode:DIO, clock div:2
load:0x3fff0030,len:7172
load:0x40078000,len:15540
load:0x40080400,len:4
ho 8 tail 4 room 4
load:0x40080404,len:3904
entry 0x40080640
[0;32mI (31) boot: ESP-IDF v5.2.1-dirty 2nd stage bootloader[0m
[0;32mI (31) boot: compile time May 24 2024 13:59:07[0m
[0;32mI (31) boot: Multicore bootloader[0m
[0;32mI (36) boot: chip revision: v3.1[0m
[0;32mI (40) boot.esp32: SPI Speed      : 40MHz[0m
[0;32mI (44) boot.esp32: SPI Mode       : DIO[0m
[0;32mI (49) boot.esp32: SPI Flash Size : 4MB[0m
[0;32mI (53) boot: Enabling RNG early entropy source...[0m
[0;32mI (59) boot: Partition Table:[0m
[0;32mI (62) boot: ## Label            Usage          Type ST Offset   Length[0m
[0;32mI (70) boot:  0 nvs              WiFi data        01 02 00009000 00006000[0m
[0;32mI (77) boot:  1 phy_init         RF data          01 01 0000f000 00001000[0m
[0;32mI (84) boot:  2 factory          factory app      00 00 00010000 00100000[0m
[0;32mI (92) boot: End of partition table[0m
[0;32mI (96) esp_image: segment 0: paddr=00010020 vaddr=3f400020 size=0b3ech ( 46060) map[0m
[0;32mI (120) esp_image: segment 1: paddr=0001b414 vaddr=3ffb0000 size=02274h (  8820) load[0m
[0;32mI (124) esp_image: segment 2: paddr=0001d690 vaddr=40080000 size=02988h ( 10632) load[0m
[0;32mI (130) esp_image: segment 3: paddr=00020020 vaddr=400d0020 size=19a58h (105048) map[0m
[0;32mI (171) esp_image: segment 4: paddr=00039a80 vaddr=40082988 size=0adb4h ( 44468) load[0m
[0;32mI (195) boot: Loaded app from partition at offset 0x10000[0m
[0;32mI (195) boot: Disabling RNG early entropy source...[0m
[0;32mI (207) cpu_start: Multicore app[0m
[0;32mI (215) cpu_start: Pro cpu start user code[0m
[0;32mI (215) cpu_start: cpu freq: 160000000 Hz[0m
[0;32mI (215) cpu_start: Application information:[0m
[0;32mI (218) cpu_start: Project name:     continuous_read[0m
[0;32mI (224) cpu_start: App version:      193a120-dirty[0m
[0;32mI (230) cpu_start: Compile time:     May 24 2024 13:58:59[0m
[0;32mI (236) cpu_start: ELF file SHA256:  2c6073c6c...[0m
[0;32mI (241) cpu_start: ESP-IDF:          v5.2.1-dirty[0m
[0;32mI (246) cpu_start: Min chip rev:     v0.0[0m
[0;32mI (251) cpu_start: Max chip rev:     v3.99 [0m
[0;32mI (256) cpu_start: Chip rev:         v3.1[0m
[0;32mI (261) heap_init: Initializing. RAM available for dynamic allocation:[0m
[0;32mI (268) heap_init: At 3FFAE6E0 len 00001920 (6 KiB): DRAM[0m
[0;32mI (274) heap_init: At 3FFB2B50 len 0002D4B0 (181 KiB): DRAM[0m
[0;32mI (280) heap_init: At 3FFE0440 len 00003AE0 (14 KiB): D/IRAM[0m
[0;32mI (287) heap_init: At 3FFE4350 len 0001BCB0 (111 KiB): D/IRAM[0m
[0;32mI (293) heap_init: At 4008D73C len 000128C4 (74 KiB): IRAM[0m
[0;32mI (301) spi_flash: detected chip: generic[0m
[0;32mI (304) spi_flash: flash io: dio[0m
[0;32mI (309) main_task: Started on CPU0[0m
[0;32mI (319) main_task: Calling app_main()[0m
[0;32mI (319) EXAMPLE: test -1[0m
[0;32mI (319) EXAMPLE: adc_pattern[0].atten is :0[0m
[0;32mI (319) EXAMPLE: adc_pattern[0].channel is :6[0m
[0;32mI (329) EXAMPLE: adc_pattern[0].unit is :0[0m
[0;32mI (329) gpio: GPIO[34]| InputEn: 0| OutputEn: 0| OpenDrain: 0| Pullup: 0| Pulldown: 0| Intr:0 [0m
[0;32mI (339) EXAMPLE: test 0[0m
[0;32mI (339) EXAMPLE: test 1[0m
[0;32mI (349) EXAMPLE: test 2[0m
[0;32mI (349) EXAMPLE: test 3[0m
[0;32mI (359) EXAMPLE: test 4[0m
[0;32mI (359) TASK: ret is 0, ret_num is 256 bytes[0m
[0;32mI (359) EXAMPLE: 00140036000000000000000000000000000000000000000000000000000000000000000000000000000000000000000000000000000000000000000000000000000000000000000000000000000000000000000000000000001700000034002600490043006500600081007101180111013301280144013801510147016701580175017401760176018201790183018601900190018901900213020302400229028202560279028002720274026302690256025902330237022302270214021902070208018902040182018601760180016701720161016401440150013701420128013201210125010701170099010200940095008600900081008200720074[0m
[0;32mI (419) EXAMPLE: test 4[0m
[0;32mI (419) TASK: ret is 0, ret_num is 256 bytes[0m

500650065006500650065006500650065006500650065006500650065006500650065006500650065006500650065006500650065006500650065006500650065006500650065006500650065006500650065006500650065006500650065006500650065006500650065006500650065006500650065006500650065006500650065006500650065006500650065006500650065006500650065006500650065006500650065006500650065006500650065006500650065006500650065006500650065006500650065006500650065006500650065006500650065006500650065006500650065006500650065006500650065006500650065006500650065006500650065006500650065006500650065006500650065006500650065006500650065006500650065006500650065006500650065006500650065006500650065006500650065006500650065006500650065006500650065006500650065006500650065006500650065006500650065


Backtrace: 0x36303032:0x36303035 |<-CORRUPTED




ELF file SHA256: 2c6073c6c

Rebooting...
ets Jul 29 2019 12:21:46

rst:0xc (SW_CPU_RESET),boot:0x13 (SPI_FAST_FLASH_BOOT)
configsip: 0, SPIWP:0xee
clk_drv:0x00,q_drv:0x00,d_drv:0x00,cs0_drv:0x00,hd_drv:0x00,wp_drv:0x00
mode:DIO, clock div:2
load:0x3fff0030,len:7172
load:0x40078000,len:15540
load:0x40080400,len:4
ho 8 tail 4 room 4
load:0x40080404,len:3904
entry 0x40080640
[0;32mI (31) boot: ESP-IDF v5.2.1-dirty 2nd stage bootloader[0m
[0;32mI (31) boot: compile time May 24 2024 13:59:07[0m
[0;32mI (31) boot: Multicore bootloader[0m
[0;32mI (36) boot: chip revision: v3.1[0m
[0;32mI (40) boot.esp32: SPI Speed      : 40MHz[0m
[0;32mI (44) boot.esp32: SPI Mode       : DIO[0m
[0;32mI (49) boot.esp32: SPI Flash Size : 4MB[0m
[0;32mI (53) boot: Enabling RNG early entropy source...[0m
[0;32mI (59) boot: Partition Table:[0m
[0;32mI (62) boot: ## Label            Usage          Type ST Offset   Length[0m
[0;32mI (70) boot:  0 nvs              WiFi data        01 02 00009000 00006000[0m
[0;32mI (77) boot:  1 phy_init         RF data          01 01 0000f000 00001000[0m
[0;32mI (84) boot:  2 factory          factory app      00 00 00010000 00100000[0m
[0;32mI (92) boot: End of partition table[0m
[0;32mI (96) esp_image: segment 0: paddr=00010020 vaddr=3f400020 size=0b3ech ( 46060) map[0m
[0;32mI (120) esp_image: segment 1: paddr=0001b414 vaddr=3ffb0000 size=02274h (  8820) load[0m
[0;32mI (124) esp_image: segment 2: paddr=0001d690 vaddr=40080000 size=02988h ( 10632) load[0m
[0;32mI (130) esp_image: segment 3: paddr=00020020 vaddr=400d0020 size=19a58h (105048) map[0m
[0;32mI (171) esp_image: segment 4: paddr=00039a80 vaddr=40082988 size=0adb4h ( 44468) load[0m
[0;32mI (195) boot: Loaded app from partition at offset 0x10000[0m
[0;32mI (195) boot: Disabling RNG early entropy source...[0m
[0;32mI (207) cpu_start: Multicore app[0m
[0;32mI (215) cpu_start: Pro cpu start user code[0m
[0;32mI (215) cpu_start: cpu freq: 160000000 Hz[0m
[0;32mI (215) cpu_start: Application information:[0m
[0;32mI (218) cpu_start: Project name:     continuous_read[0m
[0;32mI (224) cpu_start: App version:      193a120-dirty[0m
[0;32mI (230) cpu_start: Compile time:     May 24 2024 13:58:59[0m
[0;32mI (236) cpu_start: ELF file SHA256:  2c6073c6c...[0m
[0;32mI (241) cpu_start: ESP-IDF:          v5.2.1-dirty[0m
[0;32mI (246) cpu_start: Min chip rev:     v0.0[0m
[0;32mI (251) cpu_start: Max chip rev:     v3.99 [0m
[0;32mI (256) cpu_start: Chip rev:         v3.1[0m
[0;32mI (261) heap_init: Initializing. RAM available for dynamic allocation:[0m
[0;32mI (268) heap_init: At 3FFAE6E0 len 00001920 (6 KiB): DRAM[0m
[0;32mI (274) heap_init: At 3FFB2B50 len 0002D4B0 (181 KiB): DRAM[0m
[0;32mI (280) heap_init: At 3FFE0440 len 00003AE0 (14 KiB): D/IRAM[0m
[0;32mI (287) heap_init: At 3FFE4350 len 0001BCB0 (111 KiB): D/IRAM[0m
[0;32mI (293) heap_init: At 4008D73C len 000128C4 (74 KiB): IRAM[0m
[0;32mI (301) spi_flash: detected chip: generic[0m
[0;32mI (304) spi_flash: flash io: dio[0m
[0;32mI (309) main_task: Started on CPU0[0m
[0;32mI (319) main_task: Calling app_main()[0m
[0;32mI (319) EXAMPLE: test -1[0m
[0;32mI (319) EXAMPLE: adc_pattern[0].atten is :0[0m
[0;32mI (319) EXAMPLE: adc_pattern[0].channel is :6[0m
[0;32mI (329) EXAMPLE: adc_pattern[0].unit is :0[0m
[0;32mI (329) gpio: GPIO[34]| InputEn: 0| OutputEn: 0| OpenDrain: 0| Pullup: 0| Pulldown: 0| Intr:0 [0m
[0;32mI (339) EXAMPLE: test 0[0m
[0;32mI (339) EXAMPLE: test 1[0m
[0;32mI (349) EXAMPLE: test 2[0m
[0;32mI (349) EXAMPLE: test 3[0m
[0;32mI (359) EXAMPLE: test 4[0m
[0;32mI (359) TASK: ret is 0, ret_num is 256 bytes[0m
[0;32mI (359) EXAMPLE: 00000000000000000000000000000000001300000027002100480041006400540081007701130107012801220140013301440142015701470162016101690166017501710176017601800178019901860225020902500238028502580283028502730278026802700256026102360240022602330217022202080214019302070183019101760179017001760164016601460150014101420130013401270128011101200103010700960099008800910081008600710075006400660060006400480054004100480033003300270030002300250017002000140016001000110002000600000003000000000000000000000000000000000000000000000000[0m
[0;32mI (419) EXAMPLE: test 4[0m
[0;32mI (419) TASK: ret is 0, ret_num is 256 bytes[0m

0fï¿½0fï¿½0fï¿½0fï¿½0fï¿½0fï¿½0fï¿½0fï¿½0fï¿½0fï¿½0fï¿½0fï¿½0fï¿½0fï¿½0fï¿½0fï¿½0fï¿½0fï¿½0fï¿½0fï¿½0fï¿½0fï¿½0fï¿½0fï¿½0fï¿½0fï¿½0fï¿½0fï¿½0fï¿½0fï¿½0fï¿½0fï¿½0fï¿½0fï¿½0fï¿½0fï¿½0fï¿½0fï¿½0fï¿½0fï¿½0fï¿½0fï¿½0fï¿½0fï¿½0fï¿½0fï¿½0fï¿½0fï¿½0fï¿½0fï¿½0fï¿½0fï¿½0fï¿½0fï¿½0fï¿½0fï¿½0fï¿½0fï¿½0fï¿½0fï¿½0fï¿½0fï¿½0fï¿½0fï¿½0fï¿½0fï¿½0fï¿½0fï¿½0fï¿½0fï¿½0fï¿½0fï¿½0fï¿½0fï¿½0fï¿½0fï¿½0fï¿½0fï¿½0fï¿½0fï¿½0fï¿½0fï¿½0fï¿½0fï¿½0fï¿½0fï¿½0fï¿½0fï¿½0fï¿½0fï¿½0fï¿½0fï¿½0fï¿½0fï¿½0fï¿½0fï¿½0fï¿½0fï¿½0fï¿½0fï¿½0fï¿½0fï¿½0fï¿½0fï¿½0fï¿½0fï¿½0fï¿½0fï¿½0fï¿½0fï¿½0fï¿½0fï¿½0fï¿½0fï¿½0fï¿½0fï¿½0fï¿½0fï¿½0fï¿½0fï¿½0fï¿½0fï¿½0fï¿½0fï¿½0fï¿½0fï¿½0fï¿½0fï¿½0fï¿½0fï¿½0fï¿½0fï¿½0fï¿½0fï¿½0fï¿½0fï¿½0fï¿½0fï¿½0fï¿½0fï¿½0fï¿½0fï¿½0fï¿½0fï¿½0fï¿½0fï¿½0fï¿½0fï¿½0fï¿½0fï¿½0fï¿½0fï¿½0fï¿½0fï¿½0fï¿½0fï¿½0fï¿½0fï¿½0fï¿½0fï¿½0fï¿½0fï¿½0fï¿½0fï¿½0fï¿½0fï¿½0fï¿½0fï¿½0fï¿½0fï¿½0fï¿½0fï¿½0fï¿½0fï¿½0fï¿½0fï¿½0fï¿½0fï¿½0fï¿½0fï¿½0fï¿½0fï¿½0fï¿½0fï¿½0fï¿½0fï¿½0fï¿½0fï¿½0fï¿½0fï¿½0fï¿½0fï¿½0fï¿½0fï¿½0fï¿½0fï¿½0fï¿½0fï¿½0fï¿½0fï¿½0fï¿½0fï¿½0fï¿½0fï¿½0fï¿½0fï¿½0fï¿½0fï¿½0fï¿½0fï¿½0fï¿½0fï¿½0fï¿½0fï¿½0fï¿½0fï¿½0fï¿½0fï¿½0fï¿½0fï¿½0fï¿½0fï¿½0fï¿½0fï¿½0fï¿½0


Backtrace: 0x400816de:0x80086630 |<-CORRUPTED




ELF file SHA256: 2c6073c6c

Rebooting...
ets Jul 29 2019 12:21:46

rst:0xc (SW_CPU_RESET),boot:0x13 (SPI_FAST_FLASH_BOOT)
configsip: 0, SPIWP:0xee
clk_drv:0x00,q_drv:0x00,d_drv:0x00,cs0_drv:0x00,hd_drv:0x00,wp_drv:0x00
mode:DIO, clock div:2
load:0x3fff0030,len:7172
load:0x40078000,len:15540
load:0x40080400,len:4
ho 8 tail 4 room 4
load:0x40080404,len:3904
entry 0x40080640
[0;32mI (31) boot: ESP-IDF v5.2.1-dirty 2nd stage bootloader[0m
[0;32mI (31) boot: compile time May 24 2024 13:59:07[0m
[0;32mI (31) boot: Multicore bootloader[0m
[0;32mI (36) boot: chip revision: v3.1[0m
[0;32mI (40) boot.esp32: SPI Speed      : 40MHz[0m
[0;32mI (44) boot.esp32: SPI Mode       : DIO[0m
[0;32mI (49) boot.esp32: SPI Flash Size : 4MB[0m
[0;32mI (53) boot: Enabling RNG early entropy source...[0m
[0;32mI (59) boot: Partition Table:[0m
[0;32mI (62) boot: ## Label            Usage          Type ST Offset   Length[0m
[0;32mI (70) boot:  0 nvs              WiFi data        01 02 00009000 00006000[0m
[0;32mI (77) boot:  1 phy_init         RF data          01 01 0000f000 00001000[0m
[0;32mI (84) boot:  2 factory          factory app      00 00 00010000 00100000[0m
[0;32mI (92) boot: End of partition table[0m
[0;32mI (96) esp_image: segment 0: paddr=00010020 vaddr=3f400020 size=0b3ech ( 46060) map[0m
[0;32mI (120) esp_image: segment 1: paddr=0001b414 vaddr=3ffb0000 size=02274h (  8820) load[0m
[0;32mI (124) esp_image: segment 2: paddr=0001d690 vaddr=40080000 size=02988h ( 10632) load[0m
[0;32mI (130) esp_image: segment 3: paddr=00020020 vaddr=400d0020 size=19a58h (105048) map[0m
[0;32mI (171) esp_image: segment 4: paddr=00039a80 vaddr=40082988 size=0adb4h ( 44468) load[0m
[0;32mI (195) boot: Loaded app from partition at offset 0x10000[0m
[0;32mI (195) boot: Disabling RNG early entropy source...[0m
[0;32mI (207) cpu_start: Multicore app[0m
