u start user code[0m
[0;3ï¿½ets Jul 29 2019 12:21:46

rst:0x1 (POWERON_RESET),boot:0x13 (SPI_FAST_FLASH_BOOT)
configsip: 0, SPIWP:0xee
clk_drv:0x00,q_drv:0x00,d_drv:0x00,cs0_drv:0x00,hd_drv:0x00,wp_drv:0x00
mode:DIO, clock div:2
load:0x3fff0030,len:7172
load:0x40078000,len:15540
load:0x40080400,len:4
ho 8 tail 4 room 4
load:0x40080404,len:3904
entry 0x40080640
[0;32mI (31) boot: ESP-IDF v5.2.1-dirty 2nd stage bootloader[0m
[0;32mI (31) boot: compile time May 23 2024 17:03:02[0m
[0;32mI (31) boot: Multicore bootloader[0m
[0;32mI (36) boot: chip revision: v3.1[0m
[0;32mI (40) boot.esp32: SPI Speed      : 40MHz[0m
[0;32mI (44) boot.esp32: SPI Mode       : DIO[0m
[0;32mI (49) boot.esp32: SPI Flash Size : 2MB[0m
[0;32mI (53) boot: Enabling RNG early entropy source...[0m
[0;32mI (59) boot: Partition Table:[0m
[0;32mI (62) boot: ## Label            Usage          Type ST Offset   Length[0m
[0;32mI (70) boot:  0 nvs              WiFi data        01 02 00009000 00006000[0m
[0;32mI (77) boot:  1 phy_init         RF data          01 01 0000f000 00001000[0m
[0;32mI (85) boot:  2 factory          factory app      00 00 00010000 00100000[0m
[0;32mI (92) boot: End of partition table[0m
[0;32mI (96) esp_image: segment 0: paddr=00010020 vaddr=3f400020 size=0b3ech ( 46060) map[0m
[0;32mI (121) esp_image: segment 1: paddr=0001b414 vaddr=3ffb0000 size=02274h (  8820) load[0m
[0;32mI (124) esp_image: segment 2: paddr=0001d690 vaddr=40080000 size=02988h ( 10632) load[0m
[0;32mI (131) esp_image: segment 3: paddr=00020020 vaddr=400d0020 size=19a58h (105048) map[0m
[0;32mI (171) esp_image: segment 4: paddr=00039a80 vaddr=40082988 size=0adb4h ( 44468) load[0m
[0;32mI (195) boot: Loaded app from partition at offset 0x10000[0m
[0;32mI (195) boot: Disabling RNG early entropy source...[0m
[0;32mI (207) cpu_start: Multicore app[0m
[0;32mI (215) cpu_start: Pro cpu start user code[0m
[0;32mI (216) cpu_start: cpu freq: 160000000 Hz[0m
[0;32mI (216) cpu_start: Application information:[0m
[0;32mI (219) cpu_start: Project name:     continuous_read[0m
[0;32mI (224) cpu_start: App version:      193a120-dirty[0m
[0;32mI (230) cpu_start: Compile time:     May 24 2024 10:34:02[0m
[0;32mI (236) cpu_start: ELF file SHA256:  283050a1b...[0m
[0;32mI (241) cpu_start: ESP-IDF:          v5.2.1-dirty[0m
[0;32mI (247) cpu_start: Min chip rev:     v0.0[0m
[0;32mI (251) cpu_start: Max chip rev:     v3.99 [0m
[0;32mI (256) cpu_start: Chip rev:         v3.1[0m
[0;32mI (261) heap_init: Initializing. RAM available for dynamic allocation:[0m
[0;32mI (268) heap_init: At 3FFAE6E0 len 00001920 (6 KiB): DRAM[0m
[0;32mI (274) heap_init: At 3FFB2B50 len 0002D4B0 (181 KiB): DRAM[0m
[0;32mI (280) heap_init: At 3FFE0440 len 00003AE0 (14 KiB): D/IRAM[0m
[0;32mI (287) heap_init: At 3FFE4350 len 0001BCB0 (111 KiB): D/IRAM[0m
[0;32mI (293) heap_init: At 4008D73C len 000128C4 (74 KiB): IRAM[0m
[0;32mI (301) spi_flash: detected chip: generic[0m
[0;32mI (304) spi_flash: flash io: dio[0m
[0;33mW (308) spi_flash: Detected size(4096k) larger than the size in the binary image header(2048k). Using the size in the binary image header.[0m
[0;32mI (322) main_task: Started on CPU0[0m
[0;32mI (332) main_task: Calling app_main()[0m
[0;32mI (332) EXAMPLE: test -1[0m
[0;32mI (332) EXAMPLE: adc_pattern[0].atten is :0[0m
[0;32mI (332) EXAMPLE: adc_pattern[0].channel is :6[0m
[0;32mI (342) EXAMPLE: adc_pattern[0].unit is :0[0m
[0;32mI (342) gpio: GPIO[34]| InputEn: 0| OutputEn: 0| OpenDrain: 0| Pullup: 0| Pulldown: 0| Intr:0 [0m
[0;32mI (352) EXAMPLE: test 0[0m
[0;32mI (352) EXAMPLE: test 1[0m
[0;32mI (362) EXAMPLE: test 2[0m
[0;32mI (362) EXAMPLE: test 3[0m
[0;32mI (372) EXAMPLE: test 4[0m
[0;32mI (372) TASK: ret is 0, ret_num is 256 bytes[0m
[0;32mI (372) EXAMPLE: datap: 3500[0m
[0;32mI (372) EXAMPLE: datap: 3505[0m
[0;32mI (382) EXAMPLE: datap: 3489[0m
[0;32mI (382) EXAMPLE: datap: 3490[0m
[0;32mI (382) EXAMPLE: datap: 3502[0m
[0;32mI (392) EXAMPLE: datap: 3506[0m
[0;32mI (392) EXAMPLE: datap: 3504[0m
[0;32mI (402) EXAMPLE: datap: 3491[0m
[0;32mI (402) EXAMPLE: datap: 3499[0m
[0;32mI (402) EXAMPLE: datap: 3508[0m
[0;32mI (412) EXAMPLE: datap: 3502[0m
[0;32mI (412) EXAMPLE: datap: 3502[0m
[0;32mI (412) EXAMPLE: datap: 3495[0m
[0;32mI (422) EXAMPLE: datap: 3504[0m
[0;32mI (422) EXAMPLE: datap: 3503[0m
[0;32mI (422) EXAMPLE: datap: 3497[0m
[0;32mI (432) EXAMPLE: datap: 3504[0m
[0;32mI (432) EXAMPLE: datap: 3499[0m
[0;32mI (432) EXAMPLE: datap: 3499[0m
[0;32mI (442) EXAMPLE: datap: 3504[0m
[0;32mI (442) EXAMPLE: datap: 3502[0m
[0;32mI (452) EXAMPLE: datap: 3503[0m
[0;32mI (452) EXAMPLE: datap: 3500[0m
[0;32mI (452) EXAMPLE: datap: 3490[0m
[0;32mI (462) EXAMPLE: datap: 3495[0m
[0;32mI (462) EXAMPLE: datap: 3502[0m
[0;32mI (462) EXAMPLE: datap: 3503[0m
[0;32mI (472) EXAMPLE: datap: 3488[0m
[0;32mI (472) EXAMPLE: datap: 3489[0m
[0;32mI (472) EXAMPLE: datap: 3502[0m
[0;32mI (482) EXAMPLE: datap: 3503[0m
[0;32mI (482) EXAMPLE: datap: 3499[0m
[0;32mI (482) EXAMPLE: datap: 3501[0m
[0;32mI (492) EXAMPLE: datap: 3504[0m
[0;32mI (492) EXAMPLE: datap: 3504[0m
[0;32mI (502) EXAMPLE: datap: 3500[0m
[0;32mI (502) EXAMPLE: datap: 3495[0m
[0;32mI (502) EXAMPLE: datap: 3504[0m
[0;32mI (512) EXAMPLE: datap: 3503[0m
[0;32mI (512) EXAMPLE: datap: 3499[0m
[0;32mI (512) EXAMPLE: datap: 3498[0m
[0;32mI (522) EXAMPLE: datap: 3504[0m
[0;32mI (522) EXAMPLE: datap: 3493[0m
[0;32mI (522) EXAMPLE: datap: 3499[0m
[0;32mI (532) EXAMPLE: datap: 3504[0m
[0;32mI (532) EXAMPLE: datap: 3491[0m
[0;32mI (532) EXAMPLE: datap: 3503[0m
[0;32mI (542) EXAMPLE: datap: 3501[0m
[0;32mI (542) EXAMPLE: datap: 3491[0m
[0;32mI (542) EXAMPLE: datap: 3504[0m
[0;32mI (552) EXAMPLE: datap: 3495[0m
[0;32mI (552) EXAMPLE: datap: 3504[0m
[0;32mI (562) EXAMPLE: datap: 3499[0m
[0;32mI (562) EXAMPLE: datap: 3494[0m
[0;32mI (562) EXAMPLE: datap: 3494[0m
[0;32mI (572) EXAMPLE: datap: 3501[0m
[0;32mI (572) EXAMPLE: datap: 3504[0m
[0;32mI (572) EXAMPLE: datap: 3499[0m
[0;32mI (582) EXAMPLE: datap: 3502[0m
[0;32mI (582) EXAMPLE: datap: 3501[0m
[0;32mI (582) EXAMPLE: datap: 3489[0m
[0;32mI (592) EXAMPLE: datap: 3499[0m
[0;32mI (592) EXAMPLE: datap: 3520[0m
[0;32mI (592) EXAMPLE: datap: 3500[0m
[0;32mI (602) EXAMPLE: datap: 3499[0m
[0;32mI (602) EXAMPLE: datap: 3502[0m
[0;32mI (612) EXAMPLE: datap: 3495[0m
[0;32mI (612) EXAMPLE: datap: 3493[0m
[0;32mI (612) EXAMPLE: datap: 3503[0m

***ERROR*** A stack overflow in task IDLE1 has been detected.


Backtrace: 0x400816de:0x3ffb5880 0x400866d9:0x3ffb58a0 0x4008742e:0x3ffb58c0 0x40088443:0x3ffb5940 0x40087538:0x3ffb5960 0x400874ea:0x33303533 |<-CORRUPTED




ELF file SHA256: 283050a1b

Rebooting...
ets Jul 29 2019 12:21:46

rst:0xc (SW_CPU_RESET),boot:0x13 (SPI_FAST_FLASH_BOOT)
configsip: 0, SPIWP:0xee
clk_drv:0x00,q_drv:0x00,d_drv:0x00,cs0_drv:0x00,hd_drv:0x00,wp_drv:0x00
mode:DIO, clock div:2
load:0x3fff0030,len:7172
load:0x40078000,len:15540
load:0x40080400,len:4
ho 8 tail 4 room 4
load:0x40080404,len:3904
entry 0x40080640
[0;32mI (31) boot: ESP-IDF v5.2.1-dirty 2nd stage bootloader[0m
[0;32mI (31) boot: compile time May 23 2024 17:03:02[0m
[0;32mI (31) boot: Multicore bootloader[0m
[0;32mI (36) boot: chip revision: v3.1[0m
[0;32mI (40) boot.esp32: SPI Speed      : 40MHz[0m
[0;32mI (44) boot.esp32: SPI Mode       : DIO[0m
[0;32mI (49) boot.esp32: SPI Flash Size : 2MB[0m
[0;32mI (53) boot: Enabling RNG early entropy source...[0m
[0;32mI (59) boot: Partition Table:[0m
[0;32mI (62) boot: ## Label            Usage          Type ST Offset   Length[0m
[0;32mI (70) boot:  0 nvs              WiFi data        01 02 00009000 00006000[0m
[0;32mI (77) boot:  1 phy_init         RF data          01 01 0000f000 00001000[0m
[0;32mI (84) boot:  2 factory          factory app      00 00 00010000 00100000[0m
[0;32mI (92) boot: End of partition table[0m
[0;32mI (96) esp_image: segment 0: paddr=00010020 vaddr=3f400020 size=0b3ech ( 46060) map[0m
[0;32mI (120) esp_image: segment 1: paddr=0001b414 vaddr=3ffb0000 size=02274h (  8820) load[0m
[0;32mI (124) esp_image: segment 2: paddr=0001d690 vaddr=40080000 size=02988h ( 10632) load[0m
[0;32mI (130) esp_image: segment 3: paddr=00020020 vaddr=400d0020 size=19a58h (105048) map[0m
[0;32mI (171) esp_image: segment 4: paddr=00039a80 vaddr=40082988 size=0adb4h ( 44468) load[0m
[0;32mI (195) boot: Loaded app from partition at offset 0x10000[0m
[0;32mI (195) boot: Disabling RNG early entropy source...[0m
[0;32mI (207) cpu_start: Multicore app[0m
[0;32mI (215) cpu_start: Pro cpu start user code[0m
[0;32mI (215) cpu_start: cpu freq: 160000000 Hz[0m
[0;32mI (215) cpu_start: Application information:[0m
[0;32mI (218) cpu_start: Project name:     continuous_read[0m
[0;32mI (224) cpu_start: App version:      193a120-dirty[0m
[0;32mI (230) cpu_start: Compile time:     May 24 2024 10:34:02[0m
[0;32mI (236) cpu_start: ELF file SHA256:  283050a1b...[0m
[0;32mI (241) cpu_start: ESP-IDF:          v5.2.1-dirty[0m
[0;32mI (246) cpu_start: Min chip rev:     v0.0[0m
[0;32mI (251) cpu_start: Max chip rev:     v3.99 [0m
[0;32mI (256) cpu_start: Chip rev:         v3.1[0m
[0;32mI (261) heap_init: Initializing. RAM available for dynamic allocation:[0m
[0;32mI (268) heap_init: At 3FFAE6E0 len 00001920 (6 KiB): DRAM[0m
[0;32mI (274) heap_init: At 3FFB2B50 len 0002D4B0 (181 KiB): DRAM[0m
[0;32mI (280) heap_init: At 3FFE0440 len 00003AE0 (14 KiB): D/IRAM[0m
[0;32mI (286) heap_init: At 3FFE4350 len 0001BCB0 (111 KiB): D/IRAM[0m
[0;32mI (293) heap_init: At 4008D73C len 000128C4 (74 KiB): IRAM[0m
[0;32mI (301) spi_flash: detected chip: generic[0m
[0;32mI (304) spi_flash: flash io: dio[0m
[0;33mW (308) spi_flash: Detected size(4096k) larger than the size in the binary image header(2048k). Using the size in the binary image header.[0m
[0;32mI (322) main_task: Started on CPU0[0m
[0;32mI (332) main_task: Calling app_main()[0m
[0;32mI (332) EXAMPLE: test -1[0m
[0;32mI (332) EXAMPLE: adc_pattern[0].atten is :0[0m
[0;32mI (332) EXAMPLE: adc_pattern[0].channel is :6[0m
[0;32mI (342) EXAMPLE: adc_pattern[0].unit is :0[0m
[0;32mI (342) gpio: GPIO[34]| InputEn: 0| OutputEn: 0| OpenDrain: 0| Pullup: 0| Pulldown: 0| Intr:0 [0m
[0;32mI (352) EXAMPLE: test 0[0m
[0;32mI (352) EXAMPLE: test 1[0m
[0;32mI (362) EXAMPLE: test 2[0m
[0;32mI (362) EXAMPLE: test 3[0m
[0;32mI (372) EXAMPLE: test 4[0m
[0;32mI (372) TASK: ret is 0, ret_num is 256 bytes[0m
[0;32mI (372) EXAMPLE: datap: 3500[0m
[0;32mI (372) EXAMPLE: datap: 3499[0m
[0;32mI (382) EXAMPLE: datap: 3488[0m
[0;32mI (382) EXAMPLE: datap: 3499[0m
[0;32mI (382) EXAMPLE: datap: 3497[0m
[0;32mI (392) EXAMPLE: datap: 3498[0m
[0;32mI (392) EXAMPLE: datap: 3500[0m
[0;32mI (402) EXAMPLE: datap: 3497[0m
[0;32mI (402) EXAMPLE: datap: 3497[0m
[0;32mI (402) EXAMPLE: datap: 3499[0m
[0;32mI (412) EXAMPLE: datap: 3492[0m
[0;32mI (412) EXAMPLE: datap: 3494[0m
[0;32mI (412) EXAMPLE: datap: 3497[0m
[0;32mI (422) EXAMPLE: datap: 3504[0m
[0;32mI (422) EXAMPLE: datap: 3497[0m
[0;32mI (422) EXAMPLE: datap: 3494[0m
[0;32mI (432) EXAMPLE: datap: 3501[0m
[0;32mI (432) EXAMPLE: datap: 3501[0m
[0;32mI (432) EXAMPLE: datap: 3501[0m
[0;32mI (442) EXAMPLE: datap: 3498[0m
[0;32mI (442) EXAMPLE: datap: 3504[0m
[0;32mI (452) EXAMPLE: datap: 3492[0m
[0;32mI (452) EXAMPLE: datap: 3493[0m
[0;32mI (452) EXAMPLE: datap: 3499[0m
[0;32mI (462) EXAMPLE: datap: 3504[0m
[0;32mI (462) EXAMPLE: datap: 3492[0m
[0;32mI (462) EXAMPLE: datap: 3495[0m
[0;32mI (472) EXAMPLE: datap: 3379[0m
[0;32mI (472) EXAMPLE: datap: 3501[0m
[0;32mI (472) EXAMPLE: datap: 3493[0m
[0;32mI (482) EXAMPLE: datap: 3418[0m
[0;32mI (482) EXAMPLE: datap: 3501[0m
[0;32mI (482) EXAMPLE: datap: 3493[0m
[0;32mI (492) EXAMPLE: datap: 3491[0m
[0;32mI (492) EXAMPLE: datap: 3488[0m
[0;32mI (502) EXAMPLE: datap: 3503[0m
[0;32mI (502) EXAMPLE: datap: 3499[0m
[0;32mI (502) EXAMPLE: datap: 3498[0m
[0;32mI (512) EXAMPLE: datap: 3511[0m
[0;32mI (512) EXAMPLE: datap: 3487[0m
[0;32mI (512) EXAMPLE: datap: 3504[0m
[0;32mI (522) EXAMPLE: datap: 3493[0m
[0;32mI (522) EXAMPLE: datap: 3504[0m
[0;32mI (522) EXAMPLE: datap: 3495[0m
[0;32mI (532) EXAMPLE: datap: 3504[0m
[0;32mI (532) EXAMPLE: datap: 3494[0m
[0;32mI (532) EXAMPLE: datap: 3583[0m
[0;32mI (542) EXAMPLE: datap: 3504[0m
[0;32mI (542) EXAMPLE: datap: 3504[0m
[0;32mI (542) EXAMPLE: datap: 3497[0m
[0;32mI (552) EXAMPLE: datap: 3485[0m
[0;32mI (552) EXAMPLE: datap: 3493[0m
[0;32mI (562) EXAMPLE: datap: 3501[0m
[0;32mI (562) EXAMPLE: datap: 3658[0m
[0;32mI (562) EXAMPLE: datap: 3501[0m
[0;32mI (572) EXAMPLE: datap: 3490[0m
[0;32mI (572) EXAMPLE: datap: 3493[0m
[0;32mI (572) EXAMPLE: datap: 3501[0m
[0;32mI (582) EXAMPLE: datap: 3500[0m
[0;32mI (582) EXAMPLE: datap: 3501[0m
[0;32mI (582) EXAMPLE: datap: 3504[0m
[0;32mI (592) EXAMPLE: datap: 3499[0m
[0;32mI (592) EXAMPLE: datap: 3499[0m
[0;32mI (592) EXAMPLE: datap: 3523[0m
[0;32mI (602) EXAMPLE: datap: 3493[0m
[0;32mI (602) EXAMPLE: datap: 3487[0m
[0;32mI (612) EXAMPLE: datap: 3491[0m
[0;32mI (612) EXAMPLE: datap: 3499[0m
[0;32mI (612) EXAMPLE: datap: 3497[0m

***ERROR*** A stack overflow in task IDLE1 has been detected.


Backtrace: 0x400816de:0x3ffb5880 0x400866d9:0x3ffb58a0 0x4008742e:0x3ffb58c0 0x40088443:0x3ffb5940 0x40087538:0x3ffb5960 0x400874ea:0x37393433 |<-CORRUPTED




ELF file SHA256: 283050a1b

Rebooting...
ets Jul 29 2019 12:21:46

rst:0xc (SW_CPU_RESET),boot:0x13 (SPI_FAST_FLASH_BOOT)
configsip: 0, SPIWP:0xee
clk_drv:0x00,q_drv:0x00,d_drv:0x00,cs0_drv:0x00,hd_drv:0x00,wp_drv:0x00
mode:DIO, clock div:2
load:0x3fff0030,len:7172
load:0x40078000,len:15540
load:0x40080400,len:4
ho 8 tail 4 room 4
load:0x40080404,len:3904
entry 0x40080640
[0;32mI (31) boot: ESP-IDF v5.2.1-dirty 2nd stage bootloader[0m
[0;32mI (31) boot: compile time May 23 2024 17:03:02[0m
[0;32mI (31) boot: Multicore bootloader[0m
[0;32mI (36) boot: chip revision: v3.1[0m
[0;32mI (40) boot.esp32: SPI Speed      : 40MHz[0m
[0;32mI (44) boot.esp32: SPI Mode       : DIO[0m
[0;32mI (49) boot.esp32: SPI Flash Size : 2MB[0m
[0;32mI (53) boot: Enabling RNG early entropy source...[0m
[0;32mI (59) boot: Partition Table:[0m
[0;32mI (62) boot: ## Label            Usage          Type ST Offset   Length[0m
[0;32mI (70) boot:  0 nvs              WiFi data        01 02 00009000 00006000[0m
[0;32mI (77) boot:  1 phy_init         RF data          01 01 0000f000 00001000[0m
[0;32mI (84) boot:  2 factory          factory app      00 00 00010000 00100000[0m
[0;32mI (92) boot: End of partition table[0m
[0;32mI (96) esp_image: segment 0: paddr=00010020 vaddr=3f400020 size=0b3ech ( 46060) map[0m
[0;32mI (120) esp_image: segment 1: paddr=0001b414 vaddr=3ffb0000 size=02274h (  8820) load[0m
[0;32mI (124) esp_image: segment 2: paddr=0001d690 vaddr=40080000 size=02988h ( 10632) load[0m
[0;32mI (130) esp_image: segment 3: paddr=00020020 vaddr=400d0020 size=19a58h (105048) map[0m
[0;32mI (171) esp_image: segment 4: paddr=00039a80 vaddr=40082988 size=0adb4h ( 44468) load[0m
[0;32mI (195) boot: Loaded app from partition at offset 0x10000[0m
[0;32mI (195) boot: Disabling RNG early entropy source...[0m
[0;32mI (207) cpu_start: Multicore app[0m
[0;32mI (215) cpu_start: Pro cpu start user code[0m
[0;32mI (215) cpu_start: cpu freq: 160000000 Hz[0m
[0;32mI (215) cpu_start: Application information:[0m
[0;32mI (218) cpu_start: Project name:     continuous_read[0m
[0;32mI (224) cpu_start: App version:      193a120-dirty[0m
[0;32mI (230) cpu_start: Compile time:     May 24 2024 10:34:02[0m
[0;32mI (236) cpu_start: ELF file SHA256:  283050a1b...[0m
[0;32mI (241) cpu_start: ESP-IDF:          v5.2.1-dirty[0m
[0;32mI (246) cpu_start: Min chip rev:     v0.0[0m
[0;32mI (251) cpu_start: Max chip rev:     v3.99 [0m
[0;32mI (256) cpu_start: Chip rev:         v3.1[0m
[0;32mI (261) heap_init: Initializing. RAM available for dynamic allocation:[0m
[0;32mI (268) heap_init: At 3FFAE6E0 len 00001920 (6 KiB): DRAM[0m
[0;32mI (274) heap_init: At 3FFB2B50 len 0002D4B0 (181 KiB): DRAM[0m
[0;32mI (280) heap_init: At 3FFE0440 len 00003AE0 (14 KiB): D/IRAM[0m
[0;32mI (286) heap_init: At 3FFE4350 len 0001BCB0 (111 KiB): D/IRAM[0m
[0;32mI (293) heap_init: At 4008D73C len 000128C4 (74 KiB): IRAM[0m
[0;32mI (301) spi_flash: detected chip: generic[0m
[0;32mI (304) spi_flash: flash io: dio[0m
[0;33mW (308) spi_flash: Detected size(4096k) larger than the size in the binary image header(2048k). Using the size in the binary image header.[0m
[0;32mI (322) main_task: Started on CPU0[0m
[0;32mI (332) main_task: Calling app_main()[0m
[0;32mI (332) EXAMPLE: test -1[0m
[0;32mI (332) EXAMPLE: adc_pattern[0].atten is :0[0m
[0;32mI (332) EXAMPLE: adc_pattern[0].channel is :6[0m
[0;32mI (342) EXAMPLE: adc_pattern[0].unit is :0[0m
[0;32mI (342) gpio: GPIO[34]| InputEn: 0| OutputEn: 0| OpenDrain: 0| Pullup: 0| Pulldown: 0| Intr:0 [0m
[0;32mI (352) EXAMPLE: test 0[0m
[0;32mI (352) EXAMPLE: test 1[0m
[0;32mI (362) EXAMPLE: test 2[0m
[0;32mI (362) EXAMPLE: test 3[0m
[0;32mI (372) EXAMPLE: test 4[0m
[0;32mI (372) TASK: ret is 0, ret_num is 256 bytes[0m
[0;32mI (372) EXAMPLE: datap: 3502[0m
[0;32mI (372) EXAMPLE: datap: 3503[0m
[0;32mI (382) EXAMPLE: datap: 3505[0m
[0;32mI (382) EXAMPLE: datap: 3500[0m
[0;32mI (382) EXAMPLE: datap: 3499[0m
[0;32mI (392) EXAMPLE: datap: 3472[0m
[0;32mI (392) EXAMPLE: datap: 3504[0m
[0;32mI (402) EXAMPLE: datap: 3495[0m
[0;32mI (402) EXAMPLE: datap: 3536[0m
[0;32mI (402) EXAMPLE: datap: 3487[0m
[0;32mI (412) EXAMPLE: datap: 3498[0m
[0;32mI (412) EXAMPLE: datap: 3498[0m
[0;32mI (412) EXAMPLE: datap: 3500[0m
[0;32mI (422) EXAMPLE: datap: 3503[0m
[0;32mI (422) EXAMPLE: datap: 3501[0m
[0;32mI (422) EXAMPLE: datap: 3498[0m
[0;32mI (432) EXAMPLE: datap: 3505[0m
[0;32mI (432) EXAMPLE: datap: 3501[0m
[0;32mI (432) EXAMPLE: datap: 3498[0m
[0;32mI (442) EXAMPLE: datap: 3504[0m
[0;32mI (442) EXAMPLE: datap: 3492[0m
[0;32mI (452) EXAMPLE: datap: 3502[0m
[0;32mI (452) EXAMPLE: datap: 3415[0m
[0;32mI (452) EXAMPLE: datap: 3499[0m
[0;32mI (462) EXAMPLE: datap: 3483[0m
[0;32mI (462) EXAMPLE: datap: 3499[0m
[0;32mI (462) EXAMPLE: datap: 3502[0m
[0;32mI (472) EXAMPLE: datap: 3494[0m
[0;32mI (472) EXAMPLE: datap: 3499[0m
[0;32mI (472) EXAMPLE: datap: 3507[0m
[0;32mI (482) EXAMPLE: datap: 3492[0m
[0;32mI (482) EXAMPLE: datap: 3507[0m
[0;32mI (482) EXAMPLE: datap: 3504[0m
[0;32mI (492) EXAMPLE: datap: 3501[0m
[0;32mI (492) EXAMPLE: datap: 3515[0m
[0;32mI (502) EXAMPLE: datap: 3499[0m
[0;32mI (502) EXAMPLE: datap: 3498[0m
[0;32mI (502) EXAMPLE: datap: 3498[0m
[0;32mI (512) EXAMPLE: datap: 3487[0m
[0;32mI (512) EXAMPLE: datap: 3502[0m
[0;32mI (512) EXAMPLE: datap: 3492[0m
[0;32mI (522) EXAMPLE: datap: 3489[0m
[0;32mI (522) EXAMPLE: datap: 3503[0m
[0;32mI (522) EXAMPLE: datap: 3497[0m
[0;32mI (532) EXAMPLE: datap: 3495[0m
[0;32mI (532) EXAMPLE: datap: 3511[0m
[0;32mI (532) EXAMPLE: datap: 3458[0m
[0;32mI (542) EXAMPLE: datap: 3501[0m
[0;32mI (542) EXAMPLE: datap: 3492[0m
[0;32mI (542) EXAMPLE: datap: 3501[0m
[0;32mI (552) EXAMPLE: datap: 3495[0m
[0;32mI (552) EXAMPLE: datap: 3490[0m
[0;32mI (562) EXAMPLE: datap: 3501[0m
[0;32mI (562) EXAMPLE: datap: 3500[0m
[0;32mI (562) EXAMPLE: datap: 3488[0m
[0;32mI (572) EXAMPLE: datap: 3497[0m
[0;32mI (572) EXAMPLE: datap: 3504[0m
[0;32mI (572) EXAMPLE: datap: 3502[0m
[0;32mI (582) EXAMPLE: datap: 3502[0m
[0;32mI (582) EXAMPLE: datap: 3494[0m
[0;32mI (582) EXAMPLE: datap: 3501[0m
[0;32mI (592) EXAMPLE: datap: 3501[0m
[0;32mI (592) EXAMPLE: datap: 3507[0m
[0;32mI (592) EXAMPLE: datap: 3501[0m
[0;32mI (602) EXAMPLE: datap: 3503[0m
[0;32mI (602) EXAMPLE: datap: 3498[0m
[0;32mI (612) EXAMPLE: datap: 3504[0m
[0;32mI (612) EXAMPLE: datap: 3488[0m
[0;32mI (612) EXAMPLE: datap: 3488[0m

***ERROR*** A stack overflow in task IDLE1 has been detected.


Backtrace: 0x400816de:0x3ffb5880 0x400866d9:0x3ffb58a0 0x4008742e:0x3ffb58c0 0x40088443:0x3ffb5940 0x40087538:0x3ffb5960 0x400874ea:0x38383433 |<-CORRUPTED




ELF file SHA256: 283050a1b

Rebooting...
ets Jul 29 2019 12:21:46

rst:0xc (SW_CPU_RESET),boot:0x13 (SPI_FAST_FLASH_BOOT)
configsip: 0, SPIWP:0xee
clk_drv:0x00,q_drv:0x00,d_drv:0x00,cs0_drv:0x00,hd_drv:0x00,wp_drv:0x00
mode:DIO, clock div:2
load:0x3fff0030,len:7172
load:0x40078000,len:15540
load:0x40080400,len:4
ho 8 tail 4 room 4
load:0x40080404,len:3904
entry 0x40080640
[0;32mI (31) boot: ESP-IDF v5.2.1-dirty 2nd stage bootloader[0m
[0;32mI (31) boot: compile time May 23 2024 17:03:02[0m
[0;32mI (31) boot: Multicore bootloader[0m
[0;32mI (36) boot: chip revision: v3.1[0m
[0;32mI (40) boot.esp32: SPI Speed      : 40MHz[0m
[0;32mI (44) boot.esp32: SPI Mode       : DIO[0m
[0;32mI (49) boot.esp32: SPI Flash Size : 2MB[0m
[0;32mI (53) boot: Enabling RNG early entropy source...[0m
[0;32mI (59) boot: Partition Table:[0m
[0;32mI (62) boot: ## Label            Usage          Type ST Offset   Length[0m
[0;32mI (70) boot:  0 nvs              WiFi data        01 02 00009000 00006000[0m
[0;32mI (77) boot:  1 phy_init         RF data          01 01 0000f000 00001000[0m
[0;32mI (84) boot:  2 factory          factory app      00 00 00010000 00100000[0m
[0;32mI (92) boot: End of partition table[0m
[0;32mI (96) esp_image: segment 0: paddr=00010020 vaddr=3f400020 size=0b3ech ( 46060) map[0m
[0;32mI (120) esp_image: segment 1: paddr=0001b414 vaddr=3ffb0000 size=02274h (  8820) load[0m
[0;32mI (124) esp_image: segment 2: paddr=0001d690 vaddr=40080000 size=02988h ( 10632) load[0m
[0;32mI (130) esp_image: segment 3: paddr=00020020 vaddr=400d0020 size=19a58h (105048) map[0m
[0;32mI (171) esp_image: segment 4: paddr=00039a80 vaddr=40082988 size=0adb4h ( 44468) load[0m
[0;32mI (195) boot: Loaded app from partition at offset 0x10000[0m
[0;32mI (195) boot: Disabling RNG early entropy source...[0m
[0;32mI (207) cpu_start: Multicore app[0m
[0;32mI (215) cpu_start: Pro cpu start user code[0m
[0;32mI (215) cpu_start: cpu freq: 160000000 Hz[0m
[0;32mI (215) cpu_start: Application information:[0m
[0;32mI (218) cpu_start: Project name:     continuous_read[0m
[0;32mI (224) cpu_start: App version:      193a120-dirty[0m
[0;32mI (230) cpu_start: Compile time:     May 24 2024 10:34:02[0m
[0;32mI (236) cpu_start: ELF file SHA256:  283050a1b...[0m
[0;32mI (241) cpu_start: ESP-IDF:          v5.2.1-dirty[0m
[0;32mI (246) cpu_start: Min chip rev:     v0.0[0m
[0;32mI (251) cpu_start: Max chip rev:     v3.99 [0m
[0;32mI (256) cpu_start: Chip rev:         v3.1[0m
[0;32mI (261) heap_init: Initializing. RAM available for dynamic allocation:[0m
[0;32mI (268) heap_init: At 3FFAE6E0 len 00001920 (6 KiB): DRAM[0m
[0;32mI (274) heap_init: At 3FFB2B50 len 0002D4B0 (181 KiB): DRAM[0m
[0;32mI (280) heap_init: At 3FFE0440 len 00003AE0 (14 KiB): D/IRAM[0m
[0;32mI (286) heap_init: At 3FFE4350 len 0001BCB0 (111 KiB): D/IRAM[0m
[0;32mI (293) heap_init: At 4008D73C len 000128C4 (74 KiB): IRAM[0m
[0;32mI (301) spi_flash: detected chip: generic[0m
[0;32mI (304) spi_flash: flash io: dio[0m
[0;33mW (308) spi_flash: Detected size(4096k) larger than the size in the binary image header(2048k). Using the size in the binary image header.[0m
[0;32mI (322) main_task: Started on CPU0[0m
[0;32mI (332) main_task: Calling app_main()[0m
[0;32mI (332) EXAMPLE: test -1[0m
[0;32mI (332) EXAMPLE: adc_pattern[0].atten is :0[0m
[0;32mI (332) EXAMPLE: adc_pattern[0].channel is :6[0m
[0;32mI (342) EXAMPLE: adc_pattern[0].unit is :0[0m
[0;32mI (342) gpio: GPIO[34]| InputEn: 0| OutputEn: 0| OpenDrain: 0| Pullup: 0| Pulldown: 0| Intr:0 [0m
[0;32mI (352) EXAMPLE: test 0[0m
[0;32mI (352) EXAMPLE: test 1[0m
[0;32mI (362) EXAMPLE: test 2[0m
[0;32mI (362) EXAMPLE: test 3[0m
[0;32mI (372) EXAMPLE: test 4[0m
[0;32mI (372) TASK: ret is 0, ret_num is 256 bytes[0m
[0;32mI (372) EXAMPLE: datap: 3495[0m
[0;32mI (372) EXAMPLE: datap: 3504[0m
[0;32mI (382) EXAMPLE: datap: 3501[0m
[0;32mI (382) EXAMPLE: datap: 3499[0m
[0;32mI (382) EXAMPLE: datap: 3504[0m
[0;32mI (392) EXAMPLE: datap: 3494[0m
[0;32mI (392) EXAMPLE: datap: 3499[0m
[0;32mI (402) EXAMPLE: datap: 3489[0m
[0;32mI (402) EXAMPLE: datap: 3494[0m
[0;32mI (402) EXAMPLE: datap: 3504[0m
[0;32mI (412) EXAMPLE: datap: 3499[0m
[0;32mI (412) EXAMPLE: datap: 3501[0m
[0;32mI (412) EXAMPLE: datap: 3487[0m
[0;32mI (422) EXAMPLE: datap: 3494[0m
[0;32mI (422) EXAMPLE: datap: 3504[0m
[0;32mI (422) EXAMPLE: datap: 3501[0m
[0;32mI (432) EXAMPLE: datap: 3502[0m
[0;32mI (432) EXAMPLE: datap: 3499[0m
[0;32mI (432) EXAMPLE: datap: 3496[0m
[0;32mI (442) EXAMPLE: datap: 3492[0m
[0;32mI (442) EXAMPLE: datap: 3499[0m
[0;32mI (452) EXAMPLE: datap: 3489[0m
[0;32mI (452) EXAMPLE: datap: 3493[0m
[0;32mI (452) EXAMPLE: datap: 3500[0m
[0;32mI (462) EXAMPLE: datap: 3502[0m
[0;32mI (462) EXAMPLE: datap: 3499[0m
[0;32mI (462) EXAMPLE: datap: 3500[0m
[0;32mI (472) EXAMPLE: datap: 3495[0m
[0;32mI (472) EXAMPLE: datap: 3498[0m
[0;32mI (472) EXAMPLE: datap: 3515[0m
[0;32mI (482) EXAMPLE: datap: 3496[0m
[0;32mI (482) EXAMPLE: datap: 3504[0m
[0;32mI (482) EXAMPLE: datap: 3497[0m
[0;32mI (492) EXAMPLE: datap: 3493[0m
[0;32mI (492) EXAMPLE: datap: 3502[0m
[0;32mI (502) EXAMPLE: datap: 3503[0m
[0;32mI (502) EXAMPLE: datap: 3495[0m
[0;32mI (502) EXAMPLE: datap: 3504[0m
[0;32mI (512) EXAMPLE: datap: 3500[0m
[0;32mI (512) EXAMPLE: datap: 3485[0m
[0;32mI (512) EXAMPLE: datap: 3472[0m
[0;32mI (522) EXAMPLE: datap: 3495[0m
[0;32mI (522) EXAMPLE: datap: 3502[0m
[0;32mI (522) EXAMPLE: datap: 3499[0m
[0;32mI (532) EXAMPLE: datap: 3500[0m
[0;32mI (532) EXAMPLE: datap: 3486[0m
[0;32mI (532) EXAMPLE: datap: 3503[0m
[0;32mI (542) EXAMPLE: datap: 3503[0m
[0;32mI (542) EXAMPLE: datap: 3503[0m
[0;32mI (542) EXAMPLE: datap: 3504[0m
[0;32mI (552) EXAMPLE: datap: 3500[0m
[0;32mI (552) EXAMPLE: datap: 3499[0m
[0;32mI (562) EXAMPLE: datap: 3495[0m
[0;32mI (562) EXAMPLE: datap: 3501[0m
[0;32mI (562) EXAMPLE: datap: 3411[0m
[0;32mI (572) EXAMPLE: datap: 3493[0m
[0;32mI (572) EXAMPLE: datap: 3505[0m
[0;32mI (572) EXAMPLE: datap: 3504[0m
[0;32mI (582) EXAMPLE: datap: 3503[0m
[0;32mI (582) EXAMPLE: datap: 3504[0m
[0;32mI (582) EXAMPLE: datap: 3495[0m
[0;32mI (592) EXAMPLE: datap: 3507[0m
[0;32mI (592) EXAMPLE: datap: 3499[0m
[0;32mI (592) EXAMPLE: datap: 3495[0m
[0;32mI (602) EXAMPLE: datap: 3690[0m
[0;32mI (602) EXAMPLE: datap: 3495[0m
[0;32mI (612) EXAMPLE: datap: 3497[0m
[0;32mI (612) EXAMPLE: datap: 3493[0m
[0;32mI (612) EXAMPLE: datap: 3500[0m

***ERROR*** A stack overflow in task IDLE1 has been detected.


Backtrace: 0x400816de:0x3ffb5880 0x400866d9:0x3ffb58a0 0x4008742e:0x3ffb58c0 0x40088443:0x3ffb5940 0x40087538:0x3ffb5960 0x400874ea:0x30303533 |<-CORRUPTED




ELF file SHA256: 283050a1b

Rebooting...
ets Jul 29 2019 12:21:46

rst:0xc (SW_CPU_RESET),boot:0x13 (SPI_FAST_FLASH_BOOT)
configsip: 0, SPIWP:0xee
clk_drv:0x00,q_drv:0x00,d_drv:0x00,cs0_drv:0x00,hd_drv:0x00,wp_drv:0x00
mode:DIO, clock div:2
load:0x3fff0030,len:7172
load:0x40078000,len:15540
load:0x40080400,len:4
ho 8 tail 4 room 4
load:0x40080404,len:3904
entry 0x40080640
[0;32mI (31) boot: ESP-IDF v5.2.1-dirty 2nd stage bootloader[0m
[0;32mI (31) boot: compile time May 23 2024 17:03:02[0m
[0;32mI (31) boot: Multicore bootloader[0m
[0;32mI (36) boot: chip revision: v3.1[0m
[0;32mI (40) boot.esp32: SPI Speed      : 40MHz[0m
[0;32mI (44) boot.esp32: SPI Mode       : DIO[0m
[0;32mI (49) boot.esp32: SPI Flash Size : 2MB[0m
[0;32mI (53) boot: Enabling RNG early entropy source...[0m
[0;32mI (59) boot: Partition Table:[0m
[0;32mI (62) boot: ## Label            Usage          Type ST Offset   Length[0m
[0;32mI (70) boot:  0 nvs              WiFi data        01 02 00009000 00006000[0m
[0;32mI (77) boot:  1 phy_init         RF data          01 01 0000f000 00001000[0m
[0;32mI (84) boot:  2 factory          factory app      00 00 00010000 00100000[0m
[0;32mI (92) boot: End of partition table[0m
[0;32mI (96) esp_image: segment 0: paddr=00010020 vaddr=3f400020 size=0b3ech ( 46060) map[0m
[0;32mI (120) esp_image: segment 1: paddr=0001b414 vaddr=3ffb0000 size=02274h (  8820) load[0m
[0;32mI (124) esp_image: segment 2: paddr=0001d690 vaddr=40080000 size=02988h ( 10632) load[0m
[0;32mI (130) esp_image: segment 3: paddr=00020020 vaddr=400d0020 size=19a58h (105048) map[0m
[0;32mI (171) esp_image: segment 4: paddr=00039a80 vaddr=40082988 size=0adb4h ( 44468) load[0m
[0;32mI (195) boot: Loaded app from partition at offset 0x10000[0m
[0;32mI (195) boot: Disabling RNG early entropy source...[0m
[0;32mI (207) cpu_start: Multicore app[0m
[0;32mI (215) cpu_start: Pro cpu start user code[0m
[0;32mI (215) cpu_start: cpu freq: 160000000 Hz[0m
[0;32mI (215) cpu_start: Application information:[0m
[0;32mI (218) cpu_start: Project name:     continuous_read[0m
[0;32mI (224) cpu_start: App version:      193a120-dirty[0m
[0;32mI (230) cpu_start: Compile time:     May 24 2024 10:34:02[0m
[0;32mI (236) cpu_start: ELF file SHA256:  283050a1b...[0m
[0;32mI (241) cpu_start: ESP-IDF:          v5.2.1-dirty[0m
[0;32mI (246) cpu_start: Min chip rev:     v0.0[0m
[0;32mI (251) cpu_start: Max chip rev:     v3.99 [0m
[0;32mI (256) cpu_start: Chip rev:         v3.1[0m
[0;32mI (261) heap_init: Initializing. RAM available for dynamic allocation:[0m
[0;32mI (268) heap_init: At 3FFAE6E0 len 00001920 (6 KiB): DRAM[0m
[0;32mI (274) heap_init: At 3FFB2B50 len 0002D4B0 (181 KiB): DRAM[0m
[0;32mI (280) heap_init: At 3FFE0440 len 00003AE0 (14 KiB): D/IRAM[0m
[0;32mI (286) heap_init: At 3FFE4350 len 0001BCB0 (111 KiB): D/IRAM[0m
[0;32mI (293) heap_init: At 4008D73C len 000128C4 (74 KiB): IRAM[0m
[0;32mI (301) spi_flash: detected chip: generic[0m
[0;32mI (304) spi_flash: flash io: dio[0m
[0;33mW (308) spi_flash: Detected size(4096k) larger than the size in the binary image header(2048k). Using the size in the binary image header.[0m
[0;32mI (322) main_task: Started on CPU0[0m
[0;32mI (332) main_task: Calling app_main()[0m
[0;32mI (332) EXAMPLE: test -1[0m
[0;32mI (332) EXAMPLE: adc_pattern[0].atten is :0[0m
[0;32mI (332) EXAMPLE: adc_pattern[0].channel is :6[0m
[0;32mI (342) EXAMPLE: adc_pattern[0].unit is :0[0m
[0;32mI (342) gpio: GPIO[34]| InputEn: 0| OutputEn: 0| OpenDrain: 0| Pullup: 0| Pulldown: 0| Intr:0 [0m
[0;32mI (352) EXAMPLE: test 0[0m
[0;32mI (352) EXAMPLE: test 1[0m
[0;32mI (362) EXAMPLE: test 2[0m
[0;32mI (362) EXAMPLE: test 3[0m
[0;32mI (372) EXAMPLE: test 4[0m
[0;32mI (372) TASK: ret is 0, ret_num is 256 bytes[0m
[0;32mI (372) EXAMPLE: datap: 3498[0m
[0;32mI (372) EXAMPLE: datap: 3517[0m
[0;32mI (382) EXAMPLE: datap: 3504[0m
[0;32mI (382) EXAMPLE: datap: 3506[0m
[0;32mI (382) EXAMPLE: datap: 3504[0m
[0;32mI (392) EXAMPLE: datap: 3501[0m
[0;32mI (392) EXAMPLE: datap: 3513[0m
[0;32mI (402) EXAMPLE: datap: 3494[0m
[0;32mI (402) EXAMPLE: datap: 3498[0m
[0;32mI (402) EXAMPLE: datap: 3501[0m
[0;32mI (412) EXAMPLE: datap: 3497[0m
[0;32mI (412) EXAMPLE: datap: 3503[0m
[0;32mI (412) EXAMPLE: datap: 3504[0m
[0;32mI (422) EXAMPLE: datap: 3497[0m
[0;32mI (422) EXAMPLE: datap: 3504[0m
[0;32mI (422) EXAMPLE: datap: 3494[0m
[0;32mI (432) EXAMPLE: datap: 3494[0m
[0;32mI (432) EXAMPLE: datap: 3492[0m
[0;32mI (432) EXAMPLE: datap: 3495[0m
[0;32mI (442) EXAMPLE: datap: 3503[0m
[0;32mI (442) EXAMPLE: datap: 3495[0m
[0;32mI (452) EXAMPLE: datap: 3501[0m
[0;32mI (452) EXAMPLE: datap: 3501[0m
[0;32mI (452) EXAMPLE: datap: 3511[0m
[0;32mI (462) EXAMPLE: datap: 3495[0m
[0;32mI (462) EXAMPLE: datap: 3498[0m
[0;32mI (462) EXAMPLE: datap: 3498[0m
[0;32mI (472) EXAMPLE: datap: 3501[0m
[0;32mI (472) EXAMPLE: datap: 3489[0m
[0;32mI (472) EXAMPLE: datap: 3498[0m
[0;32mI (482) EXAMPLE: datap: 3502[0m
[0;32mI (482) EXAMPLE: datap: 3514[0m
[0;32mI (482) EXAMPLE: datap: 3498[0m
[0;32mI (492) EXAMPLE: datap: 3505[0m
[0;32mI (492) EXAMPLE: datap: 3504[0m
[0;32mI (502) EXAMPLE: datap: 3499[0m
[0;32mI (502) EXAMPLE: datap: 3499[0m
[0;32mI (502) EXAMPLE: datap: 3503[0m
[0;32mI (512) EXAMPLE: datap: 3503[0m
[0;32mI (512) EXAMPLE: datap: 3498[0m
[0;32mI (512) EXAMPLE: datap: 3500[0m
[0;32mI (522) EXAMPLE: datap: 3497[0m
[0;32mI (522) EXAMPLE: datap: 3510[0m
[0;32mI (522) EXAMPLE: datap: 3505[0m
[0;32mI (532) EXAMPLE: datap: 3494[0m
[0;32mI (532) EXAMPLE: datap: 3501[0m
[0;32mI (532) EXAMPLE: datap: 3502[0m
[0;32mI (542) EXAMPLE: datap: 3499[0m
[0;32mI (542) EXAMPLE: datap: 3499[0m
[0;32mI (542) EXAMPLE: datap: 3497[0m
[0;32mI (552) EXAMPLE: datap: 3500[0m
[0;32mI (552) EXAMPLE: datap: 3493[0m
[0;32mI (562) EXAMPLE: datap: 3495[0m
[0;32mI (562) EXAMPLE: datap: 3498[0m
[0;32mI (562) EXAMPLE: datap: 3493[0m
[0;32mI (572) EXAMPLE: datap: 3500[0m
[0;32mI (572) EXAMPLE: datap: 3501[0m
[0;32mI (572) EXAMPLE: datap: 3503[0m
[0;32mI (582) EXAMPLE: datap: 3494[0m
[0;32mI (582) EXAMPLE: datap: 3496[0m
[0;32mI (582) EXAMPLE: datap: 3472[0m
[0;32mI (592) EXAMPLE: datap: 3497[0m
[0;32mI (592) EXAMPLE: datap: 3502[0m
[0;32mI (592) EXAMPLE: datap: 3502[0m
[0;32mI (602) EXAMPLE: datap: 3502[0m
[0;32mI (602) EXAMPLE: datap: 3506[0m
[0;32mI (612) EXAMPLE: datap: 3486[0m
[0;32mI (612) EXAMPLE: datap: 3504[0m
[0;32mI (612) EXAMPLE: datap: 3440[0m

***ERROR*** A stack overflow in task IDLE1 has been detected.


Backtrace: 0x400816de:0x3ffb5880 0x400866d9:0x3ffb58a0 0x4008742e:0x3ffb58c0 0x40088443:0x3ffb5940 0x40087538:0x3ffb5960 0x400874ea:0x30343433 |<-CORRUPTED




ELF file SHA256: 283050a1b

Rebooting...
ets Jul 29 2019 12:21:46

rst:0xc (SW_CPU_RESET),boot:0x13 (SPI_FAST_FLASH_BOOT)
configsip: 0, SPIWP:0xee
clk_drv:0x00,q_drv:0x00,d_drv:0x00,cs0_drv:0x00,hd_drv:0x00,wp_drv:0x00
mode:DIO, clock div:2
load:0x3fff0030,len:7172
load:0x40078000,len:15540
load:0x40080400,len:4
ho 8 tail 4 room 4
load:0x40080404,len:3904
entry 0x40080640
[0;32mI (31) boot: ESP-IDF v5.2.1-dirty 2nd stage bootloader[0m
[0;32mI (31) boot: compile time May 23 2024 17:03:02[0m
[0;32mI (31) boot: Multicore bootloader[0m
[0;32mI (36) boot: chip revision: v3.1[0m
[0;32mI (40) boot.esp32: SPI Speed      : 40MHz[0m
[0;32mI (44) boot.esp32: SPI Mode       : DIO[0m
[0;32mI (49) boot.esp32: SPI Flash Size : 2MB[0m
[0;32mI (53) boot: Enabling RNG early entropy source...[0m
[0;32mI (59) boot: Partition Table:[0m
[0;32mI (62) boot: ## Label            Usage          Type ST Offset   Length[0m
[0;32mI (70) boot:  0 nvs              WiFi data        01 02 00009000 00006000[0m
[0;32mI (77) boot:  1 phy_init         RF data          01 01 0000f000 00001000[0m
[0;32mI (84) boot:  2 factory          factory app      00 00 00010000 00100000[0m
[0;32mI (92) boot: End of partition table[0m
[0;32mI (96) esp_image: segment 0: paddr=00010020 vaddr=3f400020 size=0b3ech ( 46060) map[0m
[0;32mI (120) esp_image: segment 1: paddr=0001b414 vaddr=3ffb0000 size=02274h (  8820) load[0m
[0;32mI (124) esp_image: segment 2: paddr=0001d690 vaddr=40080000 size=02988h ( 10632) load[0m
[0;32mI (130) esp_image: segment 3: paddr=00020020 vaddr=400d0020 size=19a58h (105048) map[0m
[0;32mI (171) esp_image: segment 4: paddr=00039a80 vaddr=40082988 size=0adb4h ( 44468) load[0m
[0;32mI (195) boot: Loaded app from partition at offset 0x10000[0m
[0;32mI (195) boot: Disabling RNG early entropy source...[0m
[0;32mI (207) cpu_start: Multicore app[0m
[0;32mI (215) cpu_start: Pro cpu start user code[0m
[0;32mI (215) cpu_start: cpu freq: 160000000 Hz[0m
[0;32mI (215) cpu_start: Application information:[0m
[0;32mI (218) cpu_start: Project name:     continuous_read[0m
[0;32mI (224) cpu_start: App version:      193a120-dirty[0m
[0;32mI (230) cpu_start: Compile time:     May 24 2024 10:34:02[0m
[0;32mI (236) cpu_start: ELF file SHA256:  283050a1b...[0m
[0;32mI (241) cpu_start: ESP-IDF:          v5.2.1-dirty[0m
[0;32mI (246) cpu_start: Min chip rev:     v0.0[0m
[0;32mI (251) cpu_start: Max chip rev:     v3.99 [0m
[0;32mI (256) cpu_start: Chip rev:         v3.1[0m
[0;32mI (261) heap_init: Initializing. RAM available for dynamic allocation:[0m
[0;32mI (268) heap_init: At 3FFAE6E0 len 00001920 (6 KiB): DRAM[0m
[0;32mI (274) heap_init: At 3FFB2B50 len 0002D4B0 (181 KiB): DRAM[0m
[0;32mI (280) heap_init: At 3FFE0440 len 00003AE0 (14 KiB): D/IRAM[0m
[0;32mI (286) heap_init: At 3FFE4350 len 0001BCB0 (111 KiB): D/IRAM[0m
[0;32mI (293) heap_init: At 4008D73C len 000128C4 (74 KiB): IRAM[0m
[0;32mI (301) spi_flash: detected chip: generic[0m
[0;32mI (304) spi_flash: flash io: dio[0m
[0;33mW (308) spi_flash: Detected size(4096k) larger than the size in the binary image header(2048k). Using the size in the binary image header.[0m
[0;32mI (322) main_task: Started on CPU0[0m
[0;32mI (332) main_task: Calling app_main()[0m
[0;32mI (332) EXAMPLE: test -1[0m
[0;32mI (332) EXAMPLE: adc_pattern[0].atten is :0[0m
[0;32mI (332) EXAMPLE: adc_pattern[0].channel is :6[0m
[0;32mI (342) EXAMPLE: adc_pattern[0].unit is :0[0m
[0;32mI (342) gpio: GPIO[34]| InputEn: 0| OutputEn: 0| OpenDrain: 0| Pullup: 0| Pulldown: 0| Intr:0 [0m
[0;32mI (352) EXAMPLE: test 0[0m
[0;32mI (352) EXAMPLE: test 1[0m
[0;32mI (362) EXAMPLE: test 2[0m
[0;32mI (362) EXAMPLE: test 3[0m
[0;32mI (372) EXAMPLE: test 4[0m
[0;32mI (372) TASK: ret is 0, ret_num is 256 bytes[0m
[0;32mI (372) EXAMPLE: datap: 3500[0m
[0;32mI (372) EXAMPLE: datap: 3500[0m
[0;32mI (382) EXAMPLE: datap: 3493[0m
[0;32mI (382) EXAMPLE: datap: 3503[0m
[0;32mI (382) EXAMPLE: datap: 3504[0m
[0;32mI (392) EXAMPLE: datap: 3495[0m
[0;32mI (392) EXAMPLE: datap: 3499[0m
[0;32mI (402) EXAMPLE: datap: 3501[0m
[0;32mI (402) EXAMPLE: datap: 3502[0m
[0;32mI (402) EXAMPLE: datap: 3488[0m
[0;32mI (412) EXAMPLE: datap: 3496[0m
[0;32mI (412) EXAMPLE: datap: 3438[0m
[0;32mI (412) EXAMPLE: datap: 3503[0m
[0;32mI (422) EXAMPLE: datap: 3498[0m
[0;32mI (422) EXAMPLE: datap: 3504[0m
[0;32mI (422) EXAMPLE: datap: 3494[0m
[0;32mI (432) EXAMPLE: datap: 3504[0m
[0;32mI (432) EXAMPLE: datap: 3623[0m
[0;32mI (432) EXAMPLE: datap: 3504[0m
[0;32mI (442) EXAMPLE: datap: 3494[0m
[0;32mI (442) EXAMPLE: datap: 3495[0m
[0;32mI (452) EXAMPLE: datap: 3498[0m
[0;32mI (452) EXAMPLE: datap: 3504[0m
[0;32mI (452) EXAMPLE: datap: 3597[0m
[0;32mI (462) EXAMPLE: datap: 3498[0m
[0;32mI (462) EXAMPLE: datap: 3510[0m
[0;32mI (462) EXAMPLE: datap: 3490[0m
[0;32mI (472) EXAMPLE: datap: 3501[0m
[0;32mI (472) EXAMPLE: datap: 3505[0m
[0;32mI (472) EXAMPLE: datap: 3334[0m
[0;32mI (482) EXAMPLE: datap: 3497[0m
[0;32mI (482) EXAMPLE: datap: 3505[0m
[0;32mI (482) EXAMPLE: datap: 3497[0m
[0;32mI (492) EXAMPLE: datap: 3495[0m
[0;32mI (492) EXAMPLE: datap: 3494[0m
[0;32mI (502) EXAMPLE: datap: 3501[0m
[0;32mI (502) EXAMPLE: datap: 3491[0m
[0;32mI (502) EXAMPLE: datap: 3499[0m
[0;32mI (512) EXAMPLE: datap: 3338[0m
[0;32mI (512) EXAMPLE: datap: 3494[0m
[0;32mI (512) EXAMPLE: datap: 3493[0m
[0;32mI (522) EXAMPLE: datap: 3435[0m
[0;32mI (522) EXAMPLE: datap: 3498[0m
[0;32mI (522) EXAMPLE: datap: 3495[0m
[0;32mI (532) EXAMPLE: datap: 3501[0m
[0;32mI (532) EXAMPLE: datap: 3473[0m
[0;32mI (532) EXAMPLE: datap: 3502[0m
[0;32mI (542) EXAMPLE: datap: 3488[0m
[0;32mI (542) EXAMPLE: datap: 3494[0m
[0;32mI (542) EXAMPLE: datap: 3503[0m
[0;32mI (552) EXAMPLE: datap: 3503[0m
[0;32mI (552) EXAMPLE: datap: 3503[0m
[0;32mI (562) EXAMPLE: datap: 3499[0m
[0;32mI (562) EXAMPLE: datap: 3490[0m
[0;32mI (562) EXAMPLE: datap: 3489[0m
[0;32mI (572) EXAMPLE: datap: 3482[0m
[0;32mI (572) EXAMPLE: datap: 3507[0m
[0;32mI (572) EXAMPLE: datap: 3498[0m
[0;32mI (582) EXAMPLE: datap: 3505[0m
[0;32mI (582) EXAMPLE: datap: 3583[0m
[0;32mI (582) EXAMPLE: datap: 3498[0m
[0;32mI (592) EXAMPLE: datap: 3503[0m
[0;32mI (592) EXAMPLE: datap: 3504[0m
[0;32mI (592) EXAMPLE: datap: 3499[0m
[0;32mI (602) EXAMPLE: datap: 3505[0m
[0;32mI (602) EXAMPLE: datap: 3498[0m
[0;32mI (612) EXAMPLE: datap: 3493[0m
[0;32mI (612) EXAMPLE: datap: 3503[0m
[0;32mI (612) EXAMPLE: datap: 3501[0m

***ERROR*** A stack overflow in task IDLE1 has been detected.


Backtrace: 0x400816de:0x3ffb5880 0x400866d9:0x3ffb58a0 0x4008742e:0x3ffb58c0 0x40088443:0x3ffb5940 0x40087538:0x3ffb5960 0x400874ea:0x31303533 |<-CORRUPTED




ELF file SHA256: 283050a1b

Rebooting...
ets Jul 29 2019 12:21:46

rst:0xc (SW_CPU_RESET),boot:0x13 (SPI_FAST_FLASH_BOOT)
configsip: 0, SPIWP:0xee
clk_drv:0x00,q_drv:0x00,d_drv:0x00,cs0_drv:0x00,hd_drv:0x00,wp_drv:0x00
mode:DIO, clock div:2
load:0x3fff0030,len:7172
load:0x40078000,len:15540
load:0x40080400,len:4
ho 8 tail 4 room 4
load:0x40080404,len:3904
entry 0x40080640
[0;32mI (31) boot: ESP-IDF v5.2.1-dirty 2nd stage bootloader[0m
[0;32mI (31) boot: compile time May 23 2024 17:03:02[0m
[0;32mI (31) boot: Multicore bootloader[0m
[0;32mI (36) boot: chip revision: v3.1[0m
[0;32mI (40) boot.esp32: SPI Speed      : 40MHz[0m
[0;32mI (44) boot.esp32: SPI Mode       : DIO[0m
[0;32mI (49) boot.esp32: SPI Flash Size : 2MB[0m
[0;32mI (53) boot: Enabling RNG early entropy source...[0m
[0;32mI (59) boot: Partition Table:[0m
[0;32mI (62) boot: ## Label            Usage          Type ST Offset   Length[0m
[0;32mI (70) boot:  0 nvs              WiFi data        01 02 00009000 00006000[0m
[0;32mI (77) boot:  1 phy_init         RF data          01 01 0000f000 00001000[0m
[0;32mI (84) boot:  2 factory          factory app      00 00 00010000 00100000[0m
[0;32mI (92) boot: End of partition table[0m
[0;32mI (96) esp_image: segment 0: paddr=00010020 vaddr=3f400020 size=0b3ech ( 46060) map[0m
[0;32mI (120) esp_image: segment 1: paddr=0001b414 vaddr=3ffb0000 size=02274h (  8820) load[0m
[0;32mI (124) esp_image: segment 2: paddr=0001d690 vaddr=40080000 size=02988h ( 10632) load[0m
[0;32mI (130) esp_image: segment 3: paddr=00020020 vaddr=400d0020 size=19a58h (105048) map[0m
[0;32mI (171) esp_image: segment 4: paddr=00039a80 vaddr=40082988 size=0adb4h ( 44468) load[0m
[0;32mI (195) boot: Loaded app from partition at offset 0x10000[0m
[0;32mI (195) boot: Disabling RNG early entropy source...[0m
[0;32mI (207) cpu_start: Multicore app[0m
[0;32mI (215) cpu_start: Pro cpu start user code[0m
[0;32mI (215) cpu_start: cpu freq: 160000000 Hz[0m
[0;32mI (215) cpu_start: Application information:[0m
[0;32mI (218) cpu_start: Project name:     continuous_read[0m
[0;32mI (224) cpu_start: App version:      193a120-dirty[0m
[0;32mI (230) cpu_start: Compile time:     May 24 2024 10:34:02[0m
[0;32mI (236) cpu_start: ELF file SHA256:  283050a1b...[0m
[0;32mI (241) cpu_start: ESP-IDF:          v5.2.1-dirty[0m
[0;32mI (246) cpu_start: Min chip rev:     v0.0[0m
[0;32mI (251) cpu_start: Max chip rev:     v3.99 [0m
[0;32mI (256) cpu_start: Chip rev:         v3.1[0m
[0;32mI (261) heap_init: Initializing. RAM available for dynamic allocation:[0m
[0;32mI (268) heap_init: At 3FFAE6E0 len 00001920 (6 KiB): DRAM[0m
[0;32mI (274) heap_init: At 3FFB2B50 len 0002D4B0 (181 KiB): DRAM[0m
[0;32mI (280) heap_init: At 3FFE0440 len 00003AE0 (14 KiB): D/IRAM[0m
[0;32mI (286) heap_init: At 3FFE4350 len 0001BCB0 (111 KiB): D/IRAM[0m
[0;32mI (293) heap_init: At 4008D73C len 000128C4 (74 KiB): IRAM[0m
[0;32mI (301) spi_flash: detected chip: generic[0m
[0;32mI (304) spi_flash: flash io: dio[0m
[0;33mW (308) spi_flash: Detected size(4096k) larger than the size in the binary image header(2048k). Using the size in the binary image header.[0m
[0;32mI (322) main_task: Started on CPU0[0m
[0;32mI (332) main_task: Calling app_main()[0m
[0;32mI (332) EXAMPLE: test -1[0m
[0;32mI (332) EXAMPLE: adc_pattern[0].atten is :0[0m
[0;32mI (332) EXAMPLE: adc_pattern[0].channel is :6[0m
[0;32mI (342) EXAMPLE: adc_pattern[0].unit is :0[0m
[0;32mI (342) gpio: GPIO[34]| InputEn: 0| OutputEn: 0| OpenDrain: 0| Pullup: 0| Pulldown: 0| Intr:0 [0m
[0;32mI (352) EXAMPLE: test 0[0m
[0;32mI (352) EXAMPLE: test 1[0m
[0;32mI (362) EXAMPLE: test 2[0m
[0;32mI (362) EXAMPLE: test 3[0m
[0;32mI (372) EXAMPLE: test 4[0m
[0;32mI (372) TASK: ret is 0, ret_num is 256 bytes[0m
[0;32mI (372) EXAMPLE: datap: 3493[0m
[0;32mI (372) EXAMPLE: datap: 3501[0m
[0;32mI (382) EXAMPLE: datap: 3664[0m
[0;32mI (382) EXAMPLE: datap: 3501[0m
[0;32mI (382) EXAMPLE: datap: 3503[0m
[0;32mI (392) EXAMPLE: datap: 3499[0m
[0;32mI (392) EXAMPLE: datap: 3503[0m
[0;32mI (402) EXAMPLE: datap: 3491[0m
[0;32mI (402) EXAMPLE: datap: 3482[0m
[0;32mI (402) EXAMPLE: datap: 3491[0m
[0;32mI (412) EXAMPLE: datap: 3481[0m
[0;32mI (412) EXAMPLE: datap: 3504[0m
[0;32mI (412) EXAMPLE: datap: 3494[0m
[0;32mI (422) EXAMPLE: datap: 3504[0m
[0;32mI (422) EXAMPLE: datap: 3504[0m
[0;32mI (422) EXAMPLE: datap: 3502[0m
[0;32mI (432) EXAMPLE: datap: 3489[0m
[0;32mI (432) EXAMPLE: datap: 3502[0m
[0;32mI (432) EXAMPLE: datap: 3504[0m
[0;32mI (442) EXAMPLE: datap: 3504[0m
[0;32mI (442) EXAMPLE: datap: 3497[0m
[0;32mI (452) EXAMPLE: datap: 3569[0m
[0;32mI (452) EXAMPLE: datap: 3503[0m
[0;32mI (452) EXAMPLE: datap: 3507[0m
[0;32mI (462) EXAMPLE: datap: 3477[0m
[0;32mI (462) EXAMPLE: datap: 3558[0m
[0;32mI (462) EXAMPLE: datap: 3494[0m
[0;32mI (472) EXAMPLE: datap: 3516[0m
[0;32mI (472) EXAMPLE: datap: 3504[0m
[0;32mI (472) EXAMPLE: datap: 3501[0m
[0;32mI (482) EXAMPLE: datap: 3503[0m
[0;32mI (482) EXAMPLE: datap: 3487[0m
[0;32mI (482) EXAMPLE: datap: 3501[0m
[0;32mI (492) EXAMPLE: datap: 3493[0m
[0;32mI (492) EXAMPLE: datap: 3494[0m
[0;32mI (502) EXAMPLE: datap: 3499[0m
[0;32mI (502) EXAMPLE: datap: 3503[0m
[0;32mI (502) EXAMPLE: datap: 3501[0m
[0;32mI (512) EXAMPLE: datap: 3508[0m
[0;32mI (512) EXAMPLE: datap: 3533[0m
[0;32mI (512) EXAMPLE: datap: 3493[0m
[0;32mI (522) EXAMPLE: datap: 3509[0m
[0;32mI (522) EXAMPLE: datap: 3501[0m
[0;32mI (522) EXAMPLE: datap: 3497[0m
[0;32mI (532) EXAMPLE: datap: 3471[0m
[0;32mI (532) EXAMPLE: datap: 3502[0m
[0;32mI (532) EXAMPLE: datap: 3494[0m
[0;32mI (542) EXAMPLE: datap: 3501[0m
[0;32mI (542) EXAMPLE: datap: 3661[0m
[0;32mI (542) EXAMPLE: datap: 3504[0m
[0;32mI (552) EXAMPLE: datap: 3504[0m
[0;32mI (552) EXAMPLE: datap: 3502[0m
[0;32mI (562) EXAMPLE: datap: 3499[0m
[0;32mI (562) EXAMPLE: datap: 3499[0m
[0;32mI (562) EXAMPLE: datap: 3462[0m
[0;32mI (572) EXAMPLE: datap: 3495[0m
[0;32mI (572) EXAMPLE: datap: 3499[0m
[0;32mI (572) EXAMPLE: datap: 3504[0m
[0;32mI (582) EXAMPLE: datap: 3497[0m
[0;32mI (582) EXAMPLE: datap: 3503[0m
[0;32mI (582) EXAMPLE: datap: 3495[0m
[0;32mI (592) EXAMPLE: datap: 3502[0m
[0;32mI (592) EXAMPLE: datap: 3494[0m
[0;32mI (592) EXAMPLE: datap: 3510[0m
[0;32mI (602) EXAMPLE: datap: 3505[0m
[0;32mI (602) EXAMPLE: datap: 3503[0m
[0;32mI (612) EXAMPLE: datap: 3498[0m
[0;32mI (612) EXAMPLE: datap: 3493[0m
[0;32mI (612) EXAMPLE: datap: 3495[0m

***ERROR*** A stack overflow in task IDLE1 has been detected.


Backtrace: 0x400816de:0x3ffb5880 0x400866d9:0x3ffb58a0 0x4008742e:0x3ffb58c0 0x40088443:0x3ffb5940 0x40087538:0x3ffb5960 0x400874ea:0x35393433 |<-CORRUPTED




ELF file SHA256: 283050a1b

Rebooting...
ets Jul 29 2019 12:21:46

rst:0xc (SW_CPU_RESET),boot:0x13 (SPI_FAST_FLASH_BOOT)
configsip: 0, SPIWP:0xee
clk_drv:0x00,q_drv:0x00,d_drv:0x00,cs0_drv:0x00,hd_drv:0x00,wp_drv:0x00
mode:DIO, clock div:2
load:0x3fff0030,len:7172
load:0x40078000,len:15540
load:0x40080400,len:4
ho 8 tail 4 room 4
load:0x40080404,len:3904
entry 0x40080640
[0;32mI (31) boot: ESP-IDF v5.2.1-dirty 2nd stage bootloader[0m
[0;32mI (31) boot: compile time May 23 2024 17:03:02[0m
[0;32mI (31) boot: Multicore bootloader[0m
[0;32mI (36) boot: chip revision: v3.1[0m
[0;32mI (40) boot.esp32: SPI Speed      : 40MHz[0m
[0;32mI (44) boot.esp32: SPI Mode       : DIO[0m
[0;32mI (49) boot.esp32: SPI Flash Size : 2MB[0m
[0;32mI (53) boot: Enabling RNG early entropy source...[0m
[0;32mI (59) boot: Partition Table:[0m
[0;32mI (62) boot: ## Label            Usage          Type ST Offset   Length[0m
[0;32mI (70) boot:  0 nvs              WiFi data        01 02 00009000 00006000[0m
[0;32mI (77) boot:  1 phy_init         RF data          01 01 0000f000 00001000[0m
[0;32mI (84) boot:  2 factory          factory app      00 00 00010000 00100000[0m
[0;32mI (92) boot: End of partition table[0m
[0;32mI (96) esp_image: segment 0: paddr=00010020 vaddr=3f400020 size=0b3ech ( 46060) map[0m
[0;32mI (120) esp_image: segment 1: paddr=0001b414 vaddr=3ffb0000 size=02274h (  8820) load[0m
[0;32mI (124) esp_image: segment 2: paddr=0001d690 vaddr=40080000 size=02988h ( 10632) load[0m
[0;32mI (130) esp_image: segment 3: paddr=00020020 vaddr=400d0020 size=19a58h (105048) map[0m
[0;32mI (171) esp_image: segment 4: paddr=00039a80 vaddr=40082988 size=0adb4h ( 44468) load[0m
[0;32mI (195) boot: Loaded app from partition at offset 0x10000[0m
[0;32mI (195) boot: Disabling RNG early entropy source...[0m
[0;32mI (207) cpu_start: Multicore app[0m
[0;32mI (215) cpu_start: Pro cpu start user code[0m
[0;32mI (215) cpu_start: cpu freq: 160000000 Hz[0m
[0;32mI (215) cpu_start: Application information:[0m
[0;32mI (218) cpu_start: Project name:     continuous_read[0m
[0;32mI (224) cpu_start: App version:      193a120-dirty[0m
[0;32mI (230) cpu_start: Compile time:     May 24 2024 10:34:02[0m
[0;32mI (236) cpu_start: ELF file SHA256:  283050a1b...[0m
[0;32mI (241) cpu_start: ESP-IDF:          v5.2.1-dirty[0m
[0;32mI (246) cpu_start: Min chip rev:     v0.0[0m
[0;32mI (251) cpu_start: Max chip rev:     v3.99 [0m
[0;32mI (256) cpu_start: Chip rev:         v3.1[0m
[0;32mI (261) heap_init: Initializing. RAM available for dynamic allocation:[0m
[0;32mI (268) heap_init: At 3FFAE6E0 len 00001920 (6 KiB): DRAM[0m
[0;32mI (274) heap_init: At 3FFB2B50 len 0002D4B0 (181 KiB): DRAM[0m
[0;32mI (280) heap_init: At 3FFE0440 len 00003AE0 (14 KiB): D/IRAM[0m
[0;32mI (286) heap_init: At 3FFE4350 len 0001BCB0 (111 KiB): D/IRAM[0m
[0;32mI (293) heap_init: At 4008D73C len 000128C4 (74 KiB): IRAM[0m
[0;32mI (301) spi_flash: detected chip: generic[0m
[0;32mI (304) spi_flash: flash io: dio[0m
[0;33mW (308) spi_flash: Detected size(4096k) larger than the size in the binary image header(2048k). Using the size in the binary image header.[0m
[0;32mI (322) main_task: Started on CPU0[0m
[0;32mI (332) main_task: Calling app_main()[0m
[0;32mI (332) EXAMPLE: test -1[0m
[0;32mI (332) EXAMPLE: adc_pattern[0].atten is :0[0m
[0;32mI (332) EXAMPLE: adc_pattern[0].channel is :6[0m
[0;32mI (342) EXAMPLE: adc_pattern[0].unit is :0[0m
[0;32mI (342) gpio: GPIO[34]| InputEn: 0| OutputEn: 0| OpenDrain: 0| Pullup: 0| Pulldown: 0| Intr:0 [0m
[0;32mI (352) EXAMPLE: test 0[0m
[0;32mI (352) EXAMPLE: test 1[0m
[0;32mI (362) EXAMPLE: test 2[0m
[0;32mI (362) EXAMPLE: test 3[0m
[0;32mI (372) EXAMPLE: test 4[0m
[0;32mI (372) TASK: ret is 0, ret_num is 256 bytes[0m
[0;32mI (372) EXAMPLE: datap: 3504[0m
[0;32mI (372) EXAMPLE: datap: 3502[0m
[0;32mI (382) EXAMPLE: datap: 3524[0m
[0;32mI (382) EXAMPLE: datap: 3497[0m
[0;32mI (382) EXAMPLE: datap: 3502[0m
[0;32mI (392) EXAMPLE: datap: 3610[0m
[0;32mI (392) EXAMPLE: datap: 3501[0m
[0;32mI (402) EXAMPLE: datap: 3498[0m
[0;32mI (402) EXAMPLE: datap: 3502[0m
[0;32mI (402) EXAMPLE: datap: 3497[0m
[0;32mI (412) EXAMPLE: datap: 3503[0m
[0;32mI (412) EXAMPLE: datap: 3487[0m
[0;32mI (412) EXAMPLE: datap: 3497[0m
[0;32mI (422) EXAMPLE: datap: 3504[0m
[0;32mI (422) EXAMPLE: datap: 3502[0m
[0;32mI (422) EXAMPLE: datap: 3480[0m
[0;32mI (432) EXAMPLE: datap: 3504[0m
[0;32mI (432) EXAMPLE: datap: 3498[0m
[0;32mI (432) EXAMPLE: datap: 3502[0m
[0;32mI (442) EXAMPLE: datap: 3499[0m
[0;32mI (442) EXAMPLE: datap: 3504[0m
[0;32mI (452) EXAMPLE: datap: 3512[0m
[0;32mI (452) EXAMPLE: datap: 3503[0m
[0;32mI (452) EXAMPLE: datap: 3494[0m
[0;32mI (462) EXAMPLE: datap: 3501[0m
[0;32mI (462) EXAMPLE: datap: 3505[0m
[0;32mI (462) EXAMPLE: datap: 3498[0m
[0;32mI (472) EXAMPLE: datap: 3499[0m
[0;32mI (472) EXAMPLE: datap: 3491[0m
[0;32mI (472) EXAMPLE: datap: 3504[0m
[0;32mI (482) EXAMPLE: datap: 3415[0m
[0;32mI (482) EXAMPLE: datap: 3504[0m
[0;32mI (482) EXAMPLE: datap: 3502[0m
[0;32mI (492) EXAMPLE: datap: 3502[0m
[0;32mI (492) EXAMPLE: datap: 3504[0m
[0;32mI (502) EXAMPLE: datap: 3501[0m
[0;32mI (502) EXAMPLE: datap: 3501[0m
[0;32mI (502) EXAMPLE: datap: 3504[0m
[0;32mI (512) EXAMPLE: datap: 3504[0m
[0;32mI (512) EXAMPLE: datap: 3510[0m
[0;32mI (512) EXAMPLE: datap: 3491[0m
[0;32mI (522) EXAMPLE: datap: 3494[0m
[0;32mI (522) EXAMPLE: datap: 3497[0m
[0;32mI (522) EXAMPLE: datap: 3501[0m
[0;32mI (532) EXAMPLE: datap: 3499[0m
[0;32mI (532) EXAMPLE: datap: 3501[0m
[0;32mI (532) EXAMPLE: datap: 3498[0m
[0;32mI (542) EXAMPLE: datap: 3502[0m
[0;32mI (542) EXAMPLE: datap: 3500[0m
[0;32mI (542) EXAMPLE: datap: 3487[0m
[0;32mI (552) EXAMPLE: datap: 3505[0m
[0;32mI (552) EXAMPLE: datap: 3498[0m
[0;32mI (562) EXAMPLE: datap: 3506[0m
[0;32mI (562) EXAMPLE: datap: 3501[0m
[0;32mI (562) EXAMPLE: datap: 3501[0m
[0;32mI (572) EXAMPLE: datap: 3497[0m
[0;32mI (572) EXAMPLE: datap: 3494[0m
[0;32mI (572) EXAMPLE: datap: 3537[0m
[0;32mI (582) EXAMPLE: datap: 3504[0m
[0;32mI (582) EXAMPLE: datap: 3504[0m
[0;32mI (582) EXAMPLE: datap: 3504[0m
[0;32mI (592) EXAMPLE: datap: 3503[0m
[0;32mI (592) EXAMPLE: datap: 3498[0m
[0;32mI (592) EXAMPLE: datap: 3501[0m
[0;32mI (602) EXAMPLE: datap: 3501[0m
[0;32mI (602) EXAMPLE: datap: 3507[0m
[0;32mI (612) EXAMPLE: datap: 3503[0m
[0;32mI (612) EXAMPLE: datap: 3502[0m
[0;32mI (612) EXAMPLE: datap: 3504[0m

***ERROR*** A stack overflow in task IDLE1 has been detected.


Backtrace: 0x400816de:0x3ffb5880 0x400866d9:0x3ffb58a0 0x4008742e:0x3ffb58c0 0x40088443:0x3ffb5940 0x40087538:0x3ffb5960 0x400874ea:0x34303533 |<-CORRUPTED




ELF file SHA256: 283050a1b

Rebooting...
ets Jul 29 2019 12:21:46

rst:0xc (SW_CPU_RESET),boot:0x13 (SPI_FAST_FLASH_BOOT)
configsip: 0, SPIWP:0xee
clk_drv:0x00,q_drv:0x00,d_drv:0x00,cs0_drv:0x00,hd_drv:0x00,wp_drv:0x00
mode:DIO, clock div:2
load:0x3fff0030,len:7172
load:0x40078000,len:15540
load:0x40080400,len:4
ho 8 tail 4 room 4
load:0x40080404,len:3904
entry 0x40080640
[0;32mI (31) boot: ESP-IDF v5.2.1-dirty 2nd stage bootloader[0m
[0;32mI (31) boot: compile time May 23 2024 17:03:02[0m
[0;32mI (31) boot: Multicore bootloader[0m
[0;32mI (36) boot: chip revision: v3.1[0m
[0;32mI (40) boot.esp32: SPI Speed      : 40MHz[0m
[0;32mI (44) boot.esp32: SPI Mode       : DIO[0m
[0;32mI (49) boot.esp32: SPI Flash Size : 2MB[0m
[0;32mI (53) boot: Enabling RNG early entropy source...[0m
[0;32mI (59) boot: Partition Table:[0m
[0;32mI (62) boot: ## Label            Usage          Type ST Offset   Length[0m
[0;32mI (70) boot:  0 nvs              WiFi data        01 02 00009000 00006000[0m
[0;32mI (77) boot:  1 phy_init         RF data          01 01 0000f000 00001000[0m
[0;32mI (84) boot:  2 factory          factory app      00 00 00010000 00100000[0m
[0;32mI (92) boot: End of partition table[0m
[0;32mI (96) esp_image: segment 0: paddr=00010020 vaddr=3f400020 size=0b3ech ( 46060) map[0m
[0;32mI (120) esp_image: segment 1: paddr=0001b414 vaddr=3ffb0000 size=02274h (  8820) load[0m
[0;32mI (124) esp_image: segment 2: paddr=0001d690 vaddr=40080000 size=02988h ( 10632) load[0m
[0;32mI (130) esp_image: segment 3: paddr=00020020 vaddr=400d0020 size=19a58h (105048) map[0m
[0;32mI (171) esp_image: segment 4: paddr=00039a80 vaddr=40082988 size=0adb4h ( 44468) load[0m
[0;32mI (195) boot: Loaded app from partition at offset 0x10000[0m
[0;32mI (195) boot: Disabling RNG early entropy source...[0m
[0;32mI (207) cpu_start: Multicore app[0m
[0;32mI (215) cpu_start: Pro cpu start user code[0m
[0;32mI (215) cpu_start: cpu freq: 160000000 Hz[0m
[0;32mI (215) cpu_start: Application information:[0m
[0;32mI (218) cpu_start: Project name:     continuous_read[0m
[0;32mI (224) cpu_start: App version:      193a120-dirty[0m
[0;32mI (230) cpu_start: Compile time:     May 24 2024 10:34:02[0m
[0;32mI (236) cpu_start: ELF file SHA256:  283050a1b...[0m
[0;32mI (241) cpu_start: ESP-IDF:          v5.2.1-dirty[0m
[0;32mI (246) cpu_start: Min chip rev:     v0.0[0m
[0;32mI (251) cpu_start: Max chip rev:     v3.99 [0m
[0;32mI (256) cpu_start: Chip rev:         v3.1[0m
[0;32mI (261) heap_init: Initializing. RAM available for dynamic allocation:[0m
[0;32mI (268) heap_init: At 3FFAE6E0 len 00001920 (6 KiB): DRAM[0m
[0;32mI (274) heap_init: At 3FFB2B50 len 0002D4B0 (181 KiB): DRAM[0m
[0;32mI (280) heap_init: At 3FFE0440 len 00003AE0 (14 KiB): D/IRAM[0m
[0;32mI (286) heap_init: At 3FFE4350 len 0001BCB0 (111 KiB): D/IRAM[0m
[0;32mI (293) heap_init: At 4008D73C len 000128C4 (74 KiB): IRAM[0m
[0;32mI (301) spi_flash: detected chip: generic[0m
[0;32mI (304) spi_flash: flash io: dio[0m
[0;33mW (308) spi_flash: Detected size(4096k) larger than the size in the binary image header(2048k). Using the size in the binary image header.[0m
[0;32mI (322) main_task: Started on CPU0[0m
[0;32mI (332) main_task: Calling app_main()[0m
[0;32mI (332) EXAMPLE: test -1[0m
[0;32mI (332) EXAMPLE: adc_pattern[0].atten is :0[0m
[0;32mI (332) EXAMPLE: adc_pattern[0].channel is :6[0m
[0;32mI (342) EXAMPLE: adc_pattern[0].unit is :0[0m
[0;32mI (342) gpio: GPIO[34]| InputEn: 0| OutputEn: 0| OpenDrain: 0| Pullup: 0| Pulldown: 0| Intr:0 [0m
[0;32mI (352) EXAMPLE: test 0[0m
[0;32mI (352) EXAMPLE: test 1[0m
[0;32mI (362) EXAMPLE: test 2[0m
[0;32mI (362) EXAMPLE: test 3[0m
[0;32mI (372) EXAMPLE: test 4[0m
[0;32mI (372) TASK: ret is 0, ret_num is 256 bytes[0m
[0;32mI (372) EXAMPLE: datap: 3501[0m
[0;32mI (372) EXAMPLE: datap: 3503[0m
[0;32mI (382) EXAMPLE: datap: 3493[0m
[0;32mI (382) EXAMPLE: datap: 3504[0m
[0;32mI (382) EXAMPLE: datap: 3492[0m
[0;32mI (392) EXAMPLE: datap: 3498[0m
[0;32mI (392) EXAMPLE: datap: 3504[0m
[0;32mI (402) EXAMPLE: datap: 3498[0m
[0;32mI (402) EXAMPLE: datap: 3500[0m
[0;32mI (402) EXAMPLE: datap: 3491[0m
[0;32mI (412) EXAMPLE: datap: 3503[0m
[0;32mI (412) EXAMPLE: datap: 3498[0m
[0;32mI (412) EXAMPLE: datap: 3501[0m
[0;32mI (422) EXAMPLE: datap: 3504[0m
[0;32mI (422) EXAMPLE: datap: 3505[0m
[0;32mI (422) EXAMPLE: datap: 3504[0m
[0;32mI (432) EXAMPLE: datap: 3503[0m
[0;32mI (432) EXAMPLE: datap: 3505[0m
[0;32mI (432) EXAMPLE: datap: 3502[0m
[0;32mI (442) EXAMPLE: datap: 3497[0m
[0;32mI (442) EXAMPLE: datap: 3497[0m
[0;32mI (452) EXAMPLE: datap: 3499[0m
[0;32mI (452) EXAMPLE: datap: 3502[0m
[0;32mI (452) EXAMPLE: datap: 3499[0m
[0;32mI (462) EXAMPLE: datap: 3497[0m
[0;32mI (462) EXAMPLE: datap: 3495[0m
[0;32mI (462) EXAMPLE: datap: 3497[0m
[0;32mI (472) EXAMPLE: datap: 3491[0m
[0;32mI (472) EXAMPLE: datap: 3503[0m
[0;32mI (472) EXAMPLE: datap: 3503[0m
[0;32mI (482) EXAMPLE: datap: 3501[0m
[0;32mI (482) EXAMPLE: datap: 3505[0m
[0;32mI (482) EXAMPLE: datap: 3501[0m
[0;32mI (492) EXAMPLE: datap: 3504[0m
[0;32mI (492) EXAMPLE: datap: 3504[0m
[0;32mI (502) EXAMPLE: datap: 3491[0m
[0;32mI (502) EXAMPLE: datap: 3499[0m
[0;32mI (502) EXAMPLE: datap: 3504[0m
[0;32mI (512) EXAMPLE: datap: 3494[0m
[0;32mI (512) EXAMPLE: datap: 3502[0m
[0;32mI (512) EXAMPLE: datap: 3502[0m
[0;32mI (522) EXAMPLE: datap: 3498[0m
[0;32mI (522) EXAMPLE: datap: 3504[0m
[0;32mI (522) EXAMPLE: datap: 3497[0m
[0;32mI (532) EXAMPLE: datap: 3497[0m
[0;32mI (532) EXAMPLE: datap: 3481[0m
[0;32mI (532) EXAMPLE: datap: 3497[0m
[0;32mI (542) EXAMPLE: datap: 3498[0m
[0;32mI (542) EXAMPLE: datap: 3498[0m
[0;32mI (542) EXAMPLE: datap: 3502[0m
[0;32mI (552) EXAMPLE: datap: 3499[0m
[0;32mI (552) EXAMPLE: datap: 3503[0m
[0;32mI (562) EXAMPLE: datap: 3497[0m
[0;32mI (562) EXAMPLE: datap: 3498[0m
[0;32mI (562) EXAMPLE: datap: 3499[0m
[0;32mI (572) EXAMPLE: datap: 3494[0m
[0;32mI (572) EXAMPLE: datap: 3502[0m
[0;32mI (572) EXAMPLE: datap: 3494[0m
[0;32mI (582) EXAMPLE: datap: 3504[0m
[0;32mI (582) EXAMPLE: datap: 3494[0m
[0;32mI (582) EXAMPLE: datap: 3497[0m
[0;32mI (592) EXAMPLE: datap: 3500[0m
[0;32mI (592) EXAMPLE: datap: 3487[0m
[0;32mI (592) EXAMPLE: datap: 3513[0m
[0;32mI (602) EXAMPLE: datap: 3511[0m
[0;32mI (602) EXAMPLE: datap: 3719[0m
[0;32mI (612) EXAMPLE: datap: 3495[0m
[0;32mI (612) EXAMPLE: datap: 3497[0m
[0;32mI (612) EXAMPLE: datap: 3502[0m

***ERROR*** A stack overflow in task IDLE1 has been detected.


Backtrace: 0x400816de:0x3ffb5880 0x400866d9:0x3ffb58a0 0x4008742e:0x3ffb58c0 0x40088443:0x3ffb5940 0x40087538:0x3ffb5960 0x400874ea:0x32303533 |<-CORRUPTED




ELF file SHA256: 283050a1b

Rebooting...
ets Jul 29 2019 12:21:46

rst:0xc (SW_CPU_RESET),boot:0x13 (SPI_FAST_FLASH_BOOT)
configsip: 0, SPIWP:0xee
clk_drv:0x00,q_drv:0x00,d_drv:0x00,cs0_drv:0x00,hd_drv:0x00,wp_drv:0x00
mode:DIO, clock div:2
load:0x3fff0030,len:7172
load:0x40078000,len:15540
load:0x40080400,len:4
ho 8 tail 4 room 4
load:0x40080404,len:3904
entry 0x40080640
[0;32mI (31) boot: ESP-IDF v5.2.1-dirty 2nd stage bootloader[0m
[0;32mI (31) boot: compile time May 23 2024 17:03:02[0m
[0;32mI (31) boot: Multicore bootloader[0m
[0;32mI (36) boot: chip revision: v3.1[0m
[0;32mI (40) boot.esp32: SPI Speed      : 40MHz[0m
[0;32mI (44) boot.esp32: SPI Mode       : DIO[0m
[0;32mI (49) boot.esp32: SPI Flash Size : 2MB[0m
[0;32mI (53) boot: Enabling RNG early entropy source...[0m
[0;32mI (59) boot: Partition Table:[0m
[0;32mI (62) boot: ## Label            Usage          Type ST Offset   Length[0m
[0;32mI (70) boot:  0 nvs              WiFi data        01 02 00009000 00006000[0m
[0;32mI (77) boot:  1 phy_init         RF data          01 01 0000f000 00001000[0m
[0;32mI (84) boot:  2 factory          factory app      00 00 00010000 00100000[0m
[0;32mI (92) boot: End of partition table[0m
[0;32mI (96) esp_image: segment 0: paddr=00010020 vaddr=3f400020 size=0b3ech ( 46060) map[0m
[0;32mI (120) esp_image: segment 1: paddr=0001b414 vaddr=3ffb0000 size=02274h (  8820) load[0m
[0;32mI (124) esp_image: segment 2: paddr=0001d690 vaddr=40080000 size=02988h ( 10632) load[0m
[0;32mI (130) esp_image: segment 3: paddr=00020020 vaddr=400d0020 size=19a58h (105048) map[0m
[0;32mI (171) esp_image: segment 4: paddr=00039a80 vaddr=40082988 size=0adb4h ( 44468) load[0m
[0;32mI (195) boot: Loaded app from partition at offset 0x10000[0m
[0;32mI (195) boot: Disabling RNG early entropy source...[0m
[0;32mI (207) cpu_start: Multicore app[0m
[0;32mI (215) cpu_start: Pro cpu start user code[0m
[0;32mI (215) cpu_start: cpu freq: 160000000 Hz[0m
[0;32mI (215) cpu_start: Application information:[0m
[0;32mI (218) cpu_start: Project name:     continuous_read[0m
[0;32mI (224) cpu_start: App version:      193a120-dirty[0m
[0;32mI (230) cpu_start: Compile time:     May 24 2024 10:34:02[0m
[0;32mI (236) cpu_start: ELF file SHA256:  283050a1b...[0m
[0;32mI (241) cpu_start: ESP-IDF:          v5.2.1-dirty[0m
[0;32mI (246) cpu_start: Min chip rev:     v0.0[0m
[0;32mI (251) cpu_start: Max chip rev:     v3.99 [0m
[0;32mI (256) cpu_start: Chip rev:         v3.1[0m
[0;32mI (261) heap_init: Initializing. RAM available for dynamic allocation:[0m
[0;32mI (268) heap_init: At 3FFAE6E0 len 00001920 (6 KiB): DRAM[0m
[0;32mI (274) heap_init: At 3FFB2B50 len 0002D4B0 (181 KiB): DRAM[0m
[0;32mI (280) heap_init: At 3FFE0440 len 00003AE0 (14 KiB): D/IRAM[0m
[0;32mI (286) heap_init: At 3FFE4350 len 0001BCB0 (111 KiB): D/IRAM[0m
[0;32mI (293) heap_init: At 4008D73C len 000128C4 (74 KiB): IRAM[0m
[0;32mI (301) spi_flash: detected chip: generic[0m
[0;32mI (304) spi_flash: flash io: dio[0m
[0;33mW (308) spi_flash: Detected size(4096k) larger than the size in the binary image header(2048k). Using the size in the binary image header.[0m
[0;32mI (322) main_task: Started on CPU0[0m
[0;32mI (332) main_task: Calling app_main()[0m
[0;32mI (332) EXAMPLE: test -1[0m
[0;32mI (332) EXAMPLE: adc_pattern[0].atten is :0[0m
[0;32mI (332) EXAMPLE: adc_pattern[0].channel is :6[0m
[0;32mI (342) EXAMPLE: adc_pattern[0].unit is :0[0m
[0;32mI (342) gpio: GPIO[34]| InputEn: 0| OutputEn: 0| OpenDrain: 0| Pullup: 0| Pulldown: 0| Intr:0 [0m
[0;32mI (352) EXAMPLE: test 0[0m
[0;32mI (352) EXAMPLE: test 1[0m
[0;32mI (362) EXAMPLE: test 2[0m
[0;32mI (362) EXAMPLE: test 3[0m
[0;32mI (372) EXAMPLE: test 4[0m
[0;32mI (372) TASK: ret is 0, ret_num is 256 bytes[0m
[0;32mI (372) EXAMPLE: datap: 3495[0m
[0;32mI (372) EXAMPLE: datap: 3499[0m
[0;32mI (382) EXAMPLE: datap: 3503[0m
[0;32mI (382) EXAMPLE: datap: 3497[0m
[0;32mI (382) EXAMPLE: datap: 3505[0m
[0;32mI (392) EXAMPLE: datap: 3499[0m
[0;32mI (392) EXAMPLE: datap: 3462[0m
[0;32mI (402) EXAMPLE: datap: 3423[0m
[0;32mI (402) EXAMPLE: datap: 3504[0m
[0;32mI (402) EXAMPLE: datap: 3485[0m
[0;32mI (412) EXAMPLE: datap: 3504[0m
[0;32mI (412) EXAMPLE: datap: 3554[0m
[0;32mI (412) EXAMPLE: datap: 3509[0m
[0;32mI (422) EXAMPLE: datap: 3495[0m
[0;32mI (422) EXAMPLE: datap: 3495[0m
[0;32mI (422) EXAMPLE: datap: 3501[0m
[0;32mI (432) EXAMPLE: datap: 3497[0m
[0;32mI (432) EXAMPLE: datap: 3499[0m
[0;32mI (432) EXAMPLE: datap: 3498[0m
[0;32mI (442) EXAMPLE: datap: 3509[0m
[0;32mI (442) EXAMPLE: datap: 3515[0m
[0;32mI (452) EXAMPLE: datap: 3439[0m
[0;32mI (452) EXAMPLE: datap: 3472[0m
[0;32mI (452) EXAMPLE: datap: 3521[0m
[0;32mI (462) EXAMPLE: datap: 3525[0m
[0;32mI (462) EXAMPLE: datap: 3490[0m
[0;32mI (462) EXAMPLE: datap: 3442[0m
[0;32mI (472) EXAMPLE: datap: 3521[0m
[0;32mI (472) EXAMPLE: datap: 3534[0m
[0;32mI (472) EXAMPLE: datap: 3511[0m
[0;32mI (482) EXAMPLE: datap: 3509[0m
[0;32mI (482) EXAMPLE: datap: 3498[0m
[0;32mI (482) EXAMPLE: datap: 3501[0m
[0;32mI (492) EXAMPLE: datap: 3504[0m
[0;32mI (492) EXAMPLE: datap: 3500[0m
[0;32mI (502) EXAMPLE: datap: 3481[0m
[0;32mI (502) EXAMPLE: datap: 3492[0m
[0;32mI (502) EXAMPLE: datap: 3500[0m
[0;32mI (512) EXAMPLE: datap: 3491[0m
[0;32mI (512) EXAMPLE: datap: 3490[0m
[0;32mI (512) EXAMPLE: datap: 3497[0m
[0;32mI (522) EXAMPLE: datap: 3503[0m
[0;32mI (522) EXAMPLE: datap: 3501[0m
[0;32mI (522) EXAMPLE: datap: 3432[0m
[0;32mI (532) EXAMPLE: datap: 3495[0m
[0;32mI (532) EXAMPLE: datap: 3504[0m
[0;32mI (532) EXAMPLE: datap: 3489[0m
[0;32mI (542) EXAMPLE: datap: 3504[0m
[0;32mI (542) EXAMPLE: datap: 3493[0m
[0;32mI (542) EXAMPLE: datap: 3494[0m
[0;32mI (552) EXAMPLE: datap: 3502[0m
[0;32mI (552) EXAMPLE: datap: 3488[0m
[0;32mI (562) EXAMPLE: datap: 3494[0m
[0;32mI (562) EXAMPLE: datap: 3494[0m
[0;32mI (562) EXAMPLE: datap: 3491[0m
[0;32mI (572) EXAMPLE: datap: 3509[0m
[0;32mI (572) EXAMPLE: datap: 3502[0m
[0;32mI (572) EXAMPLE: datap: 3494[0m
[0;32mI (582) EXAMPLE: datap: 3498[0m
[0;32mI (582) EXAMPLE: datap: 3500[0m
[0;32mI (582) EXAMPLE: datap: 3504[0m
[0;32mI (592) EXAMPLE: datap: 3504[0m
[0;32mI (592) EXAMPLE: datap: 3504[0m
[0;32mI (592) EXAMPLE: datap: 3507[0m
[0;32mI (602) EXAMPLE: datap: 3501[0m
[0;32mI (602) EXAMPLE: datap: 3504[0m
[0;32mI (612) EXAMPLE: datap: 3467[0m
[0;32mI (612) EXAMPLE: datap: 3499[0m
[0;32mI (612) EXAMPLE: datap: 3521[0m

***ERROR*** A stack overflow in task IDLE1 has been detected.


Backtrace: 0x400816de:0x3ffb5880 0x400866d9:0x3ffb58a0 0x4008742e:0x3ffb58c0 0x40088443:0x3ffb5940 0x40087538:0x3ffb5960 0x400874ea:0x31323533 |<-CORRUPTED




ELF file SHA256: 283050a1b

Rebooting...
ets Jul 29 2019 12:21:46

rst:0xc (SW_CPU_RESET),boot:0x13 (SPI_FAST_FLASH_BOOT)
configsip: 0, SPIWP:0xee
clk_drv:0x00,q_drv:0x00,d_drv:0x00,cs0_drv:0x00,hd_drv:0x00,wp_drv:0x00
mode:DIO, clock div:2
load:0x3fff0030,len:7172
load:0x40078000,len:15540
load:0x40080400,len:4
ho 8 tail 4 room 4
load:0x40080404,len:3904
entry 0x40080640
[0;32mI (31) boot: ESP-IDF v5.2.1-dirty 2nd stage bootloader[0m
[0;32mI (31) boot: compile time May 23 2024 17:03:02[0m
[0;32mI (31) boot: Multicore bootloader[0m
[0;32mI (36) boot: chip revision: v3.1[0m
[0;32mI (40) boot.esp32: SPI Speed      : 40MHz[0m
[0;32mI (44) boot.esp32: SPI Mode       : DIO[0m
[0;32mI (49) boot.esp32: SPI Flash Size : 2MB[0m
[0;32mI (53) boot: Enabling RNG early entropy source...[0m
[0;32mI (59) boot: Partition Table:[0m
[0;32mI (62) boot: ## Label            Usage          Type ST Offset   Length[0m
[0;32mI (70) boot:  0 nvs              WiFi data        01 02 00009000 00006000[0m
[0;32mI (77) boot:  1 phy_init         RF data          01 01 0000f000 00001000[0m
[0;32mI (84) boot:  2 factory          factory app      00 00 00010000 00100000[0m
[0;32mI (92) boot: End of partition table[0m
[0;32mI (96) esp_image: segment 0: paddr=00010020 vaddr=3f400020 size=0b3ech ( 46060) map[0m
[0;32mI (120) esp_image: segment 1: paddr=0001b414 vaddr=3ffb0000 size=02274h (  8820) load[0m
[0;32mI (124) esp_image: segment 2: paddr=0001d690 vaddr=40080000 size=02988h ( 10632) load[0m
[0;32mI (130) esp_image: segment 3: paddr=00020020 vaddr=400d0020 size=19a58h (105048) map[0m
[0;32mI (171) esp_image: segment 4: paddr=00039a80 vaddr=40082988 size=0adb4h ( 44468) load[0m
[0;32mI (195) boot: Loaded app from partition at offset 0x10000[0m
[0;32mI (195) boot: Disabling RNG early entropy source...[0m
[0;32mI (207) cpu_start: Multicore app[0m
[0;32mI (215) cpu_start: Pro cpu start user code[0m
[0;32mI (215) cpu_start: cpu freq: 160000000 Hz[0m
[0;32mI (215) cpu_start: Application information:[0m
[0;32mI (218) cpu_start: Project name:     continuous_read[0m
[0;32mI (224) cpu_start: App version:      193a120-dirty[0m
[0;32mI (230) cpu_start: Compile time:     May 24 2024 10:34:02[0m
[0;32mI (236) cpu_start: ELF file SHA256:  283050a1b...[0m
[0;32mI (241) cpu_start: ESP-IDF:          v5.2.1-dirty[0m
[0;32mI (246) cpu_start: Min chip rev:     v0.0[0m
[0;32mI (251) cpu_start: Max chip rev:     v3.99 [0m
[0;32mI (256) cpu_start: Chip rev:         v3.1[0m
[0;32mI (261) heap_init: Initializing. RAM available for dynamic allocation:[0m
[0;32mI (268) heap_init: At 3FFAE6E0 len 00001920 (6 KiB): DRAM[0m
[0;32mI (274) heap_init: At 3FFB2B50 len 0002D4B0 (181 KiB): DRAM[0m
[0;32mI (280) heap_init: At 3FFE0440 len 00003AE0 (14 KiB): D/IRAM[0m
[0;32mI (286) heap_init: At 3FFE4350 len 0001BCB0 (111 KiB): D/IRAM[0m
[0;32mI (293) heap_init: At 4008D73C len 000128C4 (74 KiB): IRAM[0m
[0;32mI (301) spi_flash: detected chip: generic[0m
[0;32mI (304) spi_flash: flash io: dio[0m
[0;33mW (308) spi_flash: Detected size(4096k) larger than the size in the binary image header(2048k). Using the size in the binary image header.[0m
[0;32mI (322) main_task: Started on CPU0[0m
[0;32mI (332) main_task: Calling app_main()[0m
[0;32mI (332) EXAMPLE: test -1[0m
[0;32mI (332) EXAMPLE: adc_pattern[0].atten is :0[0m
[0;32mI (332) EXAMPLE: adc_pattern[0].channel is :6[0m
[0;32mI (342) EXAMPLE: adc_pattern[0].unit is :0[0m
[0;32mI (342) gpio: GPIO[34]| InputEn: 0| OutputEn: 0| OpenDrain: 0| Pullup: 0| Pulldown: 0| Intr:0 [0m
[0;32mI (352) EXAMPLE: test 0[0m
[0;32mI (352) EXAMPLE: test 1[0m
[0;32mI (362) EXAMPLE: test 2[0m
[0;32mI (362) EXAMPLE: test 3[0m
[0;32mI (372) EXAMPLE: test 4[0m
[0;32mI (372) TASK: ret is 0, ret_num is 256 bytes[0m
[0;32mI (372) EXAMPLE: datap: 3504[0m
[0;32mI (372) EXAMPLE: datap: 3507[0m
[0;32mI (382) EXAMPLE: datap: 3498[0m
[0;32mI (382) EXAMPLE: datap: 3494[0m
[0;32mI (382) EXAMPLE: datap: 3503[0m
[0;32mI (392) EXAMPLE: datap: 3498[0m
[0;32mI (392) EXAMPLE: datap: 3504[0m
[0;32mI (402) EXAMPLE: datap: 3501[0m
[0;32mI (402) EXAMPLE: datap: 3525[0m
[0;32mI (402) EXAMPLE: datap: 3490[0m
[0;32mI (412) EXAMPLE: datap: 3461[0m
[0;32mI (412) EXAMPLE: datap: 3502[0m
[0;32mI (412) EXAMPLE: datap: 3495[0m
[0;32mI (422) EXAMPLE: datap: 3505[0m
[0;32mI (422) EXAMPLE: datap: 3502[0m
[0;32mI (422) EXAMPLE: datap: 3500[0m
[0;32mI (432) EXAMPLE: datap: 3499[0m
[0;32mI (432) EXAMPLE: datap: 3504[0m
[0;32mI (432) EXAMPLE: datap: 3538[0m
[0;32mI (442) EXAMPLE: datap: 3504[0m
[0;32mI (442) EXAMPLE: datap: 3504[0m
[0;32mI (452) EXAMPLE: datap: 3498[0m
[0;32mI (452) EXAMPLE: datap: 3501[0m
[0;32mI (452) EXAMPLE: datap: 3471[0m
[0;32mI (462) EXAMPLE: datap: 3504[0m
[0;32mI (462) EXAMPLE: datap: 3504[0m
[0;32mI (462) EXAMPLE: datap: 3501[0m
[0;32mI (472) EXAMPLE: datap: 3497[0m
[0;32mI (472) EXAMPLE: datap: 3501[0m
[0;32mI (472) EXAMPLE: datap: 3504[0m
[0;32mI (482) EXAMPLE: datap: 3494[0m
[0;32mI (482) EXAMPLE: datap: 3497[0m
[0;32mI (482) EXAMPLE: datap: 3497[0m
[0;32mI (492) EXAMPLE: datap: 3515[0m
[0;32mI (492) EXAMPLE: datap: 3491[0m
[0;32mI (502) EXAMPLE: datap: 3488[0m
[0;32mI (502) EXAMPLE: datap: 3499[0m
[0;32mI (502) EXAMPLE: datap: 3503[0m
[0;32mI (512) EXAMPLE: datap: 3499[0m
[0;32mI (512) EXAMPLE: datap: 3497[0m
[0;32mI (512) EXAMPLE: datap: 3504[0m
[0;32mI (522) EXAMPLE: datap: 3499[0m
[0;32mI (522) EXAMPLE: datap: 3503[0m
[0;32mI (522) EXAMPLE: datap: 3503[0m
[0;32mI (532) EXAMPLE: datap: 3499[0m
[0;32mI (532) EXAMPLE: datap: 3498[0m
[0;32mI (532) EXAMPLE: datap: 3494[0m
[0;32mI (542) EXAMPLE: datap: 3502[0m
[0;32mI (542) EXAMPLE: datap: 3501[0m
[0;32mI (542) EXAMPLE: datap: 3575[0m
[0;32mI (552) EXAMPLE: datap: 3487[0m
[0;32mI (552) EXAMPLE: datap: 3501[0m
[0;32mI (562) EXAMPLE: datap: 3494[0m
[0;32mI (562) EXAMPLE: datap: 3503[0m
[0;32mI (562) EXAMPLE: datap: 3493[0m
[0;32mI (572) EXAMPLE: datap: 3503[0m
[0;32mI (572) EXAMPLE: datap: 3504[0m
[0;32mI (572) EXAMPLE: datap: 3495[0m
[0;32mI (582) EXAMPLE: datap: 3503[0m
[0;32mI (582) EXAMPLE: datap: 3497[0m
[0;32mI (582) EXAMPLE: datap: 3498[0m
[0;32mI (592) EXAMPLE: datap: 3504[0m
[0;32mI (592) EXAMPLE: datap: 3500[0m
[0;32mI (592) EXAMPLE: datap: 3502[0m
[0;32mI (602) EXAMPLE: datap: 3494[0m
[0;32mI (602) EXAMPLE: datap: 3498[0m
[0;32mI (612) EXAMPLE: datap: 3506[0m
[0;32mI (612) EXAMPLE: datap: 3498[0m
[0;32mI (612) EXAMPLE: datap: 3497[0m

***ERROR*** A stack overflow in task IDLE1 has been detected.


Backtrace: 0x400816de:0x3ffb5880 0x400866d9:0x3ffb58a0 0x4008742e:0x3ffb58c0 0x40088443:0x3ffb5940 0x40087538:0x3ffb5960 0x400874ea:0x37393433 |<-CORRUPTED




ELF file SHA256: 283050a1b

Rebooting...
ets Jul 29 2019 12:21:46

rst:0xc (SW_CPU_RESET),boot:0x13 (SPI_FAST_FLASH_BOOT)
configsip: 0, SPIWP:0xee
clk_drv:0x00,q_drv:0x00,d_drv:0x00,cs0_drv:0x00,hd_drv:0x00,wp_drv:0x00
mode:DIO, clock div:2
load:0x3fff0030,len:7172
load:0x40078000,len:15540
load:0x40080400,len:4
ho 8 tail 4 room 4
load:0x40080404,len:3904
entry 0x40080640
[0;32mI (31) boot: ESP-IDF v5.2.1-dirty 2nd stage bootloader[0m
[0;32mI (31) boot: compile time May 23 2024 17:03:02[0m
[0;32mI (31) boot: Multicore bootloader[0m
[0;32mI (36) boot: chip revision: v3.1[0m
[0;32mI (40) boot.esp32: SPI Speed      : 40MHz[0m
[0;32mI (44) boot.esp32: SPI Mode       : DIO[0m
[0;32mI (49) boot.esp32: SPI Flash Size : 2MB[0m
[0;32mI (53) boot: Enabling RNG early entropy source...[0m
[0;32mI (59) boot: Partition Table:[0m
[0;32mI (62) boot: ## Label            Usage          Type ST Offset   Length[0m
[0;32mI (70) boot:  0 nvs              WiFi data        01 02 00009000 00006000[0m
[0;32mI (77) boot:  1 phy_init         RF data          01 01 0000f000 00001000[0m
[0;32mI (84) boot:  2 factory          factory app      00 00 00010000 00100000[0m
[0;32mI (92) boot: End of partition table[0m
[0;32mI (96) esp_image: segment 0: paddr=00010020 vaddr=3f400020 size=0b3ech ( 46060) map[0m
[0;32mI (120) esp_image: segment 1: paddr=0001b414 vaddr=3ffb0000 size=02274h (  8820) load[0m
[0;32mI (124) esp_image: segment 2: paddr=0001d690 vaddr=40080000 size=02988h ( 10632) load[0m
[0;32mI (130) esp_image: segment 3: paddr=00020020 vaddr=400d0020 size=19a58h (105048) map[0m
[0;32mI (171) esp_image: segment 4: paddr=00039a80 vaddr=40082988 size=0adb4h ( 44468) load[0m
[0;32mI (195) boot: Loaded app from partition at offset 0x10000[0m
[0;32mI (195) boot: Disabling RNG early entropy source...[0m
[0;32mI (207) cpu_start: Multicore app[0m
[0;32mI (215) cpu_start: Pro cpu start user code[0m
[0;32mI (215) cpu_start: cpu freq: 160000000 Hz[0m
[0;32mI (215) cpu_start: Application information:[0m
[0;32mI (218) cpu_start: Project name:     continuous_read[0m
[0;32mI (224) cpu_start: App version:      193a120-dirty[0m
[0;32mI (230) cpu_start: Compile time:     May 24 2024 10:34:02[0m
[0;32mI (236) cpu_start: ELF file SHA256:  283050a1b...[0m
[0;32mI (241) cpu_start: ESP-IDF:          v5.2.1-dirty[0m
[0;32mI (246) cpu_start: Min chip rev:     v0.0[0m
[0;32mI (251) cpu_start: Max chip rev:     v3.99 [0m
[0;32mI (256) cpu_start: Chip rev:         v3.1[0m
[0;32mI (261) heap_init: Initializing. RAM available for dynamic allocation:[0m
[0;32mI (268) heap_init: At 3FFAE6E0 len 00001920 (6 KiB): DRAM[0m
[0;32mI (274) heap_init: At 3FFB2B50 len 0002D4B0 (181 KiB): DRAM[0m
[0;32mI (280) heap_init: At 3FFE0440 len 00003AE0 (14 KiB): D/IRAM[0m
[0;32mI (286) heap_init: At 3FFE4350 len 0001BCB0 (111 KiB): D/IRAM[0m
[0;32mI (293) heap_init: At 4008D73C len 000128C4 (74 KiB): IRAM[0m
[0;32mI (301) spi_flash: detected chip: generic[0m
[0;32mI (304) spi_flash: flash io: dio[0m
[0;33mW (308) spi_flash: Detected size(4096k) larger than the size in the binary image header(2048k). Using the size in the binary image header.[0m
[0;32mI (322) main_task: Started on CPU0[0m
[0;32mI (332) main_task: Calling app_main()[0m
[0;32mI (332) EXAMPLE: test -1[0m
[0;32mI (332) EXAMPLE: adc_pattern[0].atten is :0[0m
[0;32mI (332) EXAMPLE: adc_pattern[0].channel is :6[0m
[0;32mI (342) EXAMPLE: adc_pattern[0].unit is :0[0m
[0;32mI (342) gpio: GPIO[34]| InputEn: 0| OutputEn: 0| OpenDrain: 0| Pullup: 0| Pulldown: 0| Intr:0 [0m
[0;32mI (352) EXAMPLE: test 0[0m
[0;32mI (352) EXAMPLE: test 1[0m
[0;32mI (362) EXAMPLE: test 2[0m
[0;32mI (362) EXAMPLE: test 3[0m
[0;32mI (372) EXAMPLE: test 4[0m
[0;32mI (372) TASK: ret is 0, ret_num is 256 bytes[0m
[0;32mI (372) EXAMPLE: datap: 3501[0m
[0;32mI (372) EXAMPLE: datap: 3499[0m
[0;32mI (382) EXAMPLE: datap: 3504[0m
[0;32mI (382) EXAMPLE: datap: 3503[0m
[0;32mI (382) EXAMPLE: datap: 3498[0m
[0;32mI (392) EXAMPLE: datap: 3493[0m
[0;32mI (392) EXAMPLE: datap: 3490[0m
[0;32mI (402) EXAMPLE: datap: 3485[0m
[0;32mI (402) EXAMPLE: datap: 3501[0m
[0;32mI (402) EXAMPLE: datap: 3502[0m
[0;32mI (412) EXAMPLE: datap: 3499[0m
[0;32mI (412) EXAMPLE: datap: 3493[0m
[0;32mI (412) EXAMPLE: datap: 3501[0m
[0;32mI (422) EXAMPLE: datap: 3493[0m
[0;32mI (422) EXAMPLE: datap: 3504[0m
[0;32mI (422) EXAMPLE: datap: 3495[0m
[0;32mI (432) EXAMPLE: datap: 3497[0m
[0;32mI (432) EXAMPLE: datap: 3498[0m
[0;32mI (432) EXAMPLE: datap: 3503[0m
[0;32mI (442) EXAMPLE: datap: 3504[0m
[0;32mI (442) EXAMPLE: datap: 3499[0m
[0;32mI (452) EXAMPLE: datap: 3504[0m
[0;32mI (452) EXAMPLE: datap: 3499[0m
[0;32mI (452) EXAMPLE: datap: 3495[0m
[0;32mI (462) EXAMPLE: datap: 3503[0m
[0;32mI (462) EXAMPLE: datap: 3502[0m
[0;32mI (462) EXAMPLE: datap: 3504[0m
[0;32mI (472) EXAMPLE: datap: 3495[0m
[0;32mI (472) EXAMPLE: datap: 3498[0m
[0;32mI (472) EXAMPLE: datap: 3504[0m
[0;32mI (482) EXAMPLE: datap: 3503[0m
[0;32mI (482) EXAMPLE: datap: 3498[0m
[0;32mI (482) EXAMPLE: datap: 3504[0m
[0;32mI (492) EXAMPLE: datap: 3500[0m
[0;32mI (492) EXAMPLE: datap: 3492[0m
[0;32mI (502) EXAMPLE: datap: 3495[0m
[0;32mI (502) EXAMPLE: datap: 3503[0m
[0;32mI (502) EXAMPLE: datap: 3485[0m
[0;32mI (512) EXAMPLE: datap: 3503[0m
[0;32mI (512) EXAMPLE: datap: 3502[0m
[0;32mI (512) EXAMPLE: datap: 3504[0m
[0;32mI (522) EXAMPLE: datap: 3501[0m
[0;32mI (522) EXAMPLE: datap: 3490[0m
[0;32mI (522) EXAMPLE: datap: 3494[0m
[0;32mI (532) EXAMPLE: datap: 3491[0m
[0;32mI (532) EXAMPLE: datap: 3497[0m
[0;32mI (532) EXAMPLE: datap: 3502[0m
[0;32mI (542) EXAMPLE: datap: 3497[0m
[0;32mI (542) EXAMPLE: datap: 3495[0m
[0;32mI (542) EXAMPLE: datap: 3498[0m
[0;32mI (552) EXAMPLE: datap: 3495[0m
[0;32mI (552) EXAMPLE: datap: 3503[0m
[0;32mI (562) EXAMPLE: datap: 3505[0m
[0;32mI (562) EXAMPLE: datap: 3494[0m
[0;32mI (562) EXAMPLE: datap: 3502[0m
[0;32mI (572) EXAMPLE: datap: 3477[0m
[0;32mI (572) EXAMPLE: datap: 3491[0m
[0;32mI (572) EXAMPLE: datap: 3501[0m
[0;32mI (582) EXAMPLE: datap: 3495[0m
[0;32mI (582) EXAMPLE: datap: 3494[0m
[0;32mI (582) EXAMPLE: datap: 3504[0m
[0;32mI (592) EXAMPLE: datap: 3497[0m
[0;32mI (592) EXAMPLE: datap: 3505[0m
[0;32mI (592) EXAMPLE: datap: 3494[0m
[0;32mI (602) EXAMPLE: datap: 3504[0m
[0;32mI (602) EXAMPLE: datap: 3502[0m
[0;32mI (612) EXAMPLE: datap: 3498[0m
[0;32mI (612) EXAMPLE: datap: 3489[0m
[0;32mI (612) EXAMPLE: datap: 3381[0m

***ERROR*** A stack overflow in task IDLE1 has been detected.


Backtrace: 0x400816de:0x3ffb5880 0x400866d9:0x3ffb58a0 0x4008742e:0x3ffb58c0 0x40088443:0x3ffb5940 0x40087538:0x3ffb5960 0x400874ea:0x31383333 |<-CORRUPTED




ELF file SHA256: 283050a1b

Rebooting...
ets Jul 29 2019 12:21:46

rst:0xc (SW_CPU_RESET),boot:0x13 (SPI_FAST_FLASH_BOOT)
configsip: 0, SPIWP:0xee
clk_drv:0x00,q_drv:0x00,d_drv:0x00,cs0_drv:0x00,hd_drv:0x00,wp_drv:0x00
mode:DIO, clock div:2
load:0x3fff0030,len:7172
load:0x40078000,len:15540
load:0x40080400,len:4
ho 8 tail 4 room 4
load:0x40080404,len:3904
entry 0x40080640
[0;32mI (31) boot: ESP-IDF v5.2.1-dirty 2nd stage bootloader[0m
[0;32mI (31) boot: compile time May 23 2024 17:03:02[0m
[0;32mI (31) boot: Multicore bootloader[0m
[0;32mI (36) boot: chip revision: v3.1[0m
[0;32mI (40) boot.esp32: SPI Speed      : 40MHz[0m
[0;32mI (44) boot.esp32: SPI Mode       : DIO[0m
[0;32mI (49) boot.esp32: SPI Flash Size : 2MB[0m
[0;32mI (53) boot: Enabling RNG early entropy source...[0m
[0;32mI (59) boot: Partition Table:[0m
[0;32mI (62) boot: ## Label            Usage          Type ST Offset   Length[0m
[0;32mI (70) boot:  0 nvs              WiFi data        01 02 00009000 00006000[0m
[0;32mI (77) boot:  1 phy_init         RF data          01 01 0000f000 00001000[0m
[0;32mI (84) boot:  2 factory          factory app      00 00 00010000 00100000[0m
[0;32mI (92) boot: End of partition table[0m
[0;32mI (96) esp_image: segment 0: paddr=00010020 vaddr=3f400020 size=0b3ech ( 46060) map[0m
[0;32mI (120) esp_image: segment 1: paddr=0001b414 vaddr=3ffb0000 size=02274h (  8820) load[0m
[0;32mI (124) esp_image: segment 2: paddr=0001d690 vaddr=40080000 size=02988h ( 10632) load[0m
[0;32mI (130) esp_image: segment 3: paddr=00020020 vaddr=400d0020 size=19a58h (105048) map[0m
[0;32mI (171) esp_image: segment 4: paddr=00039a80 vaddr=40082988 size=0adb4h ( 44468) load[0m
[0;32mI (195) boot: Loaded app from partition at offset 0x10000[0m
[0;32mI (195) boot: Disabling RNG early entropy source...[0m
[0;32mI (207) cpu_start: Multicore app[0m
[0;32mI (215) cpu_start: Pro cpu start user code[0m
[0;32mI (215) cpu_start: cpu freq: 160000000 Hz[0m
[0;32mI (215) cpu_start: Application information:[0m
[0;32mI (218) cpu_start: Project name:     continuous_read[0m
[0;32mI (224) cpu_start: App version:      193a120-dirty[0m
[0;32mI (230) cpu_start: Compile time:     May 24 2024 10:34:02[0m
[0;32mI (236) cpu_start: ELF file SHA256:  283050a1b...[0m
[0;32mI (241) cpu_start: ESP-IDF:          v5.2.1-dirty[0m
[0;32mI (246) cpu_start: Min chip rev:     v0.0[0m
[0;32mI (251) cpu_start: Max chip rev:     v3.99 [0m
[0;32mI (256) cpu_start: Chip rev:         v3.1[0m
[0;32mI (261) heap_init: Initializing. RAM available for dynamic allocation:[0m
[0;32mI (268) heap_init: At 3FFAE6E0 len 00001920 (6 KiB): DRAM[0m
[0;32mI (274) heap_init: At 3FFB2B50 len 0002D4B0 (181 KiB): DRAM[0m
[0;32mI (280) heap_init: At 3FFE0440 len 00003AE0 (14 KiB): D/IRAM[0m
[0;32mI (286) heap_init: At 3FFE4350 len 0001BCB0 (111 KiB): D/IRAM[0m
[0;32mI (293) heap_init: At 4008D73C len 000128C4 (74 KiB): IRAM[0m
[0;32mI (301) spi_flash: detected chip: generic[0m
[0;32mI (304) spi_flash: flash io: dio[0m
[0;33mW (308) spi_flash: Detected size(4096k) larger than the size in the binary image header(2048k). Using the size in the binary image header.[0m
[0;32mI (322) main_task: Started on CPU0[0m
[0;32mI (332) main_task: Calling app_main()[0m
[0;32mI (332) EXAMPLE: test -1[0m
[0;32mI (332) EXAMPLE: adc_pattern[0].atten is :0[0m
[0;32mI (332) EXAMPLE: adc_pattern[0].channel is :6[0m
[0;32mI (342) EXAMPLE: adc_pattern[0].unit is :0[0m
[0;32mI (342) gpio: GPIO[34]| InputEn: 0| OutputEn: 0| OpenDrain: 0| Pullup: 0| Pulldown: 0| Intr:0 [0m
[0;32mI (352) EXAMPLE: test 0[0m
[0;32mI (352) EXAMPLE: test 1[0m
[0;32mI (362) EXAMPLE: test 2[0m
[0;32mI (362) EXAMPLE: test 3[0m
[0;32mI (372) EXAMPLE: test 4[0m
[0;32mI (372) TASK: ret is 0, ret_num is 256 bytes[0m
[0;32mI (372) EXAMPLE: datap: 3500[0m
[0;32mI (372) EXAMPLE: datap: 3440[0m
[0;32mI (382) EXAMPLE: datap: 3498[0m
[0;32mI (382) EXAMPLE: datap: 3497[0m
[0;32mI (382) EXAMPLE: datap: 3491[0m
[0;32mI (392) EXAMPLE: datap: 3504[0m
[0;32mI (392) EXAMPLE: datap: 3468[0m
[0;32mI (402) EXAMPLE: datap: 3280[0m
[0;32mI (402) EXAMPLE: datap: 3497[0m
[0;32mI (402) EXAMPLE: datap: 3501[0m
[0;32mI (412) EXAMPLE: datap: 3498[0m
[0;32mI (412) EXAMPLE: datap: 3497[0m
[0;32mI (412) EXAMPLE: datap: 3681[0m
[0;32mI (422) EXAMPLE: datap: 3493[0m
