14) cpu_start: Projecï¿½ets Jul 29 2019 12:21:46

rst:0x1 (POWERON_RESET),boot:0x13 (SPI_FAST_FLASH_BOOT)
configsip: 0, SPIWP:0xee
clk_drv:0x00,q_drv:0x00,d_drv:0x00,cs0_drv:0x00,hd_drv:0x00,wp_drv:0x00
mode:DIO, clock div:2
load:0x3fff0030,len:7172
load:0x40078000,len:15540
load:0x40080400,len:4
ho 8 tail 4 room 4
load:0x40080404,len:3904
entry 0x40080640
[0;32mI (31) boot: ESP-IDF v5.2.1-dirty 2nd stage bootloader[0m
[0;32mI (31) boot: compile time May 23 2024 17:03:02[0m
[0;32mI (31) boot: Multicore bootloader[0m
[0;32mI (36) boot: chip revision: v3.1[0m
[0;32mI (40) boot.esp32: SPI Speed      : 40MHz[0m
[0;32mI (44) boot.esp32: SPI Mode       : DIO[0m
[0;32mI (49) boot.esp32: SPI Flash Size : 2MB[0m
[0;32mI (53) boot: Enabling RNG early entropy source...[0m
[0;32mI (59) boot: Partition Table:[0m
[0;32mI (62) boot: ## Label            Usage          Type ST Offset   Length[0m
[0;32mI (70) boot:  0 nvs              WiFi data        01 02 00009000 00006000[0m
[0;32mI (77) boot:  1 phy_init         RF data          01 01 0000f000 00001000[0m
[0;32mI (85) boot:  2 factory          factory app      00 00 00010000 00100000[0m
[0;32mI (92) boot: End of partition table[0m
[0;32mI (96) esp_image: segment 0: paddr=00010020 vaddr=3f400020 size=0b1cch ( 45516) map[0m
[0;32mI (120) esp_image: segment 1: paddr=0001b1f4 vaddr=3ffb0000 size=02274h (  8820) load[0m
[0;32mI (124) esp_image: segment 2: paddr=0001d470 vaddr=40080000 size=02ba8h ( 11176) load[0m
[0;32mI (131) esp_image: segment 3: paddr=00020020 vaddr=400d0020 size=16688h ( 91784) map[0m
[0;32mI (166) esp_image: segment 4: paddr=000366b0 vaddr=40082ba8 size=0ab94h ( 43924) load[0m
[0;32mI (190) boot: Loaded app from partition at offset 0x10000[0m
[0;32mI (190) boot: Disabling RNG early entropy source...[0m
[0;32mI (202) cpu_start: Multicore app[0m
[0;32mI (211) cpu_start: Pro cpu start user code[0m
[0;32mI (211) cpu_start: cpu freq: 160000000 Hz[0m
[0;32mI (211) cpu_start: Application information:[0m
[0;32mI (214) cpu_start: Project name:     continuous_read[0m
[0;32mI (219) cpu_start: App version:      193a120-dirty[0m
[0;32mI (225) cpu_start: Compile time:     May 24 2024 10:34:02[0m
[0;32mI (231) cpu_start: ELF file SHA256:  9e1c8ed57...[0m
[0;32mI (236) cpu_start: ESP-IDF:          v5.2.1-dirty[0m
[0;32mI (242) cpu_start: Min chip rev:     v0.0[0m
[0;32mI (246) cpu_start: Max chip rev:     v3.99 [0m
[0;32mI (251) cpu_start: Chip rev:         v3.1[0m
[0;32mI (256) heap_init: Initializing. RAM available for dynamic allocation:[0m
[0;32mI (263) heap_init: At 3FFAE6E0 len 00001920 (6 KiB): DRAM[0m
[0;32mI (269) heap_init: At 3FFB2B50 len 0002D4B0 (181 KiB): DRAM[0m
[0;32mI (275) heap_init: At 3FFE0440 len 00003AE0 (14 KiB): D/IRAM[0m
[0;32mI (282) heap_init: At 3FFE4350 len 0001BCB0 (111 KiB): D/IRAM[0m
[0;32mI (288) heap_init: At 4008D73C len 000128C4 (74 KiB): IRAM[0m
[0;32mI (296) spi_flash: detected chip: generic[0m
[0;32mI (299) spi_flash: flash io: dio[0m
[0;33mW (303) spi_flash: Detected size(4096k) larger than the size in the binary image header(2048k). Using the size in the binary image header.[0m
[0;32mI (317) main_task: Started on CPU0[0m
[0;32mI (327) main_task: Calling app_main()[0m
[0;32mI (327) EXAMPLE: test -1[0m
[0;32mI (327) EXAMPLE: adc_pattern[0].atten is :0[0m
[0;32mI (327) EXAMPLE: adc_pattern[0].channel is :6[0m
[0;32mI (337) EXAMPLE: adc_pattern[0].unit is :0[0m
[0;32mI (337) gpio: GPIO[34]| InputEn: 0| OutputEn: 0| OpenDrain: 0| Pullup: 0| Pulldown: 0| Intr:0 [0m
[0;32mI (347) EXAMPLE: test 0[0m
[0;32mI (347) EXAMPLE: test 1[0m
[0;32mI (357) EXAMPLE: test 2[0m
[0;32mI (357) EXAMPLE: test 3[0m
[0;32mI (387) EXAMPLE: test 4[0m
[0;32mI (387) TASK: ret is 0, ret_num is 512 bytes[0m
PNï¿½?[0;32mI (387) EXAMPLE: datap: PNï¿½?[0m
PNï¿½?[0;32mI (387) EXAMPLE: datap: PNï¿½?[0m
PNï¿½?[0;32mI (387) EXAMPLE: datap: PNï¿½?[0m
PNï¿½?[0;32mI (397) EXAMPLE: datap: PNï¿½?[0m
PNï¿½?[0;32mI (397) EXAMPLE: datap: PNï¿½?[0m
PNï¿½?[0;32mI (407) EXAMPLE: datap: PNï¿½?[0m
PNï¿½?[0;32mI (407) EXAMPLE: datap: PNï¿½?[0m
PNï¿½?[0;32mI (407) EXAMPLE: datap: PNï¿½?[0m
PNï¿½?[0;32mI (417) EXAMPLE: datap: PNï¿½?[0m
PNï¿½?[0;32mI (417) EXAMPLE: datap: PNï¿½?[0m
PNï¿½?[0;32mI (417) EXAMPLE: datap: PNï¿½?[0m
PNï¿½?[0;32mI (427) EXAMPLE: datap: PNï¿½?[0m
PNï¿½?[0;32mI (427) EXAMPLE: datap: PNï¿½?[0m
PNï¿½?[0;32mI (437) EXAMPLE: datap: PNï¿½?[0m
PNï¿½?[0;32mI (437) EXAMPLE: datap: PNï¿½?[0m
PNï¿½?[0;32mI (437) EXAMPLE: datap: PNï¿½?[0m
PNï¿½?[0;32mI (447) EXAMPLE: datap: PNï¿½?[0m
PNï¿½?[0;32mI (447) EXAMPLE: datap: PNï¿½?[0m
PNï¿½?[0;32mI (457) EXAMPLE: datap: PNï¿½?[0m
PNï¿½?[0;32mI (457) EXAMPLE: datap: PNï¿½?[0m
PNï¿½?[0;32mI (457) EXAMPLE: datap: PNï¿½?[0m
PNï¿½?[0;32mI (467) EXAMPLE: datap: PNï¿½?[0m
PNï¿½?[0;32mI (467) EXAMPLE: datap: PNï¿½?[0m
PNï¿½?[0;32mI (477) EXAMPLE: datap: PNï¿½?[0m
PNï¿½?[0;32mI (477) EXAMPLE: datap: PNï¿½?[0m
PNï¿½?[0;32mI (477) EXAMPLE: datap: PNï¿½?[0m
PNï¿½?[0;32mI (487) EXAMPLE: datap: PNï¿½?[0m
PNï¿½?[0;32mI (487) EXAMPLE: datap: PNï¿½?[0m
PNï¿½?[0;32mI (497) EXAMPLE: datap: PNï¿½?[0m
PNï¿½?[0;32mI (497) EXAMPLE: datap: PNï¿½?[0m
PNï¿½?[0;32mI (497) EXAMPLE: datap: PNï¿½?[0m
PNï¿½?[0;32mI (507) EXAMPLE: datap: PNï¿½?[0m
PNï¿½?[0;32mI (507) EXAMPLE: datap: PNï¿½?[0m
PNï¿½?[0;32mI (507) EXAMPLE: datap: PNï¿½?[0m
PNï¿½?[0;32mI (517) EXAMPLE: datap: PNï¿½?[0m
PNï¿½?[0;32mI (517) EXAMPLE: datap: PNï¿½?[0m
PNï¿½?[0;32mI (527) EXAMPLE: datap: PNï¿½?[0m
PNï¿½?[0;32mI (527) EXAMPLE: datap: PNï¿½?[0m
PNï¿½?[0;32mI (527) EXAMPLE: datap: PNï¿½?[0m
PNï¿½?[0;32mI (537) EXAMPLE: datap: PNï¿½?[0m
PNï¿½?[0;32mI (537) EXAMPLE: datap: PNï¿½?[0m
PNï¿½?[0;32mI (547) EXAMPLE: datap: PNï¿½?[0m
PNï¿½?[0;32mI (547) EXAMPLE: datap: PNï¿½?[0m
PNï¿½?[0;32mI (547) EXAMPLE: datap: PNï¿½?[0m
PNï¿½?[0;32mI (557) EXAMPLE: datap: PNï¿½?[0m
PNï¿½?[0;32mI (557) EXAMPLE: datap: PNï¿½?[0m
PNï¿½?[0;32mI (567) EXAMPLE: datap: PNï¿½?[0m
PNï¿½?[0;32mI (567) EXAMPLE: datap: PNï¿½?[0m
PNï¿½?[0;32mI (567) EXAMPLE: datap: PNï¿½?[0m
PNï¿½?[0;32mI (577) EXAMPLE: datap: PNï¿½?[0m
PNï¿½?[0;32mI (577) EXAMPLE: datap: PNï¿½?[0m
PNï¿½?[0;32mI (587) EXAMPLE: datap: PNï¿½?[0m
PNï¿½?[0;32mI (587) EXAMPLE: datap: PNï¿½?[0m
PNï¿½?[0;32mI (587) EXAMPLE: datap: PNï¿½?[0m
PNï¿½?[0;32mI (597) EXAMPLE: datap: PNï¿½?[0m
PNï¿½?[0;32mI (597) EXAMPLE: datap: PNï¿½?[0m
PNï¿½?[0;32mI (597) EXAMPLE: datap: PNï¿½?[0m
PNï¿½?[0;32mI (607) EXAMPLE: datap: PNï¿½?[0m
PNï¿½?[0;32mI (607) EXAMPLE: datap: PNï¿½?[0m
PNï¿½?[0;32mI (617) EXAMPLE: datap: PNï¿½?[0m
PNï¿½?[0;32mI (617) EXAMPLE: datap: PNï¿½?[0m
PNï¿½?[0;32mI (617) EXAMPLE: datap: PNï¿½?[0m
PNï¿½?[0;32mI (627) EXAMPLE: datap: PNï¿½?[0m
PNï¿½?[0;32mI (627) EXAMPLE: datap: PNï¿½?[0m
PNï¿½?[0;32mI (637) EXAMPLE: datap: PNï¿½?[0m
PNï¿½?[0;32mI (637) EXAMPLE: datap: PNï¿½?[0m
PNï¿½?[0;32mI (637) EXAMPLE: datap: PNï¿½?[0m
PNï¿½?[0;32mI (647) EXAMPLE: datap: PNï¿½?[0m
PNï¿½?[0;32mI (647) EXAMPLE: datap: PNï¿½?[0m
PNï¿½?[0;32mI (657) EXAMPLE: datap: PNï¿½?[0m
PNï¿½?[0;32mI (657) EXAMPLE: datap: PNï¿½?[0m
PNï¿½?[0;32mI (657) EXAMPLE: datap: PNï¿½?[0m
PNï¿½?[0;32mI (667) EXAMPLE: datap: PNï¿½?[0m
PNï¿½?[0;32mI (667) EXAMPLE: datap: PNï¿½?[0m
PNï¿½?[0;32mI (667) EXAMPLE: datap: PNï¿½?[0m
PNï¿½?[0;32mI (677) EXAMPLE: datap: PNï¿½?[0m
PNï¿½?[0;32mI (677) EXAMPLE: datap: PNï¿½?[0m
PNï¿½?[0;32mI (687) EXAMPLE: datap: PNï¿½?[0m
PNï¿½?[0;32mI (687) EXAMPLE: datap: PNï¿½?[0m
PNï¿½?[0;32mI (687) EXAMPLE: datap: PNï¿½?[0m
PNï¿½?[0;32mI (697) EXAMPLE: datap: PNï¿½?[0m
PNï¿½?[0;32mI (697) EXAMPLE: datap: PNï¿½?[0m
PNï¿½?[0;32mI (707) EXAMPLE: datap: PNï¿½?[0m
PNï¿½?[0;32mI (707) EXAMPLE: datap: PNï¿½?[0m
PNï¿½?[0;32mI (707) EXAMPLE: datap: PNï¿½?[0m
PNï¿½?[0;32mI (717) EXAMPLE: datap: PNï¿½?[0m
PNï¿½?[0;32mI (717) EXAMPLE: datap: PNï¿½?[0m
PNï¿½?[0;32mI (727) EXAMPLE: datap: PNï¿½?[0m
PNï¿½?[0;32mI (727) EXAMPLE: datap: PNï¿½?[0m
PNï¿½?[0;32mI (727) EXAMPLE: datap: PNï¿½?[0m
PNï¿½?[0;32mI (737) EXAMPLE: datap: PNï¿½?[0m
PNï¿½?[0;32mI (737) EXAMPLE: datap: PNï¿½?[0m
PNï¿½?[0;32mI (747) EXAMPLE: datap: PNï¿½?[0m
PNï¿½?[0;32mI (747) EXAMPLE: datap: PNï¿½?[0m
PNï¿½?[0;32mI (747) EXAMPLE: datap: PNï¿½?[0m
PNï¿½?[0;32mI (757) EXAMPLE: datap: PNï¿½?[0m
PNï¿½?[0;32mI (757) EXAMPLE: datap: PNï¿½?[0m
PNï¿½?[0;32mI (757) EXAMPLE: datap: PNï¿½?[0m
PNï¿½?[0;32mI (767) EXAMPLE: datap: PNï¿½?[0m
PNï¿½?[0;32mI (767) EXAMPLE: datap: PNï¿½?[0m
PNï¿½?[0;32mI (777) EXAMPLE: datap: PNï¿½?[0m
PNï¿½?[0;32mI (777) EXAMPLE: datap: PNï¿½?[0m
PNï¿½?[0;32mI (777) EXAMPLE: datap: PNï¿½?[0m
PNï¿½?[0;32mI (787) EXAMPLE: datap: PNï¿½?[0m
PNï¿½?[0;32mI (787) EXAMPLE: datap: PNï¿½?[0m
PNï¿½?[0;32mI (797) EXAMPLE: datap: PNï¿½?[0m
PNï¿½?[0;32mI (797) EXAMPLE: datap: PNï¿½?[0m
PNï¿½?[0;32mI (797) EXAMPLE: datap: PNï¿½?[0m
PNï¿½?[0;32mI (807) EXAMPLE: datap: PNï¿½?[0m
PNï¿½?[0;32mI (807) EXAMPLE: datap: PNï¿½?[0m
PNï¿½?[0;32mI (817) EXAMPLE: datap: PNï¿½?[0m
PNï¿½?[0;32mI (817) EXAMPLE: datap: PNï¿½?[0m
PNï¿½?[0;32mI (817) EXAMPLE: datap: PNï¿½?[0m
PNï¿½?[0;32mI (827) EXAMPLE: datap: PNï¿½?[0m
PNï¿½?[0;32mI (827) EXAMPLE: datap: PNï¿½?[0m
PNï¿½?[0;32mI (837) EXAMPLE: datap: PNï¿½?[0m
PNï¿½?[0;32mI (837) EXAMPLE: datap: PNï¿½?[0m
PNï¿½?[0;32mI (837) EXAMPLE: datap: PNï¿½?[0m
PNï¿½?[0;32mI (847) EXAMPLE: datap: PNï¿½?[0m
PNï¿½?[0;32mI (847) EXAMPLE: datap: PNï¿½?[0m
PNï¿½?[0;32mI (847) EXAMPLE: datap: PNï¿½?[0m
PNï¿½?[0;32mI (857) EXAMPLE: datap: PNï¿½?[0m
PNï¿½?[0;32mI (857) EXAMPLE: datap: PNï¿½?[0m
PNï¿½?[0;32mI (867) EXAMPLE: datap: PNï¿½?[0m
PNï¿½?[0;32mI (867) EXAMPLE: datap: PNï¿½?[0m
PNï¿½?[0;32mI (867) EXAMPLE: datap: PNï¿½?[0m
PNï¿½?[0;32mI (877) EXAMPLE: datap: PNï¿½?[0m
PNï¿½?[0;32mI (877) EXAMPLE: datap: PNï¿½?[0m
PNï¿½?[0;32mI (887) EXAMPLE: datap: PNï¿½?[0m
PNï¿½?[0;32mI (887) EXAMPLE: datap: PNï¿½?[0m
PNï¿½?[0;32mI (887) EXAMPLE: datap: PNï¿½?[0m
PNï¿½?[0;32mI (897) EXAMPLE: datap: PNï¿½?[0m
[0;32mI (897) EXAMPLE: datap: [0m
[0;32mI (897) EXAMPLE: datap: [0m
[0;32mI (907) EXAMPLE: datap: [0m
[0;32mI (907) EXAMPLE: datap: [0m
[0;32mI (907) EXAMPLE: datap: [0m
[0;32mI (917) EXAMPLE: datap: [0m
[0;32mI (917) EXAMPLE: datap: [0m
[0;32mI (917) EXAMPLE: datap: [0m
[0;32mI (927) EXAMPLE: datap: [0m
[0;32mI (927) EXAMPLE: datap: [0m
[0;32mI (927) EXAMPLE: datap: [0m
[0;32mI (937) EXAMPLE: datap: [0m
[0;32mI (937) EXAMPLE: datap: [0m
[0;32mI (937) EXAMPLE: datap: [0m
[0;32mI (947) EXAMPLE: datap: [0m
