ï¿½ï¿½ï¿½ï¿½ Loaded app from partitionï¿½ets Jul 29 2019 12:21:46

rst:0x1 (POWERON_RESET),boot:0x13 (SPI_FAST_FLASH_BOOT)
configsip: 0, SPIWP:0xee
clk_drv:0x00,q_drv:0x00,d_drv:0x00,cs0_drv:0x00,hd_drv:0x00,wp_drv:0x00
mode:DIO, clock div:2
load:0x3fff0030,len:7172
load:0x40078000,len:15540
load:0x40080400,len:4
ho 8 tail 4 room 4
load:0x40080404,len:3904
entry 0x40080640
[0;32mI (31) boot: ESP-IDF v5.2.1-dirty 2nd stage bootloader[0m
[0;32mI (31) boot: compile time May 24 2024 13:59:07[0m
[0;32mI (31) boot: Multicore bootloader[0m
[0;32mI (36) boot: chip revision: v3.1[0m
[0;32mI (40) boot.esp32: SPI Speed      : 40MHz[0m
[0;32mI (44) boot.esp32: SPI Mode       : DIO[0m
[0;32mI (49) boot.esp32: SPI Flash Size : 4MB[0m
[0;32mI (53) boot: Enabling RNG early entropy source...[0m
[0;32mI (59) boot: Partition Table:[0m
[0;32mI (62) boot: ## Label            Usage          Type ST Offset   Length[0m
[0;32mI (70) boot:  0 nvs              WiFi data        01 02 00009000 00006000[0m
[0;32mI (77) boot:  1 phy_init         RF data          01 01 0000f000 00001000[0m
[0;32mI (85) boot:  2 factory          factory app      00 00 00010000 00100000[0m
[0;32mI (92) boot: End of partition table[0m
[0;32mI (96) esp_image: segment 0: paddr=00010020 vaddr=3f400020 size=0b32ch ( 45868) map[0m
[0;32mI (120) esp_image: segment 1: paddr=0001b354 vaddr=3ffb0000 size=02274h (  8820) load[0m
[0;32mI (124) esp_image: segment 2: paddr=0001d5d0 vaddr=40080000 size=02a48h ( 10824) load[0m
[0;32mI (131) esp_image: segment 3: paddr=00020020 vaddr=400d0020 size=199c4h (104900) map[0m
[0;32mI (171) esp_image: segment 4: paddr=000399ec vaddr=40082a48 size=0acf4h ( 44276) load[0m
[0;32mI (195) boot: Loaded app from partition at offset 0x10000[0m
[0;32mI (195) boot: Disabling RNG early entropy source...[0m
[0;32mI (207) cpu_start: Multicore app[0m
[0;32mI (215) cpu_start: Pro cpu start user code[0m
[0;32mI (215) cpu_start: cpu freq: 160000000 Hz[0m
[0;32mI (215) cpu_start: Application information:[0m
[0;32mI (218) cpu_start: Project name:     continuous_read[0m
[0;32mI (224) cpu_start: App version:      193a120-dirty[0m
[0;32mI (230) cpu_start: Compile time:     May 24 2024 13:58:59[0m
[0;32mI (236) cpu_start: ELF file SHA256:  41c7b79a5...[0m
[0;32mI (241) cpu_start: ESP-IDF:          v5.2.1-dirty[0m
[0;32mI (246) cpu_start: Min chip rev:     v0.0[0m
[0;32mI (251) cpu_start: Max chip rev:     v3.99 [0m
[0;32mI (256) cpu_start: Chip rev:         v3.1[0m
[0;32mI (261) heap_init: Initializing. RAM available for dynamic allocation:[0m
[0;32mI (268) heap_init: At 3FFAE6E0 len 00001920 (6 KiB): DRAM[0m
[0;32mI (274) heap_init: At 3FFB2B50 len 0002D4B0 (181 KiB): DRAM[0m
[0;32mI (280) heap_init: At 3FFE0440 len 00003AE0 (14 KiB): D/IRAM[0m
[0;32mI (287) heap_init: At 3FFE4350 len 0001BCB0 (111 KiB): D/IRAM[0m
[0;32mI (293) heap_init: At 4008D73C len 000128C4 (74 KiB): IRAM[0m
[0;32mI (301) spi_flash: detected chip: generic[0m
[0;32mI (304) spi_flash: flash io: dio[0m
[0;32mI (309) main_task: Started on CPU0[0m
[0;32mI (319) main_task: Calling app_main()[0m
[0;32mI (319) EXAMPLE: adc_pattern[0].atten is :0[0m
[0;32mI (319) EXAMPLE: adc_pattern[0].channel is :6[0m
[0;32mI (319) EXAMPLE: adc_pattern[0].unit is :0[0m
[0;32mI (329) gpio: GPIO[34]| InputEn: 0| OutputEn: 0| OpenDrain: 0| Pullup: 0| Pulldown: 0| Intr:0 [0m
[0;32mI (439) TASK: ret is 0, ret_num is 256 bytes[0m
[0;32mI (439) EXAMPLE: 40954095409540954095409540954095409540954095409540954095409540954095409540954095409540954095409540954095409540954095409540954095409540953409387424282544222523042112214519582001166419091474155812711375105711710816093604820583027703650142018500140080000000000297000009540752117010931450133415781591161616111748161616961671180916741742180518221783184718221954192718971967195419902107198421222113224921712271228623672372247424182536243427142695305729453259314134303397409535554095409540954095409540954095409540954095[0m
[0;32mI (489) TASK: ret is 0, ret_num is 256 bytes[0m

***ERROR*** A stack overflow in task IDLE1 has been detected.


Backtrace: 0x400816de:0x3ffb5880 0x400866d9:0x3ffb58a0 0x4008742e:0x3ffb58c0 0x40088443:0x3ffb5940 0x40087538:0x3ffb5960 0x400874ea:0x39303435 |<-CORRUPTED




ELF file SHA256: 41c7b79a5

Rebooting...
ets Jul 29 2019 12:21:46

rst:0xc (SW_CPU_RESET),boot:0x13 (SPI_FAST_FLASH_BOOT)
configsip: 0, SPIWP:0xee
clk_drv:0x00,q_drv:0x00,d_drv:0x00,cs0_drv:0x00,hd_drv:0x00,wp_drv:0x00
mode:DIO, clock div:2
load:0x3fff0030,len:7172
load:0x40078000,len:15540
load:0x40080400,len:4
ho 8 tail 4 room 4
load:0x40080404,len:3904
entry 0x40080640
[0;32mI (31) boot: ESP-IDF v5.2.1-dirty 2nd stage bootloader[0m
[0;32mI (31) boot: compile time May 24 2024 13:59:07[0m
[0;32mI (31) boot: Multicore bootloader[0m
[0;32mI (36) boot: chip revision: v3.1[0m
[0;32mI (40) boot.esp32: SPI Speed      : 40MHz[0m
[0;32mI (44) boot.esp32: SPI Mode       : DIO[0m
[0;32mI (49) boot.esp32: SPI Flash Size : 4MB[0m
[0;32mI (53) boot: Enabling RNG early entropy source...[0m
[0;32mI (59) boot: Partition Table:[0m
[0;32mI (62) boot: ## Label            Usage          Type ST Offset   Length[0m
[0;32mI (70) boot:  0 nvs              WiFi data        01 02 00009000 00006000[0m
[0;32mI (77) boot:  1 phy_init         RF data          01 01 0000f000 00001000[0m
[0;32mI (84) boot:  2 factory          factory app      00 00 00010000 00100000[0m
[0;32mI (92) boot: End of partition table[0m
[0;32mI (96) esp_image: segment 0: paddr=00010020 vaddr=3f400020 size=0b32ch ( 45868) map[0m
[0;32mI (120) esp_image: segment 1: paddr=0001b354 vaddr=3ffb0000 size=02274h (  8820) load[0m
[0;32mI (124) esp_image: segment 2: paddr=0001d5d0 vaddr=40080000 size=02a48h ( 10824) load[0m
[0;32mI (130) esp_image: segment 3: paddr=00020020 vaddr=400d0020 size=199c4h (104900) map[0m
[0;32mI (171) esp_image: segment 4: paddr=000399ec vaddr=40082a48 size=0acf4h ( 44276) load[0m
[0;32mI (195) boot: Loaded app from partition at offset 0x10000[0m
[0;32mI (195) boot: Disabling RNG early entropy source...[0m
[0;32mI (206) cpu_start: Multicore app[0m
[0;32mI (215) cpu_start: Pro cpu start user code[0m
[0;32mI (215) cpu_start: cpu freq: 160000000 Hz[0m
[0;32mI (215) cpu_start: Application information:[0m
[0;32mI (218) cpu_start: Project name:     continuous_read[0m
[0;32mI (224) cpu_start: App version:      193a120-dirty[0m
[0;32mI (229) cpu_start: Compile time:     May 24 2024 13:58:59[0m
[0;32mI (235) cpu_start: ELF file SHA256:  41c7b79a5...[0m
[0;32mI (241) cpu_start: ESP-IDF:          v5.2.1-dirty[0m
[0;32mI (246) cpu_start: Min chip rev:     v0.0[0m
[0;32mI (251) cpu_start: Max chip rev:     v3.99 [0m
[0;32mI (256) cpu_start: Chip rev:         v3.1[0m
[0;32mI (261) heap_init: Initializing. RAM available for dynamic allocation:[0m
[0;32mI (268) heap_init: At 3FFAE6E0 len 00001920 (6 KiB): DRAM[0m
[0;32mI (274) heap_init: At 3FFB2B50 len 0002D4B0 (181 KiB): DRAM[0m
[0;32mI (280) heap_init: At 3FFE0440 len 00003AE0 (14 KiB): D/IRAM[0m
[0;32mI (286) heap_init: At 3FFE4350 len 0001BCB0 (111 KiB): D/IRAM[0m
[0;32mI (293) heap_init: At 4008D73C len 000128C4 (74 KiB): IRAM[0m
[0;32mI (300) spi_flash: detected chip: generic[0m
[0;32mI (304) spi_flash: flash io: dio[0m
[0;32mI (308) main_task: Started on CPU0[0m
[0;32mI (318) main_task: Calling app_main()[0m
[0;32mI (318) EXAMPLE: adc_pattern[0].atten is :0[0m
[0;32mI (318) EXAMPLE: adc_pattern[0].channel is :6[0m
[0;32mI (318) EXAMPLE: adc_pattern[0].unit is :0[0m
[0;32mI (328) gpio: GPIO[34]| InputEn: 0| OutputEn: 0| OpenDrain: 0| Pullup: 0| Pulldown: 0| Intr:0 [0m
[0;32mI (438) TASK: ret is 0, ret_num is 256 bytes[0m
[0;32mI (438) EXAMPLE: 40954095409540954095409540954095409540954095409540954095409540954095409540954095409540954095409540954095374340952677310620392351169118411440152612351254107911940960103307810892036807000162026100310082000000000000000000000000000000000000000000290000114505181297120013921354147114531553155816091520162715941731157716801759176217301755176318351831187318281937185820321979215120462128210122302167229822062473239625592544271126082899280136323349409540764095409540954095409540954095409540954095409540954095409540954095[0m
[0;32mI (488) TASK: ret is 0, ret_num is 256 bytes[0m

***ERROR*** A stack overflow in task IDLE1 has been detected.


Backtrace: 0x400816de:0x3ffb5880 0x400866d9:0x3ffb58a0 0x4008742e:0x3ffb58c0 0x40088443:0x3ffb5940 0x40087538:0x3ffb5960 0x400874ea:0x39303435 |<-CORRUPTED




ELF file SHA256: 41c7b79a5

Rebooting...
ets Jul 29 2019 12:21:46

rst:0xc (SW_CPU_RESET),boot:0x13 (SPI_FAST_FLASH_BOOT)
configsip: 0, SPIWP:0xee
clk_drv:0x00,q_drv:0x00,d_drv:0x00,cs0_drv:0x00,hd_drv:0x00,wp_drv:0x00
mode:DIO, clock div:2
load:0x3fff0030,len:7172
load:0x40078000,len:15540
load:0x40080400,len:4
ho 8 tail 4 room 4
load:0x40080404,len:3904
entry 0x40080640
[0;32mI (31) boot: ESP-IDF v5.2.1-dirty 2nd stage bootloader[0m
[0;32mI (31) boot: compile time May 24 2024 13:59:07[0m
[0;32mI (31) boot: Multicore bootloader[0m
[0;32mI (36) boot: chip revision: v3.1[0m
[0;32mI (40) boot.esp32: SPI Speed      : 40MHz[0m
[0;32mI (44) boot.esp32: SPI Mode       : DIO[0m
[0;32mI (49) boot.esp32: SPI Flash Size : 4MB[0m
[0;32mI (53) boot: Enabling RNG early entropy source...[0m
[0;32mI (59) boot: Partition Table:[0m
[0;32mI (62) boot: ## Label            Usage          Type ST Offset   Length[0m
[0;32mI (70) boot:  0 nvs              WiFi data        01 02 00009000 00006000[0m
[0;32mI (77) boot:  1 phy_init         RF data          01 01 0000f000 00001000[0m
[0;32mI (84) boot:  2 factory          factory app      00 00 00010000 00100000[0m
[0;32mI (92) boot: End of partition table[0m
[0;32mI (96) esp_image: segment 0: paddr=00010020 vaddr=3f400020 size=0b32ch ( 45868) map[0m
[0;32mI (120) esp_image: segment 1: paddr=0001b354 vaddr=3ffb0000 size=02274h (  8820) load[0m
[0;32mI (124) esp_image: segment 2: paddr=0001d5d0 vaddr=40080000 size=02a48h ( 10824) load[0m
[0;32mI (130) esp_image: segment 3: paddr=00020020 vaddr=400d0020 size=199c4h (104900) map[0m
[0;32mI (171) esp_image: segment 4: paddr=000399ec vaddr=40082a48 size=0acf4h ( 44276) load[0m
[0;32mI (195) boot: Loaded app from partition at offset 0x10000[0m
[0;32mI (195) boot: Disabling RNG early entropy source...[0m
[0;32mI (206) cpu_start: Multicore app[0m
[0;32mI (215) cpu_start: Pro cpu start user code[0m
[0;32mI (215) cpu_start: cpu freq: 160000000 Hz[0m
[0;32mI (215) cpu_start: Application information:[0m
[0;32mI (218) cpu_start: Project name:     continuous_read[0m
[0;32mI (224) cpu_start: App version:      193a120-dirty[0m
[0;32mI (229) cpu_start: Compile time:     May 24 2024 13:58:59[0m
[0;32mI (235) cpu_start: ELF file SHA256:  41c7b79a5...[0m
[0;32mI (241) cpu_start: ESP-IDF:          v5.2.1-dirty[0m
[0;32mI (246) cpu_start: Min chip rev:     v0.0[0m
[0;32mI (251) cpu_start: Max chip rev:     v3.99 [0m
[0;32mI (256) cpu_start: Chip rev:         v3.1[0m
[0;32mI (261) heap_init: Initializing. RAM available for dynamic allocation:[0m
[0;32mI (268) heap_init: At 3FFAE6E0 len 00001920 (6 KiB): DRAM[0m
[0;32mI (274) heap_init: At 3FFB2B50 len 0002D4B0 (181 KiB): DRAM[0m
[0;32mI (280) heap_init: At 3FFE0440 len 00003AE0 (14 KiB): D/IRAM[0m
[0;32mI (286) heap_init: At 3FFE4350 len 0001BCB0 (111 KiB): D/IRAM[0m
[0;32mI (293) heap_init: At 4008D73C len 000128C4 (74 KiB): IRAM[0m
[0;32mI (300) spi_flash: detected chip: generic[0m
[0;32mI (304) spi_flash: flash io: dio[0m
[0;32mI (308) main_task: Started on CPU0[0m
[0;32mI (318) main_task: Calling app_main()[0m
[0;32mI (318) EXAMPLE: adc_pattern[0].atten is :0[0m
[0;32mI (318) EXAMPLE: adc_pattern[0].channel is :6[0m
[0;32mI (318) EXAMPLE: adc_pattern[0].unit is :0[0m
[0;32mI (328) gpio: GPIO[34]| InputEn: 0| OutputEn: 0| OpenDrain: 0| Pullup: 0| Pulldown: 0| Intr:0 [0m
[0;32mI (438) TASK: ret is 0, ret_num is 256 bytes[0m
[0;32mI (438) EXAMPLE: 40954095409540954095409540954095409540954095409540954095409540954095409540954095409540954095409534123879224530221989215118341933172517901553166412341296105711480816090505790715023404800029011200000000000000000000000000000000026200000802057810010880129611771313129114451363140813751392142315571523156115521596159916801677172116541739181518381824190418131934188220472061217221762229224523372288261423782765263530592853383934774095409540954095409540954095409540954095409540954095409540954095409540954095409540954095[0m
[0;32mI (488) TASK: ret is 0, ret_num is 256 bytes[0m

***ERROR*** A stack overflow in task IDLE1 has been detected.


Backtrace: 0x400816de:0x3ffb5880 0x400866d9:0x3ffb58a0 0x4008742e:0x3ffb58c0 0x40088443:0x3ffb5940 0x40087538:0x3ffb5960 0x400874ea:0x39303435 |<-CORRUPTED




ELF file SHA256: 41c7b79a5

Rebooting...
ets Jul 29 2019 12:21:46

rst:0xc (SW_CPU_RESET),boot:0x13 (SPI_FAST_FLASH_BOOT)
configsip: 0, SPIWP:0xee
clk_drv:0x00,q_drv:0x00,d_drv:0x00,cs0_drv:0x00,hd_drv:0x00,wp_drv:0x00
mode:DIO, clock div:2
load:0x3fff0030,len:7172
load:0x40078000,len:15540
load:0x40080400,len:4
ho 8 tail 4 room 4
load:0x40080404,len:3904
entry 0x40080640
[0;32mI (31) boot: ESP-IDF v5.2.1-dirty 2nd stage bootloader[0m
[0;32mI (31) boot: compile time May 24 2024 13:59:07[0m
[0;32mI (31) boot: Multicore bootloader[0m
[0;32mI (36) boot: chip revision: v3.1[0m
[0;32mI (40) boot.esp32: SPI Speed      : 40MHz[0m
[0;32mI (44) boot.esp32: SPI Mode       : DIO[0m
[0;32mI (49) boot.esp32: SPI Flash Size : 4MB[0m
[0;32mI (53) boot: Enabling RNG early entropy source...[0m
[0;32mI (59) boot: Partition Table:[0m
[0;32mI (62) boot: ## Label            Usage          Type ST Offset   Length[0m
[0;32mI (70) boot:  0 nvs              WiFi data        01 02 00009000 00006000[0m
[0;32mI (77) boot:  1 phy_init         RF data          01 01 0000f000 00001000[0m
[0;32mI (84) boot:  2 factory          factory app      00 00 00010000 00100000[0m
[0;32mI (92) boot: End of partition table[0m
[0;32mI (96) esp_image: segment 0: paddr=00010020 vaddr=3f400020 size=0b32ch ( 45868) map[0m
[0;32mI (120) esp_image: segment 1: paddr=0001b354 vaddr=3ffb0000 size=02274h (  8820) load[0m
[0;32mI (124) esp_image: segment 2: paddr=0001d5d0 vaddr=40080000 size=02a48h ( 10824) load[0m
[0;32mI (130) esp_image: segment 3: paddr=00020020 vaddr=400d0020 size=199c4h (104900) map[0m
[0;32mI (171) esp_image: segment 4: paddr=000399ec vaddr=40082a48 size=0acf4h ( 44276) load[0m
[0;32mI (195) boot: Loaded app from partition at offset 0x10000[0m
[0;32mI (195) boot: Disabling RNG early entropy source...[0m
[0;32mI (206) cpu_start: Multicore app[0m
[0;32mI (215) cpu_start: Pro cpu start user code[0m
[0;32mI (215) cpu_start: cpu freq: 160000000 Hz[0m
[0;32mI (215) cpu_start: Application information:[0m
[0;32mI (218) cpu_start: Project name:     continuous_read[0m
[0;32mI (224) cpu_start: App version:      193a120-dirty[0m
[0;32mI (229) cpu_start: Compile time:     May 24 2024 13:58:59[0m
[0;32mI (235) cpu_start: ELF file SHA256:  41c7b79a5...[0m
[0;32mI (241) cpu_start: ESP-IDF:          v5.2.1-dirty[0m
[0;32mI (246) cpu_start: Min chip rev:     v0.0[0m
[0;32mI (251) cpu_start: Max chip rev:     v3.99 [0m
[0;32mI (256) cpu_start: Chip rev:         v3.1[0m
[0;32mI (261) heap_init: Initializing. RAM available for dynamic allocation:[0m
[0;32mI (268) heap_init: At 3FFAE6E0 len 00001920 (6 KiB): DRAM[0m
[0;32mI (274) heap_init: At 3FFB2B50 len 0002D4B0 (181 KiB): DRAM[0m
[0;32mI (280) heap_init: At 3FFE0440 len 00003AE0 (14 KiB): D/IRAM[0m
[0;32mI (286) heap_init: At 3FFE4350 len 0001BCB0 (111 KiB): D/IRAM[0m
[0;32mI (293) heap_init: At 4008D73C len 000128C4 (74 KiB): IRAM[0m
[0;32mI (300) spi_flash: detected chip: generic[0m
[0;32mI (304) spi_flash: flash io: dio[0m
[0;32mI (308) main_task: Started on CPU0[0m
[0;32mI (318) main_task: Calling app_main()[0m
[0;32mI (318) EXAMPLE: adc_pattern[0].atten is :0[0m
[0;32mI (318) EXAMPLE: adc_pattern[0].channel is :6[0m
[0;32mI (318) EXAMPLE: adc_pattern[0].unit is :0[0m
[0;32mI (328) gpio: GPIO[34]| InputEn: 0| OutputEn: 0| OpenDrain: 0| Pullup: 0| Pulldown: 0| Intr:0 [0m
[0;32mI (438) TASK: ret is 0, ret_num is 256 bytes[0m
[0;32mI (438) EXAMPLE: 40954095409540954095409540954095409540954095409540954095409540954095409540954095409540953837406235443694319134293058312328602943267227742509260820592181185619651689176614661579111913780939101507910859033006940578018211011061127912371355133113791355134413891360140514381392147014981490143315301535161616201627159816501648179716941897178718721889194019842047199920641979211020642223207423712240356625144095409540954095409540954095409540954095409540954095409540954095409540954095409540954095409540954095409540954095[0m
[0;32mI (488) TASK: ret is 0, ret_num is 256 bytes[0m

***ERROR*** A stack overflow in task IDLE1 has been detected.


Backtrace: 0x400816de:0x3ffb5880 0x400866d9:0x3ffb58a0 0x4008742e:0x3ffb58c0 0x40088443:0x3ffb5940 0x40087538:0x3ffb5960 0x400874ea:0x39303435 |<-CORRUPTED




ELF file SHA256: 41c7b79a5

Rebooting...
ets Jul 29 2019 12:21:46

rst:0xc (SW_CPU_RESET),boot:0x13 (SPI_FAST_FLASH_BOOT)
configsip: 0, SPIWP:0xee
clk_drv:0x00,q_drv:0x00,d_drv:0x00,cs0_drv:0x00,hd_drv:0x00,wp_drv:0x00
mode:DIO, clock div:2
load:0x3fff0030,len:7172
load:0x40078000,len:15540
load:0x40080400,len:4
ho 8 tail 4 room 4
load:0x40080404,len:3904
entry 0x40080640
[0;32mI (31) boot: ESP-IDF v5.2.1-dirty 2nd stage bootloader[0m
[0;32mI (31) boot: compile time May 24 2024 13:59:07[0m
[0;32mI (31) boot: Multicore bootloader[0m
[0;32mI (36) boot: chip revision: v3.1[0m
[0;32mI (40) boot.esp32: SPI Speed      : 40MHz[0m
[0;32mI (44) boot.esp32: SPI Mode       : DIO[0m
[0;32mI (49) boot.esp32: SPI Flash Size : 4MB[0m
[0;32mI (53) boot: Enabling RNG early entropy source...[0m
[0;32mI (59) boot: Partition Table:[0m
[0;32mI (62) boot: ## Label            Usage          Type ST Offset   Length[0m
[0;32mI (70) boot:  0 nvs              WiFi data        01 02 00009000 00006000[0m
[0;32mI (77) boot:  1 phy_init         RF data          01 01 0000f000 00001000[0m
[0;32mI (84) boot:  2 factory          factory app      00 00 00010000 00100000[0m
[0;32mI (92) boot: End of partition table[0m
[0;32mI (96) esp_image: segment 0: paddr=00010020 vaddr=3f400020 size=0b32ch ( 45868) map[0m
[0;32mI (120) esp_image: segment 1: paddr=0001b354 vaddr=3ffb0000 size=02274h (  8820) load[0m
[0;32mI (124) esp_image: segment 2: paddr=0001d5d0 vaddr=40080000 size=02a48h ( 10824) load[0m
[0;32mI (130) esp_image: segment 3: paddr=00020020 vaddr=400d0020 size=199c4h (104900) map[0m
[0;32mI (171) esp_image: segment 4: paddr=000399ec vaddr=40082a48 size=0acf4h ( 44276) load[0m
[0;32mI (195) boot: Loaded app from partition at offset 0x10000[0m
[0;32mI (195) boot: Disabling RNG early entropy source...[0m
[0;32mI (206) cpu_start: Multicore app[0m
[0;32mI (215) cpu_start: Pro cpu start user code[0m
[0;32mI (215) cpu_start: cpu freq: 160000000 Hz[0m
[0;32mI (215) cpu_start: Application information:[0m
[0;32mI (218) cpu_start: Project name:     continuous_read[0m
[0;32mI (224) cpu_start: App version:      193a120-dirty[0m
[0;32mI (229) cpu_start: Compile time:     May 24 2024 13:58:59[0m
[0;32mI (235) cpu_start: ELF file SHA256:  41c7b79a5...[0m
[0;32mI (241) cpu_start: ESP-IDF:          v5.2.1-dirty[0m
[0;32mI (246) cpu_start: Min chip rev:     v0.0[0m
[0;32mI (251) cpu_start: Max chip rev:     v3.99 [0m
[0;32mI (256) cpu_start: Chip rev:         v3.1[0m
[0;32mI (261) heap_init: Initializing. RAM available for dynamic allocation:[0m
[0;32mI (268) heap_init: At 3FFAE6E0 len 00001920 (6 KiB): DRAM[0m
[0;32mI (274) heap_init: At 3FFB2B50 len 0002D4B0 (181 KiB): DRAM[0m
[0;32mI (280) heap_init: At 3FFE0440 len 00003AE0 (14 KiB): D/IRAM[0m
[0;32mI (286) heap_init: At 3FFE4350 len 0001BCB0 (111 KiB): D/IRAM[0m
[0;32mI (293) heap_init: At 4008D73C len 000128C4 (74 KiB): IRAM[0m
[0;32mI (300) spi_flash: detected chip: generic[0m
[0;32mI (304) spi_flash: flash io: dio[0m
[0;32mI (308) main_task: Started on CPU0[0m
[0;32mI (318) main_task: Calling app_main()[0m
[0;32mI (318) EXAMPLE: adc_pattern[0].atten is :0[0m
[0;32mI (318) EXAMPLE: adc_pattern[0].channel is :6[0m
[0;32mI (318) EXAMPLE: adc_pattern[0].unit is :0[0m
[0;32mI (328) gpio: GPIO[34]| InputEn: 0| OutputEn: 0| OpenDrain: 0| Pullup: 0| Pulldown: 0| Intr:0 [0m
[0;32mI (438) TASK: ret is 0, ret_num is 256 bytes[0m
[0;32mI (438) EXAMPLE: 40954095409540954095409540954095409540954095409540954095407740953743390732093323298930902806288626432719232025592173224420162096185319341709178114181488127613441140120610081082059409450626061006660654069906900720071307370732076807400784077507840775079607790807079508090803086408160857086208700869091209050942092809470944098509591008099310091011104010341074105411111091115311291202118412931243151413521615156816751648174417121813177719411911201519862101206121822138233322232416237824852450255525212628259728692752[0m
[0;32mI (488) TASK: ret is 0, ret_num is 256 bytes[0m

***ERROR*** A stack overflow in task IDLE1 has been detected.


Backtrace: 0x400816de:0x3ffb5880 0x400866d9:0x3ffb58a0 0x4008742e:0x3ffb58c0 0x40088443:0x3ffb5940 0x40087538:0x3ffb5960 0x400874ea:0x36393236 |<-CORRUPTED




ELF file SHA256: 41c7b79a5

Rebooting...
ets Jul 29 2019 12:21:46

rst:0xc (SW_CPU_RESET),boot:0x13 (SPI_FAST_FLASH_BOOT)
configsip: 0, SPIWP:0xee
clk_drv:0x00,q_drv:0x00,d_drv:0x00,cs0_drv:0x00,hd_drv:0x00,wp_drv:0x00
mode:DIO, clock div:2
load:0x3fff0030,len:7172
load:0x40078000,len:15540
load:0x40080400,len:4
ho 8 tail 4 room 4
load:0x40080404,len:3904
entry 0x40080640
[0;32mI (31) boot: ESP-IDF v5.2.1-dirty 2nd stage bootloader[0m
[0;32mI (31) boot: compile time May 24 2024 13:59:07[0m
[0;32mI (31) boot: Multicore bootloader[0m
[0;32mI (36) boot: chip revision: v3.1[0m
[0;32mI (40) boot.esp32: SPI Speed      : 40MHz[0m
[0;32mI (44) boot.esp32: SPI Mode       : DIO[0m
[0;32mI (49) boot.esp32: SPI Flash Size : 4MB[0m
[0;32mI (53) boot: Enabling RNG early entropy source...[0m
[0;32mI (59) boot: Partition Table:[0m
[0;32mI (62) boot: ## Label            Usage          Type ST Offset   Length[0m
[0;32mI (70) boot:  0 nvs              WiFi data        01 02 00009000 00006000[0m
[0;32mI (77) boot:  1 phy_init         RF data          01 01 0000f000 00001000[0m
[0;32mI (84) boot:  2 factory          factory app      00 00 00010000 00100000[0m
[0;32mI (92) boot: End of partition table[0m
[0;32mI (96) esp_image: segment 0: paddr=00010020 vaddr=3f400020 size=0b32ch ( 45868) map[0m
[0;32mI (120) esp_image: segment 1: paddr=0001b354 vaddr=3ffb0000 size=02274h (  8820) load[0m
[0;32mI (124) esp_image: segment 2: paddr=0001d5d0 vaddr=40080000 size=02a48h ( 10824) load[0m
[0;32mI (130) esp_image: segment 3: paddr=00020020 vaddr=400d0020 size=199c4h (104900) map[0m
[0;32mI (171) esp_image: segment 4: paddr=000399ec vaddr=40082a48 size=0acf4h ( 44276) load[0m
[0;32mI (195) boot: Loaded app from partition at offset 0x10000[0m
[0;32mI (195) boot: Disabling RNG early entropy source...[0m
[0;32mI (206) cpu_start: Multicore app[0m
[0;32mI (215) cpu_start: Pro cpu start user code[0m
[0;32mI (215) cpu_start: cpu freq: 160000000 Hz[0m
[0;32mI (215) cpu_start: Application information:[0m
[0;32mI (218) cpu_start: Project name:     continuous_read[0m
[0;32mI (224) cpu_start: App version:      193a120-dirty[0m
[0;32mI (229) cpu_start: Compile time:     May 24 2024 13:58:59[0m
[0;32mI (235) cpu_start: ELF file SHA256:  41c7b79a5...[0m
[0;32mI (241) cpu_start: ESP-IDF:          v5.2.1-dirty[0m
[0;32mI (246) cpu_start: Min chip rev:     v0.0[0m
[0;32mI (251) cpu_start: Max chip rev:     v3.99 [0m
[0;32mI (256) cpu_start: Chip rev:         v3.1[0m
[0;32mI (261) heap_init: Initializing. RAM available for dynamic allocation:[0m
[0;32mI (268) heap_init: At 3FFAE6E0 len 00001920 (6 KiB): DRAM[0m
[0;32mI (274) heap_init: At 3FFB2B50 len 0002D4B0 (181 KiB): DRAM[0m
[0;32mI (280) heap_init: At 3FFE0440 len 00003AE0 (14 KiB): D/IRAM[0m
[0;32mI (286) heap_init: At 3FFE4350 len 0001BCB0 (111 KiB): D/IRAM[0m
[0;32mI (293) heap_init: At 4008D73C len 000128C4 (74 KiB): IRAM[0m
[0;32mI (300) spi_flash: detected chip: generic[0m
[0;32mI (304) spi_flash: flash io: dio[0m
[0;32mI (308) main_task: Started on CPU0[0m
[0;32mI (318) main_task: Calling app_main()[0m
[0;32mI (318) EXAMPLE: adc_pattern[0].atten is :0[0m
[0;32mI (318) EXAMPLE: adc_pattern[0].channel is :6[0m
[0;32mI (318) EXAMPLE: adc_pattern[0].unit is :0[0m
[0;32mI (328) gpio: GPIO[34]| InputEn: 0| OutputEn: 0| OpenDrain: 0| Pullup: 0| Pulldown: 0| Intr:0 [0m
[0;32mI (438) TASK: ret is 0, ret_num is 256 bytes[0m
[0;32mI (438) EXAMPLE: 00000000000000000000000000000000000000000000000000000000000000000000000000000000000000000000000000000000000000000000000000000000000000000000000000000000000000000000000000000000000000000000000000000000000000000000000000000000000000000000000000000000000000000000000000000000000000000000000000000000000000000000000000000000000000000000000000000000000000000000000000000000000000000000000000000000000000000000000000000000000000000000000000000000000000000000000000000000000000000000000000000000000000000000000000000000[0m
[0;32mI (488) TASK: ret is 0, ret_num is 256 bytes[0m

***ERROR*** A stack overflow in task IDLE1 has been detected.


Backtrace: 0x400816de:0x3ffb5880 0x400866d9:0x3ffb58a0 0x4008742e:0x3ffb58c0 0x40088443:0x3ffb5940 0x40087538:0x3ffb5960 0x400874ea:0x30303030 |<-CORRUPTED




ELF file SHA256: 41c7b79a5

Rebooting...
ets Jul 29 2019 12:21:46

rst:0xc (SW_CPU_RESET),boot:0x13 (SPI_FAST_FLASH_BOOT)
configsip: 0, SPIWP:0xee
clk_drv:0x00,q_drv:0x00,d_drv:0x00,cs0_drv:0x00,hd_drv:0x00,wp_drv:0x00
mode:DIO, clock div:2
load:0x3fff0030,len:7172
load:0x40078000,len:15540
load:0x40080400,len:4
ho 8 tail 4 room 4
load:0x40080404,len:3904
entry 0x40080640
[0;32mI (31) boot: ESP-IDF v5.2.1-dirty 2nd stage bootloader[0m
[0;32mI (31) boot: compile time May 24 2024 13:59:07[0m
[0;32mI (31) boot: Multicore bootloader[0m
[0;32mI (36) boot: chip revision: v3.1[0m
[0;32mI (40) boot.esp32: SPI Speed      : 40MHz[0m
[0;32mI (44) boot.esp32: SPI Mode       : DIO[0m
[0;32mI (49) boot.esp32: SPI Flash Size : 4MB[0m
[0;32mI (53) boot: Enabling RNG early entropy source...[0m
[0;32mI (59) boot: Partition Table:[0m
[0;32mI (62) boot: ## Label            Usage          Type ST Offset   Length[0m
[0;32mI (70) boot:  0 nvs              WiFi data        01 02 00009000 00006000[0m
[0;32mI (77) boot:  1 phy_init         RF data          01 01 0000f000 00001000[0m
[0;32mI (84) boot:  2 factory          factory app      00 00 00010000 00100000[0m
[0;32mI (92) boot: End of partition table[0m
[0;32mI (96) esp_image: segment 0: paddr=00010020 vaddr=3f400020 size=0b32ch ( 45868) map[0m
[0;32mI (120) esp_image: segment 1: paddr=0001b354 vaddr=3ffb0000 size=02274h (  8820) load[0m
[0;32mI (124) esp_image: segment 2: paddr=0001d5d0 vaddr=40080000 size=02a48h ( 10824) load[0m
[0;32mI (130) esp_image: segment 3: paddr=00020020 vaddr=400d0020 size=199c4h (104900) map[0m
[0;32mI (171) esp_image: segment 4: paddr=000399ec vaddr=40082a48 size=0acf4h ( 44276) load[0m
[0;32mI (195) boot: Loaded app from partition at offset 0x10000[0m
[0;32mI (195) boot: Disabling RNG early entropy source...[0m
[0;32mI (206) cpu_start: Multicore app[0m
[0;32mI (215) cpu_start: Pro cpu start user code[0m
[0;32mI (215) cpu_start: cpu freq: 160000000 Hz[0m
[0;32mI (215) cpu_start: Application information:[0m
[0;32mI (218) cpu_start: Project name:     continuous_read[0m
[0;32mI (224) cpu_start: App version:      193a120-dirty[0m
[0;32mI (229) cpu_start: Compile time:     May 24 2024 13:58:59[0m
[0;32mI (235) cpu_start: ELF file SHA256:  41c7b79a5...[0m
[0;32mI (241) cpu_start: ESP-IDF:          v5.2.1-dirty[0m
[0;32mI (246) cpu_start: Min chip rev:     v0.0[0m
[0;32mI (251) cpu_start: Max chip rev:     v3.99 [0m
[0;32mI (256) cpu_start: Chip rev:         v3.1[0m
[0;32mI (261) heap_init: Initializing. RAM available for dynamic allocation:[0m
[0;32mI (268) heap_init: At 3FFAE6E0 len 00001920 (6 KiB): DRAM[0m
[0;32mI (274) heap_init: At 3FFB2B50 len 0002D4B0 (181 KiB): DRAM[0m
[0;32mI (280) heap_init: At 3FFE0440 len 00003AE0 (14 KiB): D/IRAM[0m
[0;32mI (286) heap_init: At 3FFE4350 len 0001BCB0 (111 KiB): D/IRAM[0m
[0;32mI (293) heap_init: At 4008D73C len 000128C4 (74 KiB): IRAM[0m
[0;32mI (300) spi_flash: detected chip: generic[0m
[0;32mI (304) spi_flash: flash io: dio[0m
[0;32mI (308) main_task: Started on CPU0[0m
[0;32mI (318) main_task: Calling app_main()[0m
[0;32mI (318) EXAMPLE: adc_pattern[0].atten is :0[0m
[0;32mI (318) EXAMPLE: adc_pattern[0].channel is :6[0m
[0;32mI (318) EXAMPLE: adc_pattern[0].unit is :0[0m
[0;32mI (328) gpio: GPIO[34]| InputEn: 0| OutputEn: 0| OpenDrain: 0| Pullup: 0| Pulldown: 0| Intr:0 [0m
[0;32mI (438) TASK: ret is 0, ret_num is 256 bytes[0m
[0;32mI (438) EXAMPLE: 00000000000000000000000000000000000000000000000000000000000000000000000000000000000000000000000000000000000000000000000000000000000000000000000000000000000000000000000000000000000000000000000000000000000000000000000000000000000000000000000000000000000000000000000000000000000000000000000000000000000000000000000000000000000000000000000000000000000000000000000000000000000000000000000000000000000000000000000000000000000000000000000000000000000000000000000000000000000000000000000000000000000000000000000000000000[0m
[0;32mI (488) TASK: ret is 0, ret_num is 256 bytes[0m

***ERROR*** A stack overflow in task IDLE1 has been detected.


Backtrace: 0x400816de:0x3ffb5880 0x400866d9:0x3ffb58a0 0x4008742e:0x3ffb58c0 0x40088443:0x3ffb5940 0x40087538:0x3ffb5960 0x400874ea:0x30303030 |<-CORRUPTED




ELF file SHA256: 41c7b79a5

Rebooting...
ets Jul 29 2019 12:21:46

rst:0xc (SW_CPU_RESET),boot:0x13 (SPI_FAST_FLASH_BOOT)
configsip: 0, SPIWP:0xee
clk_drv:0x00,q_drv:0x00,d_drv:0x00,cs0_drv:0x00,hd_drv:0x00,wp_drv:0x00
mode:DIO, clock div:2
load:0x3fff0030,len:7172
load:0x40078000,len:15540
load:0x40080400,len:4
ho 8 tail 4 room 4
load:0x40080404,len:3904
entry 0x40080640
[0;32mI (31) boot: ESP-IDF v5.2.1-dirty 2nd stage bootloader[0m
[0;32mI (31) boot: compile time May 24 2024 13:59:07[0m
[0;32mI (31) boot: Multicore bootloader[0m
[0;32mI (36) boot: chip revision: v3.1[0m
[0;32mI (40) boot.esp32: SPI Speed      : 40MHz[0m
[0;32mI (44) boot.esp32: SPI Mode       : DIO[0m
[0;32mI (49) boot.esp32: SPI Flash Size : 4MB[0m
[0;32mI (53) boot: Enabling RNG early entropy source...[0m
[0;32mI (59) boot: Partition Table:[0m
[0;32mI (62) boot: ## Label            Usage          Type ST Offset   Length[0m
[0;32mI (70) boot:  0 nvs              WiFi data        01 02 00009000 00006000[0m
[0;32mI (77) boot:  1 phy_init         RF data          01 01 0000f000 00001000[0m
[0;32mI (84) boot:  2 factory          factory app      00 00 00010000 00100000[0m
[0;32mI (92) boot: End of partition table[0m
[0;32mI (96) esp_image: segment 0: paddr=00010020 vaddr=3f400020 size=0b32ch ( 45868) map[0m
[0;32mI (120) esp_image: segment 1: paddr=0001b354 vaddr=3ffb0000 size=02274h (  8820) load[0m
[0;32mI (124) esp_image: segment 2: paddr=0001d5d0 vaddr=40080000 size=02a48h ( 10824) load[0m
[0;32mI (130) esp_image: segment 3: paddr=00020020 vaddr=400d0020 size=199c4h (104900) map[0m
[0;32mI (171) esp_image: segment 4: paddr=000399ec vaddr=40082a48 size=0acf4h ( 44276) load[0m
[0;32mI (195) boot: Loaded app from partition at offset 0x10000[0m
[0;32mI (195) boot: Disabling RNG early entropy source...[0m
[0;32mI (206) cpu_start: Multicore app[0m
[0;32mI (215) cpu_start: Pro cpu start user code[0m
[0;32mI (215) cpu_start: cpu freq: 160000000 Hz[0m
